Component: ARM Compiler 5.05 update 1 (build 106) Tool: armlink [4d0efa]

==============================================================================

Section Cross References

    startup_stm32f407xx.o(RESET) refers to startup_stm32f407xx.o(STACK) for __initial_sp
    startup_stm32f407xx.o(RESET) refers to startup_stm32f407xx.o(.text) for Reset_Handler
    startup_stm32f407xx.o(RESET) refers to stm32f4xx_it.o(i.NMI_Handler) for NMI_Handler
    startup_stm32f407xx.o(RESET) refers to stm32f4xx_it.o(i.HardFault_Handler) for HardFault_Handler
    startup_stm32f407xx.o(RESET) refers to stm32f4xx_it.o(i.MemManage_Handler) for MemManage_Handler
    startup_stm32f407xx.o(RESET) refers to stm32f4xx_it.o(i.BusFault_Handler) for BusFault_Handler
    startup_stm32f407xx.o(RESET) refers to stm32f4xx_it.o(i.UsageFault_Handler) for UsageFault_Handler
    startup_stm32f407xx.o(RESET) refers to port.o(.emb_text) for SVC_Handler
    startup_stm32f407xx.o(RESET) refers to stm32f4xx_it.o(i.DebugMon_Handler) for DebugMon_Handler
    startup_stm32f407xx.o(RESET) refers to stm32f4xx_it.o(i.SysTick_Handler) for SysTick_Handler
    startup_stm32f407xx.o(RESET) refers to stm32f4xx_it.o(i.TIM2_IRQHandler) for TIM2_IRQHandler
    startup_stm32f407xx.o(.text) refers to system_stm32f4xx.o(i.SystemInit) for SystemInit
    startup_stm32f407xx.o(.text) refers to entry.o(.ARM.Collect$$$$00000000) for __main
    lcd.o(i.LCD_Clear) refers to lcd.o(i.LCD_SetCursor) for LCD_SetCursor
    lcd.o(i.LCD_Clear) refers to lcd.o(i.LCD_WriteRAM_Prepare) for LCD_WriteRAM_Prepare
    lcd.o(i.LCD_Clear) refers to lcd.o(.bss) for .bss
    lcd.o(i.LCD_Color_Fill) refers to lcd.o(i.LCD_SetCursor) for LCD_SetCursor
    lcd.o(i.LCD_Color_Fill) refers to lcd.o(i.LCD_WriteRAM_Prepare) for LCD_WriteRAM_Prepare
    lcd.o(i.LCD_DisplayOff) refers to lcd.o(i.LCD_WriteReg) for LCD_WriteReg
    lcd.o(i.LCD_DisplayOff) refers to lcd.o(i.LCD_WR_REG) for LCD_WR_REG
    lcd.o(i.LCD_DisplayOff) refers to lcd.o(.bss) for .bss
    lcd.o(i.LCD_DisplayOn) refers to lcd.o(i.LCD_WriteReg) for LCD_WriteReg
    lcd.o(i.LCD_DisplayOn) refers to lcd.o(i.LCD_WR_REG) for LCD_WR_REG
    lcd.o(i.LCD_DisplayOn) refers to lcd.o(.bss) for .bss
    lcd.o(i.LCD_Display_Dir) refers to lcd.o(i.LCD_Scan_Dir) for LCD_Scan_Dir
    lcd.o(i.LCD_Display_Dir) refers to lcd.o(.bss) for .bss
    lcd.o(i.LCD_DrawLine) refers to lcd.o(i.LCD_DrawPoint) for LCD_DrawPoint
    lcd.o(i.LCD_DrawPoint) refers to lcd.o(i.LCD_SetCursor) for LCD_SetCursor
    lcd.o(i.LCD_DrawPoint) refers to lcd.o(i.LCD_WriteRAM_Prepare) for LCD_WriteRAM_Prepare
    lcd.o(i.LCD_DrawPoint) refers to lcd.o(.data) for .data
    lcd.o(i.LCD_DrawRectangle) refers to lcd.o(i.LCD_DrawLine) for LCD_DrawLine
    lcd.o(i.LCD_Draw_Circle) refers to lcd.o(i.LCD_DrawPoint) for LCD_DrawPoint
    lcd.o(i.LCD_Fast_DrawPoint) refers to lcd.o(i.LCD_WR_REG) for LCD_WR_REG
    lcd.o(i.LCD_Fast_DrawPoint) refers to lcd.o(i.LCD_WR_DATA) for LCD_WR_DATA
    lcd.o(i.LCD_Fast_DrawPoint) refers to lcd.o(i.LCD_WriteReg) for LCD_WriteReg
    lcd.o(i.LCD_Fast_DrawPoint) refers to lcd.o(.bss) for .bss
    lcd.o(i.LCD_Fill) refers to lcd.o(i.LCD_SetCursor) for LCD_SetCursor
    lcd.o(i.LCD_Fill) refers to lcd.o(i.LCD_WriteRAM_Prepare) for LCD_WriteRAM_Prepare
    lcd.o(i.LCD_Fill) refers to lcd.o(.bss) for .bss
    lcd.o(i.LCD_Init) refers to cmsis_os.o(i.osDelay) for osDelay
    lcd.o(i.LCD_Init) refers to lcd.o(i.LCD_WriteReg) for LCD_WriteReg
    lcd.o(i.LCD_Init) refers to lcd.o(i.LCD_ReadReg) for LCD_ReadReg
    lcd.o(i.LCD_Init) refers to lcd.o(i.LCD_WR_REG) for LCD_WR_REG
    lcd.o(i.LCD_Init) refers to lcd.o(i.LCD_RD_DATA) for LCD_RD_DATA
    lcd.o(i.LCD_Init) refers to lcd.o(.bss) for .bss
    lcd.o(i.LCD_Init) refers to delay.o(i.opt_delay) for opt_delay
    lcd.o(i.LCD_Init) refers to lcd.o(i.LCD_Display_Dir) for LCD_Display_Dir
    lcd.o(i.LCD_Init) refers to lcd.o(i.LCD_Clear) for LCD_Clear
    lcd.o(i.LCD_ReadPoint) refers to lcd.o(i.LCD_SetCursor) for LCD_SetCursor
    lcd.o(i.LCD_ReadPoint) refers to lcd.o(i.LCD_WR_REG) for LCD_WR_REG
    lcd.o(i.LCD_ReadPoint) refers to delay.o(i.opt_delay) for opt_delay
    lcd.o(i.LCD_ReadPoint) refers to lcd.o(i.LCD_RD_DATA) for LCD_RD_DATA
    lcd.o(i.LCD_ReadPoint) refers to lcd.o(i.LCD_BGR2RGB) for LCD_BGR2RGB
    lcd.o(i.LCD_ReadPoint) refers to lcd.o(.bss) for .bss
    lcd.o(i.LCD_ReadReg) refers to lcd.o(i.LCD_WR_REG) for LCD_WR_REG
    lcd.o(i.LCD_ReadReg) refers to delay.o(i.opt_delay) for opt_delay
    lcd.o(i.LCD_ReadReg) refers to lcd.o(i.LCD_RD_DATA) for LCD_RD_DATA
    lcd.o(i.LCD_SSD_BackLightSet) refers to lcd.o(i.LCD_WR_REG) for LCD_WR_REG
    lcd.o(i.LCD_SSD_BackLightSet) refers to lcd.o(i.LCD_WR_DATA) for LCD_WR_DATA
    lcd.o(i.LCD_SSD_BackLightSet) refers to dfltui.o(.text) for __aeabi_ui2d
    lcd.o(i.LCD_SSD_BackLightSet) refers to dmul.o(.text) for __aeabi_dmul
    lcd.o(i.LCD_SSD_BackLightSet) refers to dfixui.o(.text) for __aeabi_d2uiz
[...]
    Removing stm32f4xx_hal.o(i.HAL_SetTickFreq), (28 bytes).
    Removing stm32f4xx_hal.o(i.HAL_SuspendTick), (14 bytes).
    Removing system_stm32f4xx.o(.rev16_text), (4 bytes).
    Removing system_stm32f4xx.o(.revsh_text), (4 bytes).
    Removing system_stm32f4xx.o(.rrx_text), (6 bytes).
    Removing system_stm32f4xx.o(i.SystemCoreClockUpdate), (120 bytes).
    Removing heap_4.o(.rev16_text), (4 bytes).
    Removing heap_4.o(.revsh_text), (4 bytes).
    Removing heap_4.o(.rrx_text), (6 bytes).
    Removing heap_4.o(i.vPortInitialiseBlocks), (2 bytes).
    Removing heap_4.o(i.xPortGetFreeHeapSize), (12 bytes).
    Removing heap_4.o(i.xPortGetMinimumEverFreeHeapSize), (12 bytes).
    Removing port.o(.rev16_text), (4 bytes).
    Removing port.o(.revsh_text), (4 bytes).
    Removing port.o(.rrx_text), (6 bytes).
    Removing port.o(i.vPortEndScheduler), (32 bytes).
    Removing port.o(i.vPortValidateInterruptPriority), (84 bytes).
    Removing croutine.o(.rev16_text), (4 bytes).
    Removing croutine.o(.revsh_text), (4 bytes).
    Removing croutine.o(.rrx_text), (6 bytes).
    Removing event_groups.o(.rev16_text), (4 bytes).
    Removing event_groups.o(.revsh_text), (4 bytes).
    Removing event_groups.o(.rrx_text), (6 bytes).
    Removing event_groups.o(i.prvTestWaitCondition), (20 bytes).
    Removing event_groups.o(i.vEventGroupClearBitsCallback), (4 bytes).
    Removing event_groups.o(i.vEventGroupDelete), (70 bytes).
    Removing event_groups.o(i.vEventGroupSetBitsCallback), (4 bytes).
    Removing event_groups.o(i.xEventGroupClearBits), (64 bytes).
    Removing event_groups.o(i.xEventGroupCreate), (26 bytes).
    Removing event_groups.o(i.xEventGroupGetBitsFromISR), (26 bytes).
    Removing event_groups.o(i.xEventGroupSetBits), (140 bytes).
    Removing event_groups.o(i.xEventGroupSync), (204 bytes).
    Removing event_groups.o(i.xEventGroupWaitBits), (264 bytes).
    Removing list.o(.rev16_text), (4 bytes).
    Removing list.o(.revsh_text), (4 bytes).
    Removing list.o(.rrx_text), (6 bytes).
    Removing queue.o(.rev16_text), (4 bytes).
    Removing queue.o(.revsh_text), (4 bytes).
    Removing queue.o(.rrx_text), (6 bytes).
    Removing queue.o(i.pcQueueGetName), (40 bytes).
    Removing queue.o(i.prvCopyDataFromQueue), (38 bytes).
    Removing queue.o(i.prvIsQueueEmpty), (28 bytes).
    Removing queue.o(i.uxQueueMessagesWaiting), (36 bytes).
    Removing queue.o(i.uxQueueMessagesWaitingFromISR), (22 bytes).
    Removing queue.o(i.uxQueueSpacesAvailable), (40 bytes).
    Removing queue.o(i.vQueueAddToRegistry), (40 bytes).
    Removing queue.o(i.vQueueDelete), (36 bytes).
    Removing queue.o(i.vQueueUnregisterQueue), (40 bytes).
    Removing queue.o(i.xQueueCreateMutex), (36 bytes).
    Removing queue.o(i.xQueueGenericReceive), (364 bytes).
    Removing queue.o(i.xQueueGenericSendFromISR), (188 bytes).
    Removing queue.o(i.xQueueGiveFromISR), (156 bytes).
    Removing queue.o(i.xQueueIsQueueEmptyFromISR), (30 bytes).
    Removing queue.o(i.xQueueIsQueueFullFromISR), (34 bytes).
    Removing queue.o(i.xQueuePeekFromISR), (116 bytes).
    Removing queue.o(i.xQueueReceiveFromISR), (154 bytes).
    Removing queue.o(.bss), (64 bytes).
    Removing tasks.o(.rev16_text), (4 bytes).
    Removing tasks.o(.revsh_text), (4 bytes).
    Removing tasks.o(.rrx_text), (6 bytes).
    Removing tasks.o(i.pcTaskGetName), (32 bytes).
    Removing tasks.o(i.prvTaskIsTaskSuspended), (52 bytes).
    Removing tasks.o(i.pvTaskIncrementMutexHeldCount), (24 bytes).
    Removing tasks.o(i.ulTaskNotifyTake), (104 bytes).
    Removing tasks.o(i.uxTaskGetNumberOfTasks), (12 bytes).
    Removing tasks.o(i.uxTaskPriorityGet), (28 bytes).
    Removing tasks.o(i.uxTaskPriorityGetFromISR), (44 bytes).
    Removing tasks.o(i.uxTaskResetEventItemValue), (24 bytes).
    Removing tasks.o(i.vTaskDelete), (172 bytes).
    Removing tasks.o(i.vTaskEndScheduler), (28 bytes).
    Removing tasks.o(i.vTaskNotifyGiveFromISR), (184 bytes).
    Removing tasks.o(i.vTaskPlaceOnUnorderedEventList), (80 bytes).
    Removing tasks.o(i.vTaskPriorityInherit), (132 bytes).
    Removing tasks.o(i.vTaskPrioritySet), (196 bytes).
    Removing tasks.o(i.vTaskResume), (124 bytes).
    Removing tasks.o(i.vTaskSuspend), (176 bytes).
    Removing tasks.o(i.xTaskGenericNotify), (204 bytes).
    Removing tasks.o(i.xTaskGenericNotifyFromISR), (240 bytes).
    Removing tasks.o(i.xTaskGetCurrentTaskHandle), (12 bytes).
    Removing tasks.o(i.xTaskGetTickCount), (12 bytes).
    Removing tasks.o(i.xTaskGetTickCountFromISR), (16 bytes).
    Removing tasks.o(i.xTaskNotifyStateClear), (52 bytes).
    Removing tasks.o(i.xTaskNotifyWait), (140 bytes).
    Removing tasks.o(i.xTaskRemoveFromUnorderedEventList), (120 bytes).
    Removing tasks.o(i.xTaskResumeFromISR), (136 bytes).
    Removing timers.o(.rev16_text), (4 bytes).
    Removing timers.o(.revsh_text), (4 bytes).
    Removing timers.o(.rrx_text), (6 bytes).
    Removing cmsis_os.o(.rev16_text), (4 bytes).
    Removing cmsis_os.o(.revsh_text), (4 bytes).
    Removing cmsis_os.o(.rrx_text), (6 bytes).
    Removing cmsis_os.o(i.inHandlerMode), (12 bytes).
    Removing cmsis_os.o(i.makeCmsisPriority), (14 bytes).
    Removing cmsis_os.o(i.osAbortDelay), (4 bytes).
    Removing cmsis_os.o(i.osDelayUntil), (4 bytes).
    Removing cmsis_os.o(i.osKernelRunning), (18 bytes).
    Removing cmsis_os.o(i.osKernelSysTick), (24 bytes).
    Removing cmsis_os.o(i.osMailAlloc), (12 bytes).
    Removing cmsis_os.o(i.osMailCAlloc), (32 bytes).
    Removing cmsis_os.o(i.osMailCreate), (92 bytes).
    Removing cmsis_os.o(i.osMailFree), (12 bytes).
    Removing cmsis_os.o(i.osMailGet), (148 bytes).
    Removing cmsis_os.o(i.osMailPut), (92 bytes).
    Removing cmsis_os.o(i.osMessageAvailableSpace), (4 bytes).
    Removing cmsis_os.o(i.osMessageCreate), (8 bytes).
    Removing cmsis_os.o(i.osMessageDelete), (24 bytes).
    Removing cmsis_os.o(i.osMessageGet), (152 bytes).
    Removing cmsis_os.o(i.osMessagePeek), (78 bytes).
    Removing cmsis_os.o(i.osMessagePut), (92 bytes).
    Removing cmsis_os.o(i.osMessageWaiting), (30 bytes).
    Removing cmsis_os.o(i.osMutexCreate), (6 bytes).
    Removing cmsis_os.o(i.osMutexDelete), (24 bytes).
    Removing cmsis_os.o(i.osMutexRelease), (80 bytes).
    Removing cmsis_os.o(i.osMutexWait), (104 bytes).
    Removing cmsis_os.o(i.osPoolAlloc), (106 bytes).
    Removing cmsis_os.o(i.osPoolCAlloc), (16 bytes).
    Removing cmsis_os.o(i.osPoolCreate), (94 bytes).
    Removing cmsis_os.o(i.osPoolFree), (48 bytes).
    Removing cmsis_os.o(i.osRecursiveMutexCreate), (4 bytes).
    Removing cmsis_os.o(i.osRecursiveMutexRelease), (4 bytes).
    Removing cmsis_os.o(i.osRecursiveMutexWait), (4 bytes).
    Removing cmsis_os.o(i.osSemaphoreDelete), (24 bytes).
    Removing cmsis_os.o(i.osSemaphoreGetCount), (4 bytes).
    Removing cmsis_os.o(i.osSemaphoreRelease), (80 bytes).
    Removing cmsis_os.o(i.osSemaphoreWait), (104 bytes).
    Removing cmsis_os.o(i.osSignalSet), (92 bytes).
    Removing cmsis_os.o(i.osSignalWait), (86 bytes).
    Removing cmsis_os.o(i.osThreadGetId), (4 bytes).
    Removing cmsis_os.o(i.osThreadGetPriority), (32 bytes).
    Removing cmsis_os.o(i.osThreadList), (4 bytes).
    Removing cmsis_os.o(i.osThreadResume), (52 bytes).
    Removing cmsis_os.o(i.osThreadResumeAll), (18 bytes).
    Removing cmsis_os.o(i.osThreadSetPriority), (22 bytes).
    Removing cmsis_os.o(i.osThreadSuspend), (10 bytes).
    Removing cmsis_os.o(i.osThreadSuspendAll), (10 bytes).
    Removing cmsis_os.o(i.osThreadTerminate), (10 bytes).
    Removing cmsis_os.o(i.osThreadYield), (24 bytes).
    Removing cmsis_os.o(i.osTimerCreate), (4 bytes).
    Removing cmsis_os.o(i.osTimerDelete), (4 bytes).
    Removing cmsis_os.o(i.osTimerStart), (4 bytes).
    Removing cmsis_os.o(i.osTimerStop), (4 bytes).
    Removing dmul.o(.text), (228 bytes).
    Removing dfltui.o(.text), (26 bytes).
    Removing dfixui.o(.text), (50 bytes).
    Removing depilogue.o(.text), (186 bytes).

545 unused section(s) (total 32694 bytes) removed from the image.

==============================================================================

Image Symbol Table

    Local Symbols

    Symbol Name                              Value     Ov Type        Size  Object(Section)

    ..//Src/system_stm32f4xx.c               0x00000000   Number         0  system_stm32f4xx.o ABSOLUTE
    ../Drivers/STM32F4xx_HAL_Driver/Src/stm32f4xx_hal.c 0x00000000   Number         0  stm32f4xx_hal.o ABSOLUTE
    ../Drivers/STM32F4xx_HAL_Driver/Src/stm32f4xx_hal_cortex.c 0x00000000   Number         0  stm32f4xx_hal_cortex.o ABSOLUTE
    ../Drivers/STM32F4xx_HAL_Driver/Src/stm32f4xx_hal_dma.c 0x00000000   Number         0  stm32f4xx_hal_dma.o ABSOLUTE
    ../Drivers/STM32F4xx_HAL_Driver/Src/stm32f4xx_hal_dma_ex.c 0x00000000   Number         0  stm32f4xx_hal_dma_ex.o ABSOLUTE
    ../Drivers/STM32F4xx_HAL_Driver/Src/stm32f4xx_hal_flash.c 0x00000000   Number         0  stm32f4xx_hal_flash.o ABSOLUTE
    ../Drivers/STM32F4xx_HAL_Driver/Src/stm32f4xx_hal_flash_ex.c 0x00000000   Number         0  stm32f4xx_hal_flash_ex.o ABSOLUTE
    ../Drivers/STM32F4xx_HAL_Driver/Src/stm32f4xx_hal_flash_ramfunc.c 0x00000000   Number         0  stm32f4xx_hal_flash_ramfunc.o ABSOLUTE
    ../Drivers/STM32F4xx_HAL_Driver/Src/stm32f4xx_hal_gpio.c 0x00000000   Number         0  stm32f4xx_hal_gpio.o ABSOLUTE
    ../Drivers/STM32F4xx_HAL_Driver/Src/stm32f4xx_hal_pwr.c 0x00000000   Number         0  stm32f4xx_hal_pwr.o ABSOLUTE
    ../Drivers/STM32F4xx_HAL_Driver/Src/stm32f4xx_hal_pwr_ex.c 0x00000000   Number         0  stm32f4xx_hal_pwr_ex.o ABSOLUTE
    ../Drivers/STM32F4xx_HAL_Driver/Src/stm32f4xx_hal_rcc.c 0x00000000   Number         0  stm32f4xx_hal_rcc.o ABSOLUTE
    ../Drivers/STM32F4xx_HAL_Driver/Src/stm32f4xx_hal_rcc_ex.c 0x00000000   Number         0  stm32f4xx_hal_rcc_ex.o ABSOLUTE
    ../Drivers/STM32F4xx_HAL_Driver/Src/stm32f4xx_hal_sram.c 0x00000000   Number         0  stm32f4xx_hal_sram.o ABSOLUTE
    ../Drivers/STM32F4xx_HAL_Driver/Src/stm32f4xx_hal_tim.c 0x00000000   Number         0  stm32f4xx_hal_tim.o ABSOLUTE
    ../Drivers/STM32F4xx_HAL_Driver/Src/stm32f4xx_hal_tim_ex.c 0x00000000   Number         0  stm32f4xx_hal_tim_ex.o ABSOLUTE
    ../Drivers/STM32F4xx_HAL_Driver/Src/stm32f4xx_ll_fsmc.c 0x00000000   Number         0  stm32f4xx_ll_fsmc.o ABSOLUTE
    ../Middlewares/Third_Party/FreeRTOS/Source/CMSIS_RTOS/cmsis_os.c 0x00000000   Number         0  cmsis_os.o ABSOLUTE
    ../Middlewares/Third_Party/FreeRTOS/Source/croutine.c 0x00000000   Number         0  croutine.o ABSOLUTE
    ../Middlewares/Third_Party/FreeRTOS/Source/event_groups.c 0x00000000   Number         0  event_groups.o ABSOLUTE
    ../Middlewares/Third_Party/FreeRTOS/Source/list.c 0x00000000   Number         0  list.o ABSOLUTE
    ../Middlewares/Third_Party/FreeRTOS/Source/portable/MemMang/heap_4.c 0x00000000   Number         0  heap_4.o ABSOLUTE
    ../Middlewares/Third_Party/FreeRTOS/Source/portable/RVDS/ARM_CM4F/port.c 0x00000000   Number         0  port.o ABSOLUTE
    ../Middlewares/Third_Party/FreeRTOS/Source/queue.c 0x00000000   Number         0  queue.o ABSOLUTE
    ../Middlewares/Third_Party/FreeRTOS/Source/tasks.c 0x00000000   Number         0  tasks.o ABSOLUTE
    ../Middlewares/Third_Party/FreeRTOS/Source/timers.c 0x00000000   Number         0  timers.o ABSOLUTE
    ../Src/freertos.c                        0x00000000   Number         0  freertos.o ABSOLUTE
    ../Src/fsmc.c                            0x00000000   Number         0  fsmc.o ABSOLUTE
    ../Src/gpio.c                            0x00000000   Number         0  gpio.o ABSOLUTE
    ../Src/main.c                            0x00000000   Number         0  main.o ABSOLUTE
    ../Src/stm32f4xx_hal_msp.c               0x00000000   Number         0  stm32f4xx_hal_msp.o ABSOLUTE
    ../Src/stm32f4xx_hal_timebase_TIM.c      0x00000000   Number         0  stm32f4xx_hal_timebase_tim.o ABSOLUTE
    ../Src/stm32f4xx_it.c                    0x00000000   Number         0  stm32f4xx_it.o ABSOLUTE
    ../clib/microlib/division.c              0x00000000   Number         0  uldiv.o ABSOLUTE
    ../clib/microlib/init/entry.s            0x00000000   Number         0  entry.o ABSOLUTE
    ../clib/microlib/init/entry.s            0x00000000   Number         0  entry7b.o ABSOLUTE
    ../clib/microlib/init/entry.s            0x00000000   Number         0  entry2.o ABSOLUTE
    ../clib/microlib/init/entry.s            0x00000000   Number         0  entry5.o ABSOLUTE
    ../clib/microlib/init/entry.s            0x00000000   Number         0  entry7a.o ABSOLUTE
    ../clib/microlib/init/entry.s            0x00000000   Number         0  entry8a.o ABSOLUTE
    ../clib/microlib/init/entry.s            0x00000000   Number         0  entry8b.o ABSOLUTE
    ../clib/microlib/init/entry.s            0x00000000   Number         0  entry9a.o ABSOLUTE
    ../clib/microlib/init/entry.s            0x00000000   Number         0  entry9b.o ABSOLUTE
    ../clib/microlib/init/entry.s            0x00000000   Number         0  entry11a.o ABSOLUTE
    ../clib/microlib/init/entry.s            0x00000000   Number         0  entry10a.o ABSOLUTE
    ../clib/microlib/init/entry.s            0x00000000   Number         0  entry11b.o ABSOLUTE
    ../clib/microlib/init/entry.s            0x00000000   Number         0  entry10b.o ABSOLUTE
    ../clib/microlib/longlong.c              0x00000000   Number         0  llushr.o ABSOLUTE
    ../clib/microlib/longlong.c              0x00000000   Number         0  llshl.o ABSOLUTE
    ../clib/microlib/string/memcpy.c         0x00000000   Number         0  memcpyb.o ABSOLUTE
    ../clib/microlib/string/memcpy.c         0x00000000   Number         0  memcpya.o ABSOLUTE
    ../clib/microlib/string/strcmp.c         0x00000000   Number         0  strcmp.o ABSOLUTE
    ../clib/microlib/stubs.s                 0x00000000   Number         0  iusefp.o ABSOLUTE
    ../fplib/microlib/fpepilogue.c           0x00000000   Number         0  depilogue.o ABSOLUTE
    ../fplib/microlib/fpfix.c                0x00000000   Number         0  dfixui.o ABSOLUTE
    ../fplib/microlib/fpflt.c                0x00000000   Number         0  dfltui.o ABSOLUTE
    ../fplib/microlib/fpmul.c                0x00000000   Number         0  dmul.o ABSOLUTE
    ..\Drivers\STM32F4xx_HAL_Driver\Src\stm32f4xx_hal.c 0x00000000   Number         0  stm32f4xx_hal.o ABSOLUTE
    ..\Drivers\STM32F4xx_HAL_Driver\Src\stm32f4xx_hal_cortex.c 0x00000000   Number         0  stm32f4xx_hal_cortex.o ABSOLUTE
    ..\Drivers\STM32F4xx_HAL_Driver\Src\stm32f4xx_hal_dma.c 0x00000000   Number         0  stm32f4xx_hal_dma.o ABSOLUTE
    ..\Drivers\STM32F4xx_HAL_Driver\Src\stm32f4xx_hal_dma_ex.c 0x00000000   Number         0  stm32f4xx_hal_dma_ex.o ABSOLUTE
    ..\Drivers\STM32F4xx_HAL_Driver\Src\stm32f4xx_hal_flash.c 0x00000000   Number         0  stm32f4xx_hal_flash.o ABSOLUTE
    ..\Drivers\STM32F4xx_HAL_Driver\Src\stm32f4xx_hal_flash_ex.c 0x00000000   Number         0  stm32f4xx_hal_flash_ex.o ABSOLUTE
    ..\Drivers\STM32F4xx_HAL_Driver\Src\stm32f4xx_hal_flash_ramfunc.c 0x00000000   Number         0  stm32f4xx_hal_flash_ramfunc.o ABSOLUTE
    ..\Drivers\STM32F4xx_HAL_Driver\Src\stm32f4xx_hal_gpio.c 0x00000000   Number         0  stm32f4xx_hal_gpio.o ABSOLUTE
    ..\Drivers\STM32F4xx_HAL_Driver\Src\stm32f4xx_hal_pwr.c 0x00000000   Number         0  stm32f4xx_hal_pwr.o ABSOLUTE
    ..\Drivers\STM32F4xx_HAL_Driver\Src\stm32f4xx_hal_pwr_ex.c 0x00000000   Number         0  stm32f4xx_hal_pwr_ex.o ABSOLUTE
    ..\Drivers\STM32F4xx_HAL_Driver\Src\stm32f4xx_hal_rcc.c 0x00000000   Number         0  stm32f4xx_hal_rcc.o ABSOLUTE
    ..\Drivers\STM32F4xx_HAL_Driver\Src\stm32f4xx_hal_rcc_ex.c 0x00000000   Number         0  stm32f4xx_hal_rcc_ex.o ABSOLUTE
    ..\Drivers\STM32F4xx_HAL_Driver\Src\stm32f4xx_hal_sram.c 0x00000000   Number         0  stm32f4xx_hal_sram.o ABSOLUTE
    ..\Drivers\STM32F4xx_HAL_Driver\Src\stm32f4xx_hal_tim.c 0x00000000   Number         0  stm32f4xx_hal_tim.o ABSOLUTE
    ..\Drivers\STM32F4xx_HAL_Driver\Src\stm32f4xx_hal_tim_ex.c 0x00000000   Number         0  stm32f4xx_hal_tim_ex.o ABSOLUTE
    ..\Drivers\STM32F4xx_HAL_Driver\Src\stm32f4xx_ll_fsmc.c 0x00000000   Number         0  stm32f4xx_ll_fsmc.o ABSOLUTE
    ..\Middlewares\Third_Party\FreeRTOS\Source\CMSIS_RTOS\cmsis_os.c 0x00000000   Number         0  cmsis_os.o ABSOLUTE
    ..\Middlewares\Third_Party\FreeRTOS\Source\croutine.c 0x00000000   Number         0  croutine.o ABSOLUTE
    ..\Middlewares\Third_Party\FreeRTOS\Source\event_groups.c 0x00000000   Number         0  event_groups.o ABSOLUTE
    ..\Middlewares\Third_Party\FreeRTOS\Source\list.c 0x00000000   Number         0  list.o ABSOLUTE
    ..\Middlewares\Third_Party\FreeRTOS\Source\portable\MemMang\heap_4.c 0x00000000   Number         0  heap_4.o ABSOLUTE
    ..\Middlewares\Third_Party\FreeRTOS\Source\portable\RVDS\ARM_CM4F\port.c 0x00000000   Number         0  port.o ABSOLUTE
    ..\Middlewares\Third_Party\FreeRTOS\Source\queue.c 0x00000000   Number         0  queue.o ABSOLUTE
    ..\Middlewares\Third_Party\FreeRTOS\Source\tasks.c 0x00000000   Number         0  tasks.o ABSOLUTE
    ..\Middlewares\Third_Party\FreeRTOS\Source\timers.c 0x00000000   Number         0  timers.o ABSOLUTE
    ..\Src\freertos.c                        0x00000000   Number         0  freertos.o ABSOLUTE
    ..\Src\fsmc.c                            0x00000000   Number         0  fsmc.o ABSOLUTE
    ..\Src\gpio.c                            0x00000000   Number         0  gpio.o ABSOLUTE
    ..\Src\main.c                            0x00000000   Number         0  main.o ABSOLUTE
    ..\Src\stm32f4xx_hal_msp.c               0x00000000   Number         0  stm32f4xx_hal_msp.o ABSOLUTE
    ..\Src\stm32f4xx_hal_timebase_TIM.c      0x00000000   Number         0  stm32f4xx_hal_timebase_tim.o ABSOLUTE
    ..\Src\stm32f4xx_it.c                    0x00000000   Number         0  stm32f4xx_it.o ABSOLUTE
    ..\\Src\system_stm32f4xx.c               0x00000000   Number         0  system_stm32f4xx.o ABSOLUTE
    ..\\bsp\\delay\\delay.c                  0x00000000   Number         0  delay.o ABSOLUTE
    ..\\bsp\\lcd\\lcd.c                      0x00000000   Number         0  lcd.o ABSOLUTE
    ..\\bsp\\sys\\sys.c                      0x00000000   Number         0  sys.o ABSOLUTE
    ..\\bsp\\touch\\ctiic.c                  0x00000000   Number         0  ctiic.o ABSOLUTE
    ..\\bsp\\touch\\gt9147.c                 0x00000000   Number         0  gt9147.o ABSOLUTE
    ..\\bsp\\touch\\touch.c                  0x00000000   Number         0  touch.o ABSOLUTE
    ..\bsp\delay\delay.c                     0x00000000   Number         0  delay.o ABSOLUTE
    ..\bsp\lcd\lcd.c                         0x00000000   Number         0  lcd.o ABSOLUTE
    ..\bsp\sys\sys.c                         0x00000000   Number         0  sys.o ABSOLUTE
    ..\bsp\touch\ctiic.c                     0x00000000   Number         0  ctiic.o ABSOLUTE
    ..\bsp\touch\gt9147.c                    0x00000000   Number         0  gt9147.o ABSOLUTE
    ..\bsp\touch\touch.c                     0x00000000   Number         0  touch.o ABSOLUTE
    dc.s                                     0x00000000   Number         0  dc.o ABSOLUTE
    handlers.s                               0x00000000   Number         0  handlers.o ABSOLUTE
    init.s                                   0x00000000   Number         0  init.o ABSOLUTE
    startup_stm32f407xx.s                    0x00000000   Number         0  startup_stm32f407xx.o ABSOLUTE
    RESET                                    0x08000000   Section      392  startup_stm32f407xx.o(RESET)
    .ARM.Collect$$$$00000000                 0x08000188   Section        0  entry.o(.ARM.Collect$$$$00000000)
    .ARM.Collect$$$$00000001                 0x08000188   Section        4  entry2.o(.ARM.Collect$$$$00000001)
    .ARM.Collect$$$$00000004                 0x0800018c   Section        4  entry5.o(.ARM.Collect$$$$00000004)
    .ARM.Collect$$$$00000008                 0x08000190   Section        0  entry7b.o(.ARM.Collect$$$$00000008)
    .ARM.Collect$$$$0000000A                 0x08000190   Section        0  entry8b.o(.ARM.Collect$$$$0000000A)
    .ARM.Collect$$$$0000000B                 0x08000190   Section        8  entry9a.o(.ARM.Collect$$$$0000000B)
    .ARM.Collect$$$$0000000D                 0x08000198   Section        0  entry10a.o(.ARM.Collect$$$$0000000D)
    .ARM.Collect$$$$0000000F                 0x08000198   Section        0  entry11a.o(.ARM.Collect$$$$0000000F)
    .ARM.Collect$$$$00002712                 0x08000198   Section        4  entry2.o(.ARM.Collect$$$$00002712)
    __lit__00000000                          0x08000198   Data           4  entry2.o(.ARM.Collect$$$$00002712)
    .emb_text                                0x0800019c   Section      186  port.o(.emb_text)
    $v0                                      0x0800019c   Number         0  port.o(.emb_text)
    .text                                    0x08000258   Section       36  startup_stm32f407xx.o(.text)
    $v0                                      0x08000258   Number         0  startup_stm32f407xx.o(.text)
    .text                                    0x0800027c   Section        0  uldiv.o(.text)
    .text                                    0x080002de   Section        0  memcpya.o(.text)
    .text                                    0x08000302   Section        0  strcmp.o(.text)
    .text                                    0x0800031e   Section        0  llshl.o(.text)
    .text                                    0x0800033c   Section        0  llushr.o(.text)
    .text                                    0x0800035c   Section       36  init.o(.text)
    i.BusFault_Handler                       0x08000380   Section        0  stm32f4xx_it.o(i.BusFault_Handler)
    i.CT_IIC_Ack                             0x08000384   Section        0  ctiic.o(i.CT_IIC_Ack)
    i.CT_IIC_Init                            0x080003dc   Section        0  ctiic.o(i.CT_IIC_Init)
    i.CT_IIC_NAck                            0x08000450   Section        0  ctiic.o(i.CT_IIC_NAck)
    i.CT_IIC_Read_Byte                       0x080004a8   Section        0  ctiic.o(i.CT_IIC_Read_Byte)
    i.CT_IIC_Send_Byte                       0x08000524   Section        0  ctiic.o(i.CT_IIC_Send_Byte)
    i.CT_IIC_Start                           0x08000594   Section        0  ctiic.o(i.CT_IIC_Start)
    i.CT_IIC_Stop                            0x080005e8   Section        0  ctiic.o(i.CT_IIC_Stop)
    i.CT_IIC_Wait_Ack                        0x08000638   Section        0  ctiic.o(i.CT_IIC_Wait_Ack)
    i.DebugMon_Handler                       0x08000694   Section        0  stm32f4xx_it.o(i.DebugMon_Handler)
    i.FSMC_NORSRAM_Extended_Timing_Init      0x08000698   Section        0  stm32f4xx_ll_fsmc.o(i.FSMC_NORSRAM_Extended_Timing_Init)
    i.FSMC_NORSRAM_Init                      0x080006d8   Section        0  stm32f4xx_ll_fsmc.o(i.FSMC_NORSRAM_Init)
    i.FSMC_NORSRAM_Timing_Init               0x0800072c   Section        0  stm32f4xx_ll_fsmc.o(i.FSMC_NORSRAM_Timing_Init)
    i.GT9147_Init                            0x08000770   Section        0  gt9147.o(i.GT9147_Init)
    i.GT9147_RD_Reg                          0x08000884   Section        0  gt9147.o(i.GT9147_RD_Reg)
    i.GT9147_Scan                            0x080008e4   Section        0  gt9147.o(i.GT9147_Scan)
    i.GT9147_Send_Cfg                        0x08000a58   Section        0  gt9147.o(i.GT9147_Send_Cfg)
    i.GT9147_WR_Reg                          0x08000aa8   Section        0  gt9147.o(i.GT9147_WR_Reg)
    i.HAL_FSMC_MspInit                       0x08000afc   Section        0  fsmc.o(i.HAL_FSMC_MspInit)
    HAL_FSMC_MspInit                         0x08000afd   Thumb Code   136  fsmc.o(i.HAL_FSMC_MspInit)
    i.HAL_GPIO_Init                          0x08000b9c   Section        0  stm32f4xx_hal_gpio.o(i.HAL_GPIO_Init)
    i.HAL_GPIO_WritePin                      0x08000d4c   Section        0  stm32f4xx_hal_gpio.o(i.HAL_GPIO_WritePin)
    i.HAL_GetTick                            0x08000d58   Section        0  stm32f4xx_hal.o(i.HAL_GetTick)
    i.HAL_IncTick                            0x08000d64   Section        0  stm32f4xx_hal.o(i.HAL_IncTick)
    i.HAL_Init                               0x08000d74   Section        0  stm32f4xx_hal.o(i.HAL_Init)
    i.HAL_InitTick                           0x08000da8   Section        0  stm32f4xx_hal_timebase_tim.o(i.HAL_InitTick)
    i.HAL_MspInit                            0x08000e1c   Section        0  stm32f4xx_hal_msp.o(i.HAL_MspInit)
    i.HAL_NVIC_EnableIRQ                     0x08000ea0   Section        0  stm32f4xx_hal_cortex.o(i.HAL_NVIC_EnableIRQ)
    i.HAL_NVIC_SetPriority                   0x08000eb8   Section        0  stm32f4xx_hal_cortex.o(i.HAL_NVIC_SetPriority)
    i.HAL_NVIC_SetPriorityGrouping           0x08000ef8   Section        0  stm32f4xx_hal_cortex.o(i.HAL_NVIC_SetPriorityGrouping)
    i.HAL_RCC_ClockConfig                    0x08000f1c   Section        0  stm32f4xx_hal_rcc.o(i.HAL_RCC_ClockConfig)
    i.HAL_RCC_GetClockConfig                 0x0800104c   Section        0  stm32f4xx_hal_rcc.o(i.HAL_RCC_GetClockConfig)
    i.HAL_RCC_GetHCLKFreq                    0x0800108c   Section        0  stm32f4xx_hal_rcc.o(i.HAL_RCC_GetHCLKFreq)
    i.HAL_RCC_GetPCLK1Freq                   0x08001098   Section        0  stm32f4xx_hal_rcc.o(i.HAL_RCC_GetPCLK1Freq)
    i.HAL_RCC_GetSysClockFreq                0x080010b8   Section        0  stm32f4xx_hal_rcc.o(i.HAL_RCC_GetSysClockFreq)
    i.HAL_RCC_OscConfig                      0x08001118   Section        0  stm32f4xx_hal_rcc.o(i.HAL_RCC_OscConfig)
    i.HAL_SRAM_Init                          0x08001434   Section        0  stm32f4xx_hal_sram.o(i.HAL_SRAM_Init)
    i.HAL_SRAM_MspInit                       0x0800148a   Section        0  fsmc.o(i.HAL_SRAM_MspInit)
    i.HAL_SYSTICK_CLKSourceConfig            0x0800148e   Section        0  stm32f4xx_hal_cortex.o(i.HAL_SYSTICK_CLKSourceConfig)
    i.HAL_SYSTICK_Config                     0x080014a6   Section        0  stm32f4xx_hal_cortex.o(i.HAL_SYSTICK_Config)
    i.HAL_TIMEx_BreakCallback                0x080014ce   Section        0  stm32f4xx_hal_tim_ex.o(i.HAL_TIMEx_BreakCallback)
    i.HAL_TIMEx_CommutationCallback          0x080014d0   Section        0  stm32f4xx_hal_tim_ex.o(i.HAL_TIMEx_CommutationCallback)
    i.HAL_TIM_Base_Init                      0x080014d2   Section        0  stm32f4xx_hal_tim.o(i.HAL_TIM_Base_Init)
    i.HAL_TIM_Base_MspInit                   0x08001508   Section        0  stm32f4xx_hal_tim.o(i.HAL_TIM_Base_MspInit)
    i.HAL_TIM_Base_Start_IT                  0x0800150a   Section        0  stm32f4xx_hal_tim.o(i.HAL_TIM_Base_Start_IT)
    i.HAL_TIM_IC_CaptureCallback             0x08001522   Section        0  stm32f4xx_hal_tim.o(i.HAL_TIM_IC_CaptureCallback)
    i.HAL_TIM_IRQHandler                     0x08001524   Section        0  stm32f4xx_hal_tim.o(i.HAL_TIM_IRQHandler)
    i.HAL_TIM_OC_DelayElapsedCallback        0x0800168a   Section        0  stm32f4xx_hal_tim.o(i.HAL_TIM_OC_DelayElapsedCallback)
    i.HAL_TIM_PWM_PulseFinishedCallback      0x0800168c   Section        0  stm32f4xx_hal_tim.o(i.HAL_TIM_PWM_PulseFinishedCallback)
    i.HAL_TIM_PeriodElapsedCallback          0x0800168e   Section        0  main.o(i.HAL_TIM_PeriodElapsedCallback)
    i.HAL_TIM_TriggerCallback                0x0800169c   Section        0  stm32f4xx_hal_tim.o(i.HAL_TIM_TriggerCallback)
    i.HardFault_Handler                      0x0800169e   Section        0  stm32f4xx_it.o(i.HardFault_Handler)
    i.LCD_Clear                              0x080016a0   Section        0  lcd.o(i.LCD_Clear)
    i.LCD_Display_Dir                        0x08001708   Section        0  lcd.o(i.LCD_Display_Dir)
    i.LCD_Fast_DrawPoint                     0x0800183c   Section        0  lcd.o(i.LCD_Fast_DrawPoint)
    i.LCD_Fill                               0x08001954   Section        0  lcd.o(i.LCD_Fill)
    i.LCD_Init                               0x080019e0   Section        0  lcd.o(i.LCD_Init)
    i.LCD_RD_DATA                            0x080029b4   Section        0  lcd.o(i.LCD_RD_DATA)
    i.LCD_ReadReg                            0x080029c8   Section        0  lcd.o(i.LCD_ReadReg)
    i.LCD_Scan_Dir                           0x080029dc   Section        0  lcd.o(i.LCD_Scan_Dir)
    i.LCD_SetCursor                          0x08002be0   Section        0  lcd.o(i.LCD_SetCursor)
    i.LCD_ShowChar                           0x08002d3c   Section        0  lcd.o(i.LCD_ShowChar)
    i.LCD_ShowString                         0x08002e10   Section        0  lcd.o(i.LCD_ShowString)
    i.LCD_WR_DATA                            0x08002e64   Section        0  lcd.o(i.LCD_WR_DATA)
    i.LCD_WR_REG                             0x08002e7c   Section        0  lcd.o(i.LCD_WR_REG)
    i.LCD_WriteRAM_Prepare                   0x08002e94   Section        0  lcd.o(i.LCD_WriteRAM_Prepare)
    i.LCD_WriteReg                           0x08002ea8   Section        0  lcd.o(i.LCD_WriteReg)
    i.Load_Drow_Dialog                       0x08002eb4   Section        0  freertos.o(i.Load_Drow_Dialog)
    i.MX_FREERTOS_Init                       0x08002ef4   Section        0  freertos.o(i.MX_FREERTOS_Init)
    i.MX_FSMC_Init                           0x08002f40   Section        0  fsmc.o(i.MX_FSMC_Init)
    i.MX_GPIO_Init                           0x08002fb8   Section        0  gpio.o(i.MX_GPIO_Init)
    i.MemManage_Handler                      0x0800305c   Section        0  stm32f4xx_it.o(i.MemManage_Handler)
    i.NMI_Handler                            0x0800305e   Section        0  stm32f4xx_it.o(i.NMI_Handler)
    i.NVIC_SetPriority                       0x08003060   Section        0  stm32f4xx_hal_cortex.o(i.NVIC_SetPriority)
    NVIC_SetPriority                         0x08003061   Thumb Code    32  stm32f4xx_hal_cortex.o(i.NVIC_SetPriority)
    i.StartDefaultTask                       0x08003080   Section        0  freertos.o(i.StartDefaultTask)
    i.Start_lcd_Task                         0x08003088   Section        0  freertos.o(i.Start_lcd_Task)
    i.SysTick_Handler                        0x080030cc   Section        0  stm32f4xx_it.o(i.SysTick_Handler)
    i.SystemClock_Config                     0x080030d0   Section        0  main.o(i.SystemClock_Config)
    i.SystemInit                             0x0800316c   Section        0  system_stm32f4xx.o(i.SystemInit)
    i.TIM2_IRQHandler                        0x080031c0   Section        0  stm32f4xx_it.o(i.TIM2_IRQHandler)
    i.TIM_Base_SetConfig                     0x080031cc   Section        0  stm32f4xx_hal_tim.o(i.TIM_Base_SetConfig)
    i.TP_Init                                0x0800328c   Section        0  touch.o(i.TP_Init)
    i.UsageFault_Handler                     0x080032cc   Section        0  stm32f4xx_it.o(i.UsageFault_Handler)
    i._Error_Handler                         0x080032ce   Section        0  main.o(i._Error_Handler)
    i.__scatterload_copy                     0x080032d0   Section       14  handlers.o(i.__scatterload_copy)
    i.__scatterload_null                     0x080032de   Section        2  handlers.o(i.__scatterload_null)
    i.__scatterload_zeroinit                 0x080032e0   Section       14  handlers.o(i.__scatterload_zeroinit)
    i.ctp_test                               0x080032f0   Section        0  freertos.o(i.ctp_test)
    i.gui_draw_hline                         0x080033a8   Section        0  freertos.o(i.gui_draw_hline)
    i.gui_fill_circle                        0x080033be   Section        0  freertos.o(i.gui_fill_circle)
    i.lcd_draw_bline                         0x08003474   Section        0  freertos.o(i.lcd_draw_bline)
    i.main                                   0x0800352a   Section        0  main.o(i.main)
    i.makeFreeRtosPriority                   0x08003544   Section        0  cmsis_os.o(i.makeFreeRtosPriority)
    makeFreeRtosPriority                     0x08003545   Thumb Code    12  cmsis_os.o(i.makeFreeRtosPriority)
    i.opt_delay                              0x08003550   Section        0  delay.o(i.opt_delay)
    i.osDelay                                0x08003558   Section        0  cmsis_os.o(i.osDelay)
    i.osKernelStart                          0x08003566   Section        0  cmsis_os.o(i.osKernelStart)
    i.osSemaphoreCreate                      0x08003570   Section        0  cmsis_os.o(i.osSemaphoreCreate)
    i.osSystickHandler                       0x08003596   Section        0  cmsis_os.o(i.osSystickHandler)
    i.osThreadCreate                         0x080035aa   Section        0  cmsis_os.o(i.osThreadCreate)
    i.prvAddCurrentTaskToDelayedList         0x080035d8   Section        0  tasks.o(i.prvAddCurrentTaskToDelayedList)
    prvAddCurrentTaskToDelayedList           0x080035d9   Thumb Code   102  tasks.o(i.prvAddCurrentTaskToDelayedList)
    i.prvAddNewTaskToReadyList               0x08003648   Section        0  tasks.o(i.prvAddNewTaskToReadyList)
    prvAddNewTaskToReadyList                 0x08003649   Thumb Code   194  tasks.o(i.prvAddNewTaskToReadyList)
    i.prvCheckTasksWaitingTermination        0x08003718   Section        0  tasks.o(i.prvCheckTasksWaitingTermination)
    prvCheckTasksWaitingTermination          0x08003719   Thumb Code    70  tasks.o(i.prvCheckTasksWaitingTermination)
    i.prvCopyDataToQueue                     0x08003768   Section        0  queue.o(i.prvCopyDataToQueue)
    prvCopyDataToQueue                       0x08003769   Thumb Code   108  queue.o(i.prvCopyDataToQueue)
    i.prvDeleteTCB                           0x080037d4   Section        0  tasks.o(i.prvDeleteTCB)
    prvDeleteTCB                             0x080037d5   Thumb Code    20  tasks.o(i.prvDeleteTCB)
    i.prvHeapInit                            0x080037e8   Section        0  heap_4.o(i.prvHeapInit)
    prvHeapInit                              0x080037e9   Thumb Code    66  heap_4.o(i.prvHeapInit)
    i.prvIdleTask                            0x08003834   Section        0  tasks.o(i.prvIdleTask)
    prvIdleTask                              0x08003835   Thumb Code    30  tasks.o(i.prvIdleTask)
    i.prvInitialiseNewTask                   0x0800385c   Section        0  tasks.o(i.prvInitialiseNewTask)
    prvInitialiseNewTask                     0x0800385d   Thumb Code   142  tasks.o(i.prvInitialiseNewTask)
    i.prvInsertBlockIntoFreeList             0x080038ec   Section        0  heap_4.o(i.prvInsertBlockIntoFreeList)
    prvInsertBlockIntoFreeList               0x080038ed   Thumb Code    72  heap_4.o(i.prvInsertBlockIntoFreeList)
    i.prvResetNextTaskUnblockTime            0x08003938   Section        0  tasks.o(i.prvResetNextTaskUnblockTime)
    prvResetNextTaskUnblockTime              0x08003939   Thumb Code    26  tasks.o(i.prvResetNextTaskUnblockTime)
    i.prvTaskExitError                       0x08003958   Section        0  port.o(i.prvTaskExitError)
    prvTaskExitError                         0x08003959   Thumb Code    36  port.o(i.prvTaskExitError)
    i.prvUnlockQueue                         0x08003980   Section        0  queue.o(i.prvUnlockQueue)
    prvUnlockQueue                           0x08003981   Thumb Code   106  queue.o(i.prvUnlockQueue)
    i.pvPortMalloc                           0x080039ec   Section        0  heap_4.o(i.pvPortMalloc)
    i.pxPortInitialiseStack                  0x08003ac4   Section        0  port.o(i.pxPortInitialiseStack)
    i.uxListRemove                           0x08003af0   Section        0  list.o(i.uxListRemove)
    i.vListInitialise                        0x08003b14   Section        0  list.o(i.vListInitialise)
    i.vListInitialiseItem                    0x08003b2a   Section        0  list.o(i.vListInitialiseItem)
    i.vListInsert                            0x08003b30   Section        0  list.o(i.vListInsert)
    i.vListInsertEnd                         0x08003b60   Section        0  list.o(i.vListInsertEnd)
    i.vPortEnterCritical                     0x08003b78   Section        0  port.o(i.vPortEnterCritical)
    i.vPortExitCritical                      0x08003bb8   Section        0  port.o(i.vPortExitCritical)
    i.vPortFree                              0x08003be0   Section        0  heap_4.o(i.vPortFree)
    i.vPortSetupTimerInterrupt               0x08003c3c   Section        0  port.o(i.vPortSetupTimerInterrupt)
    i.vTaskDelay                             0x08003c5c   Section        0  tasks.o(i.vTaskDelay)
    i.vTaskMissedYield                       0x08003ca8   Section        0  tasks.o(i.vTaskMissedYield)
    i.vTaskPlaceOnEventList                  0x08003cb4   Section        0  tasks.o(i.vTaskPlaceOnEventList)
    i.vTaskSetTimeOutState                   0x08003ce4   Section        0  tasks.o(i.vTaskSetTimeOutState)
    i.vTaskStartScheduler                    0x08003d08   Section        0  tasks.o(i.vTaskStartScheduler)
    i.vTaskSuspendAll                        0x08003d70   Section        0  tasks.o(i.vTaskSuspendAll)
    i.vTaskSwitchContext                     0x08003d80   Section        0  tasks.o(i.vTaskSwitchContext)
    i.xPortStartScheduler                    0x08003ddc   Section        0  port.o(i.xPortStartScheduler)
    i.xPortSysTickHandler                    0x08003ebc   Section        0  port.o(i.xPortSysTickHandler)
    i.xQueueGenericCreate                    0x08003ee8   Section        0  queue.o(i.xQueueGenericCreate)
    i.xQueueGenericReset                     0x08003f30   Section        0  queue.o(i.xQueueGenericReset)
    i.xQueueGenericSend                      0x08003fb8   Section        0  queue.o(i.xQueueGenericSend)
    i.xTaskCheckForTimeOut                   0x08004118   Section        0  tasks.o(i.xTaskCheckForTimeOut)
    i.xTaskCreate                            0x08004184   Section        0  tasks.o(i.xTaskCreate)
    i.xTaskGetSchedulerState                 0x080041dc   Section        0  tasks.o(i.xTaskGetSchedulerState)
    i.xTaskIncrementTick                     0x080041f8   Section        0  tasks.o(i.xTaskIncrementTick)
    i.xTaskPriorityDisinherit                0x080042c0   Section        0  tasks.o(i.xTaskPriorityDisinherit)
    i.xTaskRemoveFromEventList               0x08004358   Section        0  tasks.o(i.xTaskRemoveFromEventList)
    i.xTaskResumeAll                         0x080043cc   Section        0  tasks.o(i.xTaskResumeAll)
    .constdata                               0x08004490   Section     6080  lcd.o(.constdata)
    .constdata                               0x08005c50   Section      194  gt9147.o(.constdata)
    .constdata                               0x08005d14   Section       52  freertos.o(.constdata)
    .constdata                               0x08005d48   Section       16  system_stm32f4xx.o(.constdata)
    .constdata                               0x08005d58   Section        8  system_stm32f4xx.o(.constdata)
    .conststring                             0x08005d60   Section       24  freertos.o(.conststring)
    .data                                    0x20000000   Section        4  lcd.o(.data)
    .data                                    0x20000004   Section        1  gt9147.o(.data)
    t                                        0x20000004   Data           1  gt9147.o(.data)
    .data                                    0x20000008   Section       52  touch.o(.data)
    .data                                    0x2000003c   Section       12  freertos.o(.data)
    .data                                    0x20000048   Section        8  fsmc.o(.data)
    FSMC_Initialized                         0x20000048   Data           4  fsmc.o(.data)
    FSMC_DeInitialized                       0x2000004c   Data           4  fsmc.o(.data)
    .data                                    0x20000050   Section       12  stm32f4xx_hal.o(.data)
    .data                                    0x2000005c   Section        4  system_stm32f4xx.o(.data)
    .data                                    0x20000060   Section       24  heap_4.o(.data)
    pxEnd                                    0x20000060   Data           4  heap_4.o(.data)
    xFreeBytesRemaining                      0x20000064   Data           4  heap_4.o(.data)
    xMinimumEverFreeBytesRemaining           0x20000068   Data           4  heap_4.o(.data)
    xBlockAllocatedBit                       0x2000006c   Data           4  heap_4.o(.data)
    xStart                                   0x20000070   Data           8  heap_4.o(.data)
    .data                                    0x20000078   Section       12  port.o(.data)
    ucMaxSysCallPriority                     0x20000078   Data           1  port.o(.data)
    uxCriticalNesting                        0x2000007c   Data           4  port.o(.data)
    ulMaxPRIGROUPValue                       0x20000080   Data           4  port.o(.data)
    .data                                    0x20000084   Section       60  tasks.o(.data)
    uxDeletedTasksWaitingCleanUp             0x20000088   Data           4  tasks.o(.data)
    uxCurrentNumberOfTasks                   0x2000008c   Data           4  tasks.o(.data)
    xTickCount                               0x20000090   Data           4  tasks.o(.data)
    uxTopReadyPriority                       0x20000094   Data           4  tasks.o(.data)
    xSchedulerRunning                        0x20000098   Data           4  tasks.o(.data)
    uxPendedTicks                            0x2000009c   Data           4  tasks.o(.data)
    xYieldPending                            0x200000a0   Data           4  tasks.o(.data)
    xNumOfOverflows                          0x200000a4   Data           4  tasks.o(.data)
    uxTaskNumber                             0x200000a8   Data           4  tasks.o(.data)
    xNextTaskUnblockTime                     0x200000ac   Data           4  tasks.o(.data)
    xIdleTaskHandle                          0x200000b0   Data           4  tasks.o(.data)
    uxSchedulerSuspended                     0x200000b4   Data           4  tasks.o(.data)
    pxDelayedTaskList                        0x200000b8   Data           4  tasks.o(.data)
    pxOverflowDelayedTaskList                0x200000bc   Data           4  tasks.o(.data)
    .bss                                     0x200000c0   Section       14  lcd.o(.bss)
    .bss                                     0x200000d0   Section       80  fsmc.o(.bss)
    .bss                                     0x20000120   Section       60  stm32f4xx_hal_timebase_tim.o(.bss)
    .bss                                     0x2000015c   Section    15360  heap_4.o(.bss)
    ucHeap                                   0x2000015c   Data       15360  heap_4.o(.bss)
    .bss                                     0x20003d5c   Section      240  tasks.o(.bss)
    pxReadyTasksLists                        0x20003d5c   Data         140  tasks.o(.bss)
    xDelayedTaskList1                        0x20003de8   Data          20  tasks.o(.bss)
    xDelayedTaskList2                        0x20003dfc   Data          20  tasks.o(.bss)
    xPendingReadyList                        0x20003e10   Data          20  tasks.o(.bss)
    xTasksWaitingTermination                 0x20003e24   Data          20  tasks.o(.bss)
    xSuspendedTaskList                       0x20003e38   Data          20  tasks.o(.bss)
    STACK                                    0x20003e50   Section     4096  startup_stm32f407xx.o(STACK)

    Global Symbols

    Symbol Name                              Value     Ov Type        Size  Object(Section)

    BuildAttributes$$THM_ISAv4$E$P$D$K$B$S$7EM$VFPi3$EXTD16$VFPS$VFMA$PE$A:L22UL41UL21$X:L11$S22US41US21$IEEE1$IW$USESV6$~STKCKD$USESV7$~SHL$OSPACE$ROPI$EBA8$MICROLIB$REQ8$PRES8$EABIv2 0x00000000   Number         0  anon$$obj.o ABSOLUTE
    __ARM_use_no_argv                        0x00000000   Number         0  main.o ABSOLUTE
    __cpp_initialize__aeabi_                  - Undefined Weak Reference
    __cxa_finalize                            - Undefined Weak Reference
    __decompress                              - Undefined Weak Reference
    _clock_init                               - Undefined Weak Reference
    _microlib_exit                            - Undefined Weak Reference
    __Vectors_Size                           0x00000188   Number         0  startup_stm32f407xx.o ABSOLUTE
    __Vectors                                0x08000000   Data           4  startup_stm32f407xx.o(RESET)
    __Vectors_End                            0x08000188   Data           0  startup_stm32f407xx.o(RESET)
    __main                                   0x08000189   Thumb Code     0  entry.o(.ARM.Collect$$$$00000000)
    _main_stk                                0x08000189   Thumb Code     0  entry2.o(.ARM.Collect$$$$00000001)
    _main_scatterload                        0x0800018d   Thumb Code     0  entry5.o(.ARM.Collect$$$$00000004)
    __main_after_scatterload                 0x08000191   Thumb Code     0  entry5.o(.ARM.Collect$$$$00000004)
    _main_clock                              0x08000191   Thumb Code     0  entry7b.o(.ARM.Collect$$$$00000008)
    _main_cpp_init                           0x08000191   Thumb Code     0  entry8b.o(.ARM.Collect$$$$0000000A)
    _main_init                               0x08000191   Thumb Code     0  entry9a.o(.ARM.Collect$$$$0000000B)
    __rt_final_cpp                           0x08000199   Thumb Code     0  entry10a.o(.ARM.Collect$$$$0000000D)
    __rt_final_exit                          0x08000199   Thumb Code     0  entry11a.o(.ARM.Collect$$$$0000000F)
    SVC_Handler                              0x0800019d   Thumb Code    28  port.o(.emb_text)
    __asm___6_port_c_39a90d8d__prvStartFirstTask 0x080001bd   Thumb Code    28  port.o(.emb_text)
    __asm___6_port_c_39a90d8d__prvEnableVFP  0x080001dd   Thumb Code    16  port.o(.emb_text)
    PendSV_Handler                           0x080001f1   Thumb Code    92  port.o(.emb_text)
    vPortGetIPSR                             0x08000251   Thumb Code     6  port.o(.emb_text)
    Reset_Handler                            0x08000259   Thumb Code     8  startup_stm32f407xx.o(.text)
    ADC_IRQHandler                           0x08000273   Thumb Code     0  startup_stm32f407xx.o(.text)
    CAN1_RX0_IRQHandler                      0x08000273   Thumb Code     0  startup_stm32f407xx.o(.text)
    CAN1_RX1_IRQHandler                      0x08000273   Thumb Code     0  startup_stm32f407xx.o(.text)
    CAN1_SCE_IRQHandler                      0x08000273   Thumb Code     0  startup_stm32f407xx.o(.text)
    CAN1_TX_IRQHandler                       0x08000273   Thumb Code     0  startup_stm32f407xx.o(.text)
    CAN2_RX0_IRQHandler                      0x08000273   Thumb Code     0  startup_stm32f407xx.o(.text)
    CAN2_RX1_IRQHandler                      0x08000273   Thumb Code     0  startup_stm32f407xx.o(.text)
    CAN2_SCE_IRQHandler                      0x08000273   Thumb Code     0  startup_stm32f407xx.o(.text)
    CAN2_TX_IRQHandler                       0x08000273   Thumb Code     0  startup_stm32f407xx.o(.text)
    DCMI_IRQHandler                          0x08000273   Thumb Code     0  startup_stm32f407xx.o(.text)
    DMA1_Stream0_IRQHandler                  0x08000273   Thumb Code     0  startup_stm32f407xx.o(.text)
    DMA1_Stream1_IRQHandler                  0x08000273   Thumb Code     0  startup_stm32f407xx.o(.text)
    DMA1_Stream2_IRQHandler                  0x08000273   Thumb Code     0  startup_stm32f407xx.o(.text)
    DMA1_Stream3_IRQHandler                  0x08000273   Thumb Code     0  startup_stm32f407xx.o(.text)
    DMA1_Stream4_IRQHandler                  0x08000273   Thumb Code     0  startup_stm32f407xx.o(.text)
    DMA1_Stream5_IRQHandler                  0x08000273   Thumb Code     0  startup_stm32f407xx.o(.text)
    DMA1_Stream6_IRQHandler                  0x08000273   Thumb Code     0  startup_stm32f407xx.o(.text)
    DMA1_Stream7_IRQHandler                  0x08000273   Thumb Code     0  startup_stm32f407xx.o(.text)
    DMA2_Stream0_IRQHandler                  0x08000273   Thumb Code     0  startup_stm32f407xx.o(.text)
    DMA2_Stream1_IRQHandler                  0x08000273   Thumb Code     0  startup_stm32f407xx.o(.text)
    DMA2_Stream2_IRQHandler                  0x08000273   Thumb Code     0  startup_stm32f407xx.o(.text)
    DMA2_Stream3_IRQHandler                  0x08000273   Thumb Code     0  startup_stm32f407xx.o(.text)
    DMA2_Stream4_IRQHandler                  0x08000273   Thumb Code     0  startup_stm32f407xx.o(.text)
    DMA2_Stream5_IRQHandler                  0x08000273   Thumb Code     0  startup_stm32f407xx.o(.text)
    DMA2_Stream6_IRQHandler                  0x08000273   Thumb Code     0  startup_stm32f407xx.o(.text)
    DMA2_Stream7_IRQHandler                  0x08000273   Thumb Code     0  startup_stm32f407xx.o(.text)
    ETH_IRQHandler                           0x08000273   Thumb Code     0  startup_stm32f407xx.o(.text)
    ETH_WKUP_IRQHandler                      0x08000273   Thumb Code     0  startup_stm32f407xx.o(.text)
    EXTI0_IRQHandler                         0x08000273   Thumb Code     0  startup_stm32f407xx.o(.text)
    EXTI15_10_IRQHandler                     0x08000273   Thumb Code     0  startup_stm32f407xx.o(.text)
    EXTI1_IRQHandler                         0x08000273   Thumb Code     0  startup_stm32f407xx.o(.text)
    EXTI2_IRQHandler                         0x08000273   Thumb Code     0  startup_stm32f407xx.o(.text)
    EXTI3_IRQHandler                         0x08000273   Thumb Code     0  startup_stm32f407xx.o(.text)
    EXTI4_IRQHandler                         0x08000273   Thumb Code     0  startup_stm32f407xx.o(.text)
    EXTI9_5_IRQHandler                       0x08000273   Thumb Code     0  startup_stm32f407xx.o(.text)
    FLASH_IRQHandler                         0x08000273   Thumb Code     0  startup_stm32f407xx.o(.text)
    FMC_IRQHandler                           0x08000273   Thumb Code     0  startup_stm32f407xx.o(.text)
    FPU_IRQHandler                           0x08000273   Thumb Code     0  startup_stm32f407xx.o(.text)
    HASH_RNG_IRQHandler                      0x08000273   Thumb Code     0  startup_stm32f407xx.o(.text)
    I2C1_ER_IRQHandler                       0x08000273   Thumb Code     0  startup_stm32f407xx.o(.text)
    I2C1_EV_IRQHandler                       0x08000273   Thumb Code     0  startup_stm32f407xx.o(.text)
    I2C2_ER_IRQHandler                       0x08000273   Thumb Code     0  startup_stm32f407xx.o(.text)
    I2C2_EV_IRQHandler                       0x08000273   Thumb Code     0  startup_stm32f407xx.o(.text)
    I2C3_ER_IRQHandler                       0x08000273   Thumb Code     0  startup_stm32f407xx.o(.text)
    I2C3_EV_IRQHandler                       0x08000273   Thumb Code     0  startup_stm32f407xx.o(.text)
    OTG_FS_IRQHandler                        0x08000273   Thumb Code     0  startup_stm32f407xx.o(.text)
    OTG_FS_WKUP_IRQHandler                   0x08000273   Thumb Code     0  startup_stm32f407xx.o(.text)
    OTG_HS_EP1_IN_IRQHandler                 0x08000273   Thumb Code     0  startup_stm32f407xx.o(.text)
    OTG_HS_EP1_OUT_IRQHandler                0x08000273   Thumb Code     0  startup_stm32f407xx.o(.text)
    OTG_HS_IRQHandler                        0x08000273   Thumb Code     0  startup_stm32f407xx.o(.text)
    OTG_HS_WKUP_IRQHandler                   0x08000273   Thumb Code     0  startup_stm32f407xx.o(.text)
    PVD_IRQHandler                           0x08000273   Thumb Code     0  startup_stm32f407xx.o(.text)
    RCC_IRQHandler                           0x08000273   Thumb Code     0  startup_stm32f407xx.o(.text)
    RTC_Alarm_IRQHandler                     0x08000273   Thumb Code     0  startup_stm32f407xx.o(.text)
    RTC_WKUP_IRQHandler                      0x08000273   Thumb Code     0  startup_stm32f407xx.o(.text)
    SDIO_IRQHandler                          0x08000273   Thumb Code     0  startup_stm32f407xx.o(.text)
    SPI1_IRQHandler                          0x08000273   Thumb Code     0  startup_stm32f407xx.o(.text)
    SPI2_IRQHandler                          0x08000273   Thumb Code     0  startup_stm32f407xx.o(.text)
    SPI3_IRQHandler                          0x08000273   Thumb Code     0  startup_stm32f407xx.o(.text)
    TAMP_STAMP_IRQHandler                    0x08000273   Thumb Code     0  startup_stm32f407xx.o(.text)
    TIM1_BRK_TIM9_IRQHandler                 0x08000273   Thumb Code     0  startup_stm32f407xx.o(.text)
    TIM1_CC_IRQHandler                       0x08000273   Thumb Code     0  startup_stm32f407xx.o(.text)
    TIM1_TRG_COM_TIM11_IRQHandler            0x08000273   Thumb Code     0  startup_stm32f407xx.o(.text)
    TIM1_UP_TIM10_IRQHandler                 0x08000273   Thumb Code     0  startup_stm32f407xx.o(.text)
    TIM3_IRQHandler                          0x08000273   Thumb Code     0  startup_stm32f407xx.o(.text)
    TIM4_IRQHandler                          0x08000273   Thumb Code     0  startup_stm32f407xx.o(.text)
    TIM5_IRQHandler                          0x08000273   Thumb Code     0  startup_stm32f407xx.o(.text)
    TIM6_DAC_IRQHandler                      0x08000273   Thumb Code     0  startup_stm32f407xx.o(.text)
    TIM7_IRQHandler                          0x08000273   Thumb Code     0  startup_stm32f407xx.o(.text)
    TIM8_BRK_TIM12_IRQHandler                0x08000273   Thumb Code     0  startup_stm32f407xx.o(.text)
    TIM8_CC_IRQHandler                       0x08000273   Thumb Code     0  startup_stm32f407xx.o(.text)
    TIM8_TRG_COM_TIM14_IRQHandler            0x08000273   Thumb Code     0  startup_stm32f407xx.o(.text)
    TIM8_UP_TIM13_IRQHandler                 0x08000273   Thumb Code     0  startup_stm32f407xx.o(.text)
    UART4_IRQHandler                         0x08000273   Thumb Code     0  startup_stm32f407xx.o(.text)
    UART5_IRQHandler                         0x08000273   Thumb Code     0  startup_stm32f407xx.o(.text)
    USART1_IRQHandler                        0x08000273   Thumb Code     0  startup_stm32f407xx.o(.text)
    USART2_IRQHandler                        0x08000273   Thumb Code     0  startup_stm32f407xx.o(.text)
    USART3_IRQHandler                        0x08000273   Thumb Code     0  startup_stm32f407xx.o(.text)
    USART6_IRQHandler                        0x08000273   Thumb Code     0  startup_stm32f407xx.o(.text)
    WWDG_IRQHandler                          0x08000273   Thumb Code     0  startup_stm32f407xx.o(.text)
    __aeabi_uldivmod                         0x0800027d   Thumb Code    98  uldiv.o(.text)
    __aeabi_memcpy                           0x080002df   Thumb Code    36  memcpya.o(.text)
    __aeabi_memcpy4                          0x080002df   Thumb Code     0  memcpya.o(.text)
    __aeabi_memcpy8                          0x080002df   Thumb Code     0  memcpya.o(.text)
    strcmp                                   0x08000303   Thumb Code    28  strcmp.o(.text)
    __aeabi_llsl                             0x0800031f   Thumb Code    30  llshl.o(.text)
    _ll_shift_l                              0x0800031f   Thumb Code     0  llshl.o(.text)
    __aeabi_llsr                             0x0800033d   Thumb Code    32  llushr.o(.text)
    _ll_ushift_r                             0x0800033d   Thumb Code     0  llushr.o(.text)
    __scatterload                            0x0800035d   Thumb Code    28  init.o(.text)
    __scatterload_rt2                        0x0800035d   Thumb Code     0  init.o(.text)
    BusFault_Handler                         0x08000381   Thumb Code     2  stm32f4xx_it.o(i.BusFault_Handler)
    CT_IIC_Ack                               0x08000385   Thumb Code    74  ctiic.o(i.CT_IIC_Ack)
    CT_IIC_Init                              0x080003dd   Thumb Code   102  ctiic.o(i.CT_IIC_Init)
    CT_IIC_NAck                              0x08000451   Thumb Code    74  ctiic.o(i.CT_IIC_NAck)
    CT_IIC_Read_Byte                         0x080004a9   Thumb Code   112  ctiic.o(i.CT_IIC_Read_Byte)
    CT_IIC_Send_Byte                         0x08000525   Thumb Code    98  ctiic.o(i.CT_IIC_Send_Byte)
    CT_IIC_Start                             0x08000595   Thumb Code    72  ctiic.o(i.CT_IIC_Start)
    CT_IIC_Stop                              0x080005e9   Thumb Code    66  ctiic.o(i.CT_IIC_Stop)
    CT_IIC_Wait_Ack                          0x08000639   Thumb Code    80  ctiic.o(i.CT_IIC_Wait_Ack)
    DebugMon_Handler                         0x08000695   Thumb Code     2  stm32f4xx_it.o(i.DebugMon_Handler)
    FSMC_NORSRAM_Extended_Timing_Init        0x08000699   Thumb Code    60  stm32f4xx_ll_fsmc.o(i.FSMC_NORSRAM_Extended_Timing_Init)
    FSMC_NORSRAM_Init                        0x080006d9   Thumb Code    80  stm32f4xx_ll_fsmc.o(i.FSMC_NORSRAM_Init)
    FSMC_NORSRAM_Timing_Init                 0x0800072d   Thumb Code    64  stm32f4xx_ll_fsmc.o(i.FSMC_NORSRAM_Timing_Init)
    GT9147_Init                              0x08000771   Thumb Code   254  gt9147.o(i.GT9147_Init)
    GT9147_RD_Reg                            0x08000885   Thumb Code    96  gt9147.o(i.GT9147_RD_Reg)
    GT9147_Scan                              0x080008e5   Thumb Code   354  gt9147.o(i.GT9147_Scan)
    GT9147_Send_Cfg                          0x08000a59   Thumb Code    74  gt9147.o(i.GT9147_Send_Cfg)
    GT9147_WR_Reg                            0x08000aa9   Thumb Code    82  gt9147.o(i.GT9147_WR_Reg)
    HAL_GPIO_Init                            0x08000b9d   Thumb Code   388  stm32f4xx_hal_gpio.o(i.HAL_GPIO_Init)
    HAL_GPIO_WritePin                        0x08000d4d   Thumb Code    10  stm32f4xx_hal_gpio.o(i.HAL_GPIO_WritePin)
    HAL_GetTick                              0x08000d59   Thumb Code     6  stm32f4xx_hal.o(i.HAL_GetTick)
    HAL_IncTick                              0x08000d65   Thumb Code    12  stm32f4xx_hal.o(i.HAL_IncTick)
    HAL_Init                                 0x08000d75   Thumb Code    48  stm32f4xx_hal.o(i.HAL_Init)
    HAL_InitTick                             0x08000da9   Thumb Code   102  stm32f4xx_hal_timebase_tim.o(i.HAL_InitTick)
    HAL_MspInit                              0x08000e1d   Thumb Code   126  stm32f4xx_hal_msp.o(i.HAL_MspInit)
    HAL_NVIC_EnableIRQ                       0x08000ea1   Thumb Code    22  stm32f4xx_hal_cortex.o(i.HAL_NVIC_EnableIRQ)
    HAL_NVIC_SetPriority                     0x08000eb9   Thumb Code    60  stm32f4xx_hal_cortex.o(i.HAL_NVIC_SetPriority)
    HAL_NVIC_SetPriorityGrouping             0x08000ef9   Thumb Code    26  stm32f4xx_hal_cortex.o(i.HAL_NVIC_SetPriorityGrouping)
    HAL_RCC_ClockConfig                      0x08000f1d   Thumb Code   286  stm32f4xx_hal_rcc.o(i.HAL_RCC_ClockConfig)
    HAL_RCC_GetClockConfig                   0x0800104d   Thumb Code    54  stm32f4xx_hal_rcc.o(i.HAL_RCC_GetClockConfig)
    HAL_RCC_GetHCLKFreq                      0x0800108d   Thumb Code     6  stm32f4xx_hal_rcc.o(i.HAL_RCC_GetHCLKFreq)
    HAL_RCC_GetPCLK1Freq                     0x08001099   Thumb Code    20  stm32f4xx_hal_rcc.o(i.HAL_RCC_GetPCLK1Freq)
    HAL_RCC_GetSysClockFreq                  0x080010b9   Thumb Code    88  stm32f4xx_hal_rcc.o(i.HAL_RCC_GetSysClockFreq)
    HAL_RCC_OscConfig                        0x08001119   Thumb Code   770  stm32f4xx_hal_rcc.o(i.HAL_RCC_OscConfig)
    HAL_SRAM_Init                            0x08001435   Thumb Code    86  stm32f4xx_hal_sram.o(i.HAL_SRAM_Init)
    HAL_SRAM_MspInit                         0x0800148b   Thumb Code     4  fsmc.o(i.HAL_SRAM_MspInit)
    HAL_SYSTICK_CLKSourceConfig              0x0800148f   Thumb Code    24  stm32f4xx_hal_cortex.o(i.HAL_SYSTICK_CLKSourceConfig)
    HAL_SYSTICK_Config                       0x080014a7   Thumb Code    40  stm32f4xx_hal_cortex.o(i.HAL_SYSTICK_Config)
    HAL_TIMEx_BreakCallback                  0x080014cf   Thumb Code     2  stm32f4xx_hal_tim_ex.o(i.HAL_TIMEx_BreakCallback)
    HAL_TIMEx_CommutationCallback            0x080014d1   Thumb Code     2  stm32f4xx_hal_tim_ex.o(i.HAL_TIMEx_CommutationCallback)
    HAL_TIM_Base_Init                        0x080014d3   Thumb Code    54  stm32f4xx_hal_tim.o(i.HAL_TIM_Base_Init)
    HAL_TIM_Base_MspInit                     0x08001509   Thumb Code     2  stm32f4xx_hal_tim.o(i.HAL_TIM_Base_MspInit)
    HAL_TIM_Base_Start_IT                    0x0800150b   Thumb Code    24  stm32f4xx_hal_tim.o(i.HAL_TIM_Base_Start_IT)
    HAL_TIM_IC_CaptureCallback               0x08001523   Thumb Code     2  stm32f4xx_hal_tim.o(i.HAL_TIM_IC_CaptureCallback)
    HAL_TIM_IRQHandler                       0x08001525   Thumb Code   358  stm32f4xx_hal_tim.o(i.HAL_TIM_IRQHandler)
    HAL_TIM_OC_DelayElapsedCallback          0x0800168b   Thumb Code     2  stm32f4xx_hal_tim.o(i.HAL_TIM_OC_DelayElapsedCallback)
    HAL_TIM_PWM_PulseFinishedCallback        0x0800168d   Thumb Code     2  stm32f4xx_hal_tim.o(i.HAL_TIM_PWM_PulseFinishedCallback)
    HAL_TIM_PeriodElapsedCallback            0x0800168f   Thumb Code    14  main.o(i.HAL_TIM_PeriodElapsedCallback)
    HAL_TIM_TriggerCallback                  0x0800169d   Thumb Code     2  stm32f4xx_hal_tim.o(i.HAL_TIM_TriggerCallback)
    HardFault_Handler                        0x0800169f   Thumb Code     2  stm32f4xx_it.o(i.HardFault_Handler)
    LCD_Clear                                0x080016a1   Thumb Code    98  lcd.o(i.LCD_Clear)
    LCD_Display_Dir                          0x08001709   Thumb Code   304  lcd.o(i.LCD_Display_Dir)
    LCD_Fast_DrawPoint                       0x0800183d   Thumb Code   276  lcd.o(i.LCD_Fast_DrawPoint)
    LCD_Fill                                 0x08001955   Thumb Code   134  lcd.o(i.LCD_Fill)
    LCD_Init                                 0x080019e1   Thumb Code  4048  lcd.o(i.LCD_Init)
    LCD_RD_DATA                              0x080029b5   Thumb Code    20  lcd.o(i.LCD_RD_DATA)
    LCD_ReadReg                              0x080029c9   Thumb Code    20  lcd.o(i.LCD_ReadReg)
    LCD_Scan_Dir                             0x080029dd   Thumb Code   510  lcd.o(i.LCD_Scan_Dir)
    LCD_SetCursor                            0x08002be1   Thumb Code   344  lcd.o(i.LCD_SetCursor)
    LCD_ShowChar                             0x08002d3d   Thumb Code   190  lcd.o(i.LCD_ShowChar)
    LCD_ShowString                           0x08002e11   Thumb Code    84  lcd.o(i.LCD_ShowString)
    LCD_WR_DATA                              0x08002e65   Thumb Code    24  lcd.o(i.LCD_WR_DATA)
    LCD_WR_REG                               0x08002e7d   Thumb Code    24  lcd.o(i.LCD_WR_REG)
    LCD_WriteRAM_Prepare                     0x08002e95   Thumb Code    14  lcd.o(i.LCD_WriteRAM_Prepare)
    LCD_WriteReg                             0x08002ea9   Thumb Code    12  lcd.o(i.LCD_WriteReg)
    Load_Drow_Dialog                         0x08002eb5   Thumb Code    50  freertos.o(i.Load_Drow_Dialog)
    MX_FREERTOS_Init                         0x08002ef5   Thumb Code    66  freertos.o(i.MX_FREERTOS_Init)
    MX_FSMC_Init                             0x08002f41   Thumb Code    96  fsmc.o(i.MX_FSMC_Init)
    MX_GPIO_Init                             0x08002fb9   Thumb Code   156  gpio.o(i.MX_GPIO_Init)
    MemManage_Handler                        0x0800305d   Thumb Code     2  stm32f4xx_it.o(i.MemManage_Handler)
    NMI_Handler                              0x0800305f   Thumb Code     2  stm32f4xx_it.o(i.NMI_Handler)
    StartDefaultTask                         0x08003081   Thumb Code     8  freertos.o(i.StartDefaultTask)
    Start_lcd_Task                           0x08003089   Thumb Code    46  freertos.o(i.Start_lcd_Task)
    SysTick_Handler                          0x080030cd   Thumb Code     4  stm32f4xx_it.o(i.SysTick_Handler)
    SystemClock_Config                       0x080030d1   Thumb Code   148  main.o(i.SystemClock_Config)
    SystemInit                               0x0800316d   Thumb Code    66  system_stm32f4xx.o(i.SystemInit)
    TIM2_IRQHandler                          0x080031c1   Thumb Code     6  stm32f4xx_it.o(i.TIM2_IRQHandler)
    TIM_Base_SetConfig                       0x080031cd   Thumb Code   148  stm32f4xx_hal_tim.o(i.TIM_Base_SetConfig)
    TP_Init                                  0x0800328d   Thumb Code    52  touch.o(i.TP_Init)
    UsageFault_Handler                       0x080032cd   Thumb Code     2  stm32f4xx_it.o(i.UsageFault_Handler)
    _Error_Handler                           0x080032cf   Thumb Code     2  main.o(i._Error_Handler)
    __scatterload_copy                       0x080032d1   Thumb Code    14  handlers.o(i.__scatterload_copy)
    __scatterload_null                       0x080032df   Thumb Code     2  handlers.o(i.__scatterload_null)
    __scatterload_zeroinit                   0x080032e1   Thumb Code    14  handlers.o(i.__scatterload_zeroinit)
    ctp_test                                 0x080032f1   Thumb Code   170  freertos.o(i.ctp_test)
    gui_draw_hline                           0x080033a9   Thumb Code    22  freertos.o(i.gui_draw_hline)
    gui_fill_circle                          0x080033bf   Thumb Code   182  freertos.o(i.gui_fill_circle)
    lcd_draw_bline                           0x08003475   Thumb Code   182  freertos.o(i.lcd_draw_bline)
    main                                     0x0800352b   Thumb Code    26  main.o(i.main)
    opt_delay                                0x08003551   Thumb Code     8  delay.o(i.opt_delay)
    osDelay                                  0x08003559   Thumb Code    14  cmsis_os.o(i.osDelay)
    osKernelStart                            0x08003567   Thumb Code    10  cmsis_os.o(i.osKernelStart)
    osSemaphoreCreate                        0x08003571   Thumb Code    38  cmsis_os.o(i.osSemaphoreCreate)
    osSystickHandler                         0x08003597   Thumb Code    20  cmsis_os.o(i.osSystickHandler)
    osThreadCreate                           0x080035ab   Thumb Code    46  cmsis_os.o(i.osThreadCreate)
    pvPortMalloc                             0x080039ed   Thumb Code   210  heap_4.o(i.pvPortMalloc)
    pxPortInitialiseStack                    0x08003ac5   Thumb Code    40  port.o(i.pxPortInitialiseStack)
    uxListRemove                             0x08003af1   Thumb Code    36  list.o(i.uxListRemove)
    vListInitialise                          0x08003b15   Thumb Code    22  list.o(i.vListInitialise)
    vListInitialiseItem                      0x08003b2b   Thumb Code     6  list.o(i.vListInitialiseItem)
    vListInsert                              0x08003b31   Thumb Code    48  list.o(i.vListInsert)
    vListInsertEnd                           0x08003b61   Thumb Code    24  list.o(i.vListInsertEnd)
    vPortEnterCritical                       0x08003b79   Thumb Code    54  port.o(i.vPortEnterCritical)
    vPortExitCritical                        0x08003bb9   Thumb Code    34  port.o(i.vPortExitCritical)
    vPortFree                                0x08003be1   Thumb Code    88  heap_4.o(i.vPortFree)
    vPortSetupTimerInterrupt                 0x08003c3d   Thumb Code    26  port.o(i.vPortSetupTimerInterrupt)
    vTaskDelay                               0x08003c5d   Thumb Code    66  tasks.o(i.vTaskDelay)
    vTaskMissedYield                         0x08003ca9   Thumb Code     8  tasks.o(i.vTaskMissedYield)
    vTaskPlaceOnEventList                    0x08003cb5   Thumb Code    44  tasks.o(i.vTaskPlaceOnEventList)
    vTaskSetTimeOutState                     0x08003ce5   Thumb Code    30  tasks.o(i.vTaskSetTimeOutState)
    vTaskStartScheduler                      0x08003d09   Thumb Code    86  tasks.o(i.vTaskStartScheduler)
    vTaskSuspendAll                          0x08003d71   Thumb Code    10  tasks.o(i.vTaskSuspendAll)
    vTaskSwitchContext                       0x08003d81   Thumb Code    82  tasks.o(i.vTaskSwitchContext)
    xPortStartScheduler                      0x08003ddd   Thumb Code   202  port.o(i.xPortStartScheduler)
    xPortSysTickHandler                      0x08003ebd   Thumb Code    38  port.o(i.xPortSysTickHandler)
    xQueueGenericCreate                      0x08003ee9   Thumb Code    72  queue.o(i.xQueueGenericCreate)
    xQueueGenericReset                       0x08003f31   Thumb Code   132  queue.o(i.xQueueGenericReset)
    xQueueGenericSend                        0x08003fb9   Thumb Code   346  queue.o(i.xQueueGenericSend)
    xTaskCheckForTimeOut                     0x08004119   Thumb Code   102  tasks.o(i.xTaskCheckForTimeOut)
    xTaskCreate                              0x08004185   Thumb Code    86  tasks.o(i.xTaskCreate)
    xTaskGetSchedulerState                   0x080041dd   Thumb Code    22  tasks.o(i.xTaskGetSchedulerState)
    xTaskIncrementTick                       0x080041f9   Thumb Code   192  tasks.o(i.xTaskIncrementTick)
    xTaskPriorityDisinherit                  0x080042c1   Thumb Code   144  tasks.o(i.xTaskPriorityDisinherit)
    xTaskRemoveFromEventList                 0x08004359   Thumb Code   108  tasks.o(i.xTaskRemoveFromEventList)
    xTaskResumeAll                           0x080043cd   Thumb Code   182  tasks.o(i.xTaskResumeAll)
    asc2_1206                                0x08004490   Data        1140  lcd.o(.constdata)
    asc2_1608                                0x08004904   Data        1520  lcd.o(.constdata)
    asc2_2412                                0x08004ef4   Data        3420  lcd.o(.constdata)
    GT9147_CFG_TBL                           0x08005c50   Data         184  gt9147.o(.constdata)
    GT9147_TPX_TBL                           0x08005d08   Data          10  gt9147.o(.constdata)
    POINT_COLOR_TBL                          0x08005d14   Data          10  freertos.o(.constdata)
    AHBPrescTable                            0x08005d48   Data          16  system_stm32f4xx.o(.constdata)
    APBPrescTable                            0x08005d58   Data           8  system_stm32f4xx.o(.constdata)
    Region$$Table$$Base                      0x08005d78   Number         0  anon$$obj.o(Region$$Table)
    Region$$Table$$Limit                     0x08005d98   Number         0  anon$$obj.o(Region$$Table)
    POINT_COLOR                              0x20000000   Data           2  lcd.o(.data)
    BACK_COLOR                               0x20000002   Data           2  lcd.o(.data)
    CMD_RDX                                  0x20000008   Data           1  touch.o(.data)
    CMD_RDY                                  0x20000009   Data           1  touch.o(.data)
    tp_dev                                   0x2000000c   Data          48  touch.o(.data)
    defaultTaskHandle                        0x2000003c   Data           4  freertos.o(.data)
    BinarySem01Handle                        0x20000040   Data           4  freertos.o(.data)
    lcd_TaskHandle                           0x20000044   Data           4  freertos.o(.data)
    uwTickFreq                               0x20000050   Data           1  stm32f4xx_hal.o(.data)
    uwTickPrio                               0x20000054   Data           4  stm32f4xx_hal.o(.data)
    uwTick                                   0x20000058   Data           4  stm32f4xx_hal.o(.data)
    SystemCoreClock                          0x2000005c   Data           4  system_stm32f4xx.o(.data)
    pxCurrentTCB                             0x20000084   Data           4  tasks.o(.data)
    lcddev                                   0x200000c0   Data          14  lcd.o(.bss)
    hsram1                                   0x200000d0   Data          80  fsmc.o(.bss)
    htim2                                    0x20000120   Data          60  stm32f4xx_hal_timebase_tim.o(.bss)
    __initial_sp                             0x20004e50   Data           0  startup_stm32f407xx.o(STACK)



==============================================================================

Memory Map of the image

  Image Entry point : 0x08000189

  Load Region LR_IROM1 (Base: 0x08000000, Size: 0x00005e58, Max: 0x00080000, ABSOLUTE)

    Execution Region ER_IROM1 (Base: 0x08000000, Size: 0x00005d98, Max: 0x00080000, ABSOLUTE)

    Base Addr    Size         Type   Attr      Idx    E Section Name        Object

    0x08000000   0x00000188   Data   RO            3    RESET               startup_stm32f407xx.o
    0x08000188   0x00000000   Code   RO         4367  * .ARM.Collect$$$$00000000  mc_w.l(entry.o)
    0x08000188   0x00000004   Code   RO         4384    .ARM.Collect$$$$00000001  mc_w.l(entry2.o)
    0x0800018c   0x00000004   Code   RO         4387    .ARM.Collect$$$$00000004  mc_w.l(entry5.o)
    0x08000190   0x00000000   Code   RO         4389    .ARM.Collect$$$$00000008  mc_w.l(entry7b.o)
    0x08000190   0x00000000   Code   RO         4391    .ARM.Collect$$$$0000000A  mc_w.l(entry8b.o)
    0x08000190   0x00000008   Code   RO         4392    .ARM.Collect$$$$0000000B  mc_w.l(entry9a.o)
    0x08000198   0x00000000   Code   RO         4394    .ARM.Collect$$$$0000000D  mc_w.l(entry10a.o)
    0x08000198   0x00000000   Code   RO         4396    .ARM.Collect$$$$0000000F  mc_w.l(entry11a.o)
    0x08000198   0x00000004   Code   RO         4385    .ARM.Collect$$$$00002712  mc_w.l(entry2.o)
    0x0800019c   0x000000ba   Code   RO         3273    .emb_text           port.o
    0x08000256   0x00000002   PAD
    0x08000258   0x00000024   Code   RO            4    .text               startup_stm32f407xx.o
    0x0800027c   0x00000062   Code   RO         4370    .text               mc_w.l(uldiv.o)
    0x080002de   0x00000024   Code   RO         4372    .text               mc_w.l(memcpya.o)
    0x08000302   0x0000001c   Code   RO         4374    .text               mc_w.l(strcmp.o)
    0x0800031e   0x0000001e   Code   RO         4398    .text               mc_w.l(llshl.o)
    0x0800033c   0x00000020   Code   RO         4400    .text               mc_w.l(llushr.o)
    0x0800035c   0x00000024   Code   RO         4405    .text               mc_w.l(init.o)
    0x08000380   0x00000002   Code   RO          854    i.BusFault_Handler  stm32f4xx_it.o
    0x08000382   0x00000002   PAD
    0x08000384   0x00000058   Code   RO          416    i.CT_IIC_Ack        ctiic.o
    0x080003dc   0x00000074   Code   RO          417    i.CT_IIC_Init       ctiic.o
    0x08000450   0x00000058   Code   RO          418    i.CT_IIC_NAck       ctiic.o
    0x080004a8   0x0000007c   Code   RO          419    i.CT_IIC_Read_Byte  ctiic.o
    0x08000524   0x00000070   Code   RO          420    i.CT_IIC_Send_Byte  ctiic.o
    0x08000594   0x00000054   Code   RO          421    i.CT_IIC_Start      ctiic.o
    0x080005e8   0x00000050   Code   RO          422    i.CT_IIC_Stop       ctiic.o
    0x08000638   0x0000005c   Code   RO          423    i.CT_IIC_Wait_Ack   ctiic.o
    0x08000694   0x00000002   Code   RO          855    i.DebugMon_Handler  stm32f4xx_it.o
    0x08000696   0x00000002   PAD
    0x08000698   0x00000040   Code   RO          996    i.FSMC_NORSRAM_Extended_Timing_Init  stm32f4xx_ll_fsmc.o
    0x080006d8   0x00000054   Code   RO          997    i.FSMC_NORSRAM_Init  stm32f4xx_ll_fsmc.o
    0x0800072c   0x00000044   Code   RO          998    i.FSMC_NORSRAM_Timing_Init  stm32f4xx_ll_fsmc.o
    0x08000770   0x00000114   Code   RO          490    i.GT9147_Init       gt9147.o
    0x08000884   0x00000060   Code   RO          491    i.GT9147_RD_Reg     gt9147.o
    0x080008e4   0x00000174   Code   RO          492    i.GT9147_Scan       gt9147.o
    0x08000a58   0x00000050   Code   RO          493    i.GT9147_Send_Cfg   gt9147.o
    0x08000aa8   0x00000052   Code   RO          494    i.GT9147_WR_Reg     gt9147.o
    0x08000afa   0x00000002   PAD
    0x08000afc   0x000000a0   Code   RO          806    i.HAL_FSMC_MspInit  fsmc.o
    0x08000b9c   0x000001b0   Code   RO         2459    i.HAL_GPIO_Init     stm32f4xx_hal_gpio.o
    0x08000d4c   0x0000000a   Code   RO         2463    i.HAL_GPIO_WritePin  stm32f4xx_hal_gpio.o
    0x08000d56   0x00000002   PAD
    0x08000d58   0x0000000c   Code   RO         2991    i.HAL_GetTick       stm32f4xx_hal.o
    0x08000d64   0x00000010   Code   RO         2995    i.HAL_IncTick       stm32f4xx_hal.o
    0x08000d74   0x00000034   Code   RO         2996    i.HAL_Init          stm32f4xx_hal.o
    0x08000da8   0x00000074   Code   RO          948    i.HAL_InitTick      stm32f4xx_hal_timebase_tim.o
    0x08000e1c   0x00000084   Code   RO          924    i.HAL_MspInit       stm32f4xx_hal_msp.o
    0x08000ea0   0x00000016   Code   RO         2848    i.HAL_NVIC_EnableIRQ  stm32f4xx_hal_cortex.o
    0x08000eb6   0x00000002   PAD
    0x08000eb8   0x00000040   Code   RO         2854    i.HAL_NVIC_SetPriority  stm32f4xx_hal_cortex.o
    0x08000ef8   0x00000024   Code   RO         2855    i.HAL_NVIC_SetPriorityGrouping  stm32f4xx_hal_cortex.o
    0x08000f1c   0x00000130   Code   RO         2105    i.HAL_RCC_ClockConfig  stm32f4xx_hal_rcc.o
    0x0800104c   0x00000040   Code   RO         2109    i.HAL_RCC_GetClockConfig  stm32f4xx_hal_rcc.o
    0x0800108c   0x0000000c   Code   RO         2110    i.HAL_RCC_GetHCLKFreq  stm32f4xx_hal_rcc.o
    0x08001098   0x00000020   Code   RO         2112    i.HAL_RCC_GetPCLK1Freq  stm32f4xx_hal_rcc.o
    0x080010b8   0x00000060   Code   RO         2114    i.HAL_RCC_GetSysClockFreq  stm32f4xx_hal_rcc.o
    0x08001118   0x0000031c   Code   RO         2117    i.HAL_RCC_OscConfig  stm32f4xx_hal_rcc.o
    0x08001434   0x00000056   Code   RO         1118    i.HAL_SRAM_Init     stm32f4xx_hal_sram.o
    0x0800148a   0x00000004   Code   RO          808    i.HAL_SRAM_MspInit  fsmc.o
    0x0800148e   0x00000018   Code   RO         2857    i.HAL_SYSTICK_CLKSourceConfig  stm32f4xx_hal_cortex.o
    0x080014a6   0x00000028   Code   RO         2859    i.HAL_SYSTICK_Config  stm32f4xx_hal_cortex.o
    0x080014ce   0x00000002   Code   RO         1865    i.HAL_TIMEx_BreakCallback  stm32f4xx_hal_tim_ex.o
    0x080014d0   0x00000002   Code   RO         1866    i.HAL_TIMEx_CommutationCallback  stm32f4xx_hal_tim_ex.o
    0x080014d2   0x00000036   Code   RO         1236    i.HAL_TIM_Base_Init  stm32f4xx_hal_tim.o
    0x08001508   0x00000002   Code   RO         1238    i.HAL_TIM_Base_MspInit  stm32f4xx_hal_tim.o
    0x0800150a   0x00000018   Code   RO         1241    i.HAL_TIM_Base_Start_IT  stm32f4xx_hal_tim.o
    0x08001522   0x00000002   Code   RO         1265    i.HAL_TIM_IC_CaptureCallback  stm32f4xx_hal_tim.o
    0x08001524   0x00000166   Code   RO         1278    i.HAL_TIM_IRQHandler  stm32f4xx_hal_tim.o
    0x0800168a   0x00000002   Code   RO         1281    i.HAL_TIM_OC_DelayElapsedCallback  stm32f4xx_hal_tim.o
    0x0800168c   0x00000002   Code   RO         1308    i.HAL_TIM_PWM_PulseFinishedCallback  stm32f4xx_hal_tim.o
    0x0800168e   0x0000000e   Code   RO          634    i.HAL_TIM_PeriodElapsedCallback  main.o
    0x0800169c   0x00000002   Code   RO         1319    i.HAL_TIM_TriggerCallback  stm32f4xx_hal_tim.o
    0x0800169e   0x00000002   Code   RO          856    i.HardFault_Handler  stm32f4xx_it.o
    0x080016a0   0x00000068   Code   RO           14    i.LCD_Clear         lcd.o
    0x08001708   0x00000134   Code   RO           18    i.LCD_Display_Dir   lcd.o
    0x0800183c   0x00000118   Code   RO           23    i.LCD_Fast_DrawPoint  lcd.o
    0x08001954   0x0000008c   Code   RO           24    i.LCD_Fill          lcd.o
    0x080019e0   0x00000fd4   Code   RO           25    i.LCD_Init          lcd.o
    0x080029b4   0x00000014   Code   RO           27    i.LCD_RD_DATA       lcd.o
    0x080029c8   0x00000014   Code   RO           29    i.LCD_ReadReg       lcd.o
    0x080029dc   0x00000204   Code   RO           31    i.LCD_Scan_Dir      lcd.o
    0x08002be0   0x0000015c   Code   RO           32    i.LCD_SetCursor     lcd.o
    0x08002d3c   0x000000d4   Code   RO           34    i.LCD_ShowChar      lcd.o
    0x08002e10   0x00000054   Code   RO           36    i.LCD_ShowString    lcd.o
    0x08002e64   0x00000018   Code   RO           38    i.LCD_WR_DATA       lcd.o
    0x08002e7c   0x00000018   Code   RO           39    i.LCD_WR_REG        lcd.o
    0x08002e94   0x00000014   Code   RO           41    i.LCD_WriteRAM_Prepare  lcd.o
    0x08002ea8   0x0000000c   Code   RO           42    i.LCD_WriteReg      lcd.o
    0x08002eb4   0x00000040   Code   RO          716    i.Load_Drow_Dialog  freertos.o
    0x08002ef4   0x0000004c   Code   RO          717    i.MX_FREERTOS_Init  freertos.o
    0x08002f40   0x00000078   Code   RO          809    i.MX_FSMC_Init      fsmc.o
    0x08002fb8   0x000000a4   Code   RO          692    i.MX_GPIO_Init      gpio.o
    0x0800305c   0x00000002   Code   RO          857    i.MemManage_Handler  stm32f4xx_it.o
    0x0800305e   0x00000002   Code   RO          858    i.NMI_Handler       stm32f4xx_it.o
    0x08003060   0x00000020   Code   RO         2861    i.NVIC_SetPriority  stm32f4xx_hal_cortex.o
    0x08003080   0x00000008   Code   RO          718    i.StartDefaultTask  freertos.o
    0x08003088   0x00000044   Code   RO          719    i.Start_lcd_Task    freertos.o
    0x080030cc   0x00000004   Code   RO          859    i.SysTick_Handler   stm32f4xx_it.o
    0x080030d0   0x0000009c   Code   RO          635    i.SystemClock_Config  main.o
    0x0800316c   0x00000054   Code   RO         3150    i.SystemInit        system_stm32f4xx.o
    0x080031c0   0x0000000c   Code   RO          860    i.TIM2_IRQHandler   stm32f4xx_it.o
    0x080031cc   0x000000c0   Code   RO         1320    i.TIM_Base_SetConfig  stm32f4xx_hal_tim.o
    0x0800328c   0x00000040   Code   RO          554    i.TP_Init           touch.o
    0x080032cc   0x00000002   Code   RO          861    i.UsageFault_Handler  stm32f4xx_it.o
    0x080032ce   0x00000002   Code   RO          636    i._Error_Handler    main.o
    0x080032d0   0x0000000e   Code   RO         4409    i.__scatterload_copy  mc_w.l(handlers.o)
    0x080032de   0x00000002   Code   RO         4410    i.__scatterload_null  mc_w.l(handlers.o)
    0x080032e0   0x0000000e   Code   RO         4411    i.__scatterload_zeroinit  mc_w.l(handlers.o)
    0x080032ee   0x00000002   PAD
    0x080032f0   0x000000b8   Code   RO          720    i.ctp_test          freertos.o
    0x080033a8   0x00000016   Code   RO          721    i.gui_draw_hline    freertos.o
    0x080033be   0x000000b6   Code   RO          722    i.gui_fill_circle   freertos.o
    0x08003474   0x000000b6   Code   RO          723    i.lcd_draw_bline    freertos.o
    0x0800352a   0x0000001a   Code   RO          637    i.main              main.o
    0x08003544   0x0000000c   Code   RO         3987    i.makeFreeRtosPriority  cmsis_os.o
    0x08003550   0x00000008   Code   RO          387    i.opt_delay         delay.o
    0x08003558   0x0000000e   Code   RO         3989    i.osDelay           cmsis_os.o
    0x08003566   0x0000000a   Code   RO         3992    i.osKernelStart     cmsis_os.o
    0x08003570   0x00000026   Code   RO         4018    i.osSemaphoreCreate  cmsis_os.o
    0x08003596   0x00000014   Code   RO         4025    i.osSystickHandler  cmsis_os.o
    0x080035aa   0x0000002e   Code   RO         4026    i.osThreadCreate    cmsis_os.o
    0x080035d8   0x00000070   Code   RO         3676    i.prvAddCurrentTaskToDelayedList  tasks.o
    0x08003648   0x000000d0   Code   RO         3677    i.prvAddNewTaskToReadyList  tasks.o
    0x08003718   0x00000050   Code   RO         3678    i.prvCheckTasksWaitingTermination  tasks.o
    0x08003768   0x0000006c   Code   RO         3525    i.prvCopyDataToQueue  queue.o
    0x080037d4   0x00000014   Code   RO         3679    i.prvDeleteTCB      tasks.o
    0x080037e8   0x0000004c   Code   RO         3187    i.prvHeapInit       heap_4.o
    0x08003834   0x00000028   Code   RO         3680    i.prvIdleTask       tasks.o
    0x0800385c   0x0000008e   Code   RO         3681    i.prvInitialiseNewTask  tasks.o
    0x080038ea   0x00000002   PAD
    0x080038ec   0x0000004c   Code   RO         3188    i.prvInsertBlockIntoFreeList  heap_4.o
    0x08003938   0x00000020   Code   RO         3682    i.prvResetNextTaskUnblockTime  tasks.o
    0x08003958   0x00000028   Code   RO         3274    i.prvTaskExitError  port.o
    0x08003980   0x0000006a   Code   RO         3527    i.prvUnlockQueue    queue.o
    0x080039ea   0x00000002   PAD
    0x080039ec   0x000000d8   Code   RO         3189    i.pvPortMalloc      heap_4.o
    0x08003ac4   0x0000002c   Code   RO         3275    i.pxPortInitialiseStack  port.o
    0x08003af0   0x00000024   Code   RO         3475    i.uxListRemove      list.o
    0x08003b14   0x00000016   Code   RO         3476    i.vListInitialise   list.o
    0x08003b2a   0x00000006   Code   RO         3477    i.vListInitialiseItem  list.o
    0x08003b30   0x00000030   Code   RO         3478    i.vListInsert       list.o
    0x08003b60   0x00000018   Code   RO         3479    i.vListInsertEnd    list.o
    0x08003b78   0x00000040   Code   RO         3277    i.vPortEnterCritical  port.o
    0x08003bb8   0x00000028   Code   RO         3278    i.vPortExitCritical  port.o
    0x08003be0   0x0000005c   Code   RO         3190    i.vPortFree         heap_4.o
    0x08003c3c   0x00000020   Code   RO         3279    i.vPortSetupTimerInterrupt  port.o
    0x08003c5c   0x0000004c   Code   RO         3690    i.vTaskDelay        tasks.o
    0x08003ca8   0x0000000c   Code   RO         3693    i.vTaskMissedYield  tasks.o
    0x08003cb4   0x00000030   Code   RO         3695    i.vTaskPlaceOnEventList  tasks.o
    0x08003ce4   0x00000024   Code   RO         3700    i.vTaskSetTimeOutState  tasks.o
    0x08003d08   0x00000068   Code   RO         3701    i.vTaskStartScheduler  tasks.o
    0x08003d70   0x00000010   Code   RO         3703    i.vTaskSuspendAll   tasks.o
    0x08003d80   0x0000005c   Code   RO         3704    i.vTaskSwitchContext  tasks.o
    0x08003ddc   0x000000e0   Code   RO         3281    i.xPortStartScheduler  port.o
    0x08003ebc   0x0000002c   Code   RO         3282    i.xPortSysTickHandler  port.o
    0x08003ee8   0x00000048   Code   RO         3535    i.xQueueGenericCreate  queue.o
    0x08003f30   0x00000088   Code   RO         3537    i.xQueueGenericReset  queue.o
    0x08003fb8   0x00000160   Code   RO         3538    i.xQueueGenericSend  queue.o
    0x08004118   0x0000006c   Code   RO         3705    i.xTaskCheckForTimeOut  tasks.o
    0x08004184   0x00000056   Code   RO         3706    i.xTaskCreate       tasks.o
    0x080041da   0x00000002   PAD
    0x080041dc   0x0000001c   Code   RO         3710    i.xTaskGetSchedulerState  tasks.o
    0x080041f8   0x000000c8   Code   RO         3713    i.xTaskIncrementTick  tasks.o
    0x080042c0   0x00000098   Code   RO         3716    i.xTaskPriorityDisinherit  tasks.o
    0x08004358   0x00000074   Code   RO         3717    i.xTaskRemoveFromEventList  tasks.o
    0x080043cc   0x000000c4   Code   RO         3719    i.xTaskResumeAll    tasks.o
    0x08004490   0x000017c0   Data   RO           44    .constdata          lcd.o
    0x08005c50   0x000000c2   Data   RO          495    .constdata          gt9147.o
    0x08005d12   0x00000002   PAD
    0x08005d14   0x00000034   Data   RO          725    .constdata          freertos.o
    0x08005d48   0x00000010   Data   RO         3151    .constdata          system_stm32f4xx.o
    0x08005d58   0x00000008   Data   RO         3152    .constdata          system_stm32f4xx.o
    0x08005d60   0x00000018   Data   RO          726    .conststring        freertos.o
    0x08005d78   0x00000020   Data   RO         4407    Region$$Table       anon$$obj.o


    Execution Region RW_IRAM1 (Base: 0x20000000, Size: 0x00004e50, Max: 0x00020000, ABSOLUTE)

    Base Addr    Size         Type   Attr      Idx    E Section Name        Object

    0x20000000   0x00000004   Data   RW           45    .data               lcd.o
    0x20000004   0x00000001   Data   RW          496    .data               gt9147.o
    0x20000005   0x00000003   PAD
    0x20000008   0x00000034   Data   RW          561    .data               touch.o
    0x2000003c   0x0000000c   Data   RW          727    .data               freertos.o
    0x20000048   0x00000008   Data   RW          811    .data               fsmc.o
    0x20000050   0x0000000c   Data   RW         3003    .data               stm32f4xx_hal.o
    0x2000005c   0x00000004   Data   RW         3153    .data               system_stm32f4xx.o
    0x20000060   0x00000018   Data   RW         3195    .data               heap_4.o
    0x20000078   0x0000000c   Data   RW         3283    .data               port.o
    0x20000084   0x0000003c   Data   RW         3722    .data               tasks.o
    0x200000c0   0x0000000e   Zero   RW           43    .bss                lcd.o
    0x200000ce   0x00000002   PAD
    0x200000d0   0x00000050   Zero   RW          810    .bss                fsmc.o
    0x20000120   0x0000003c   Zero   RW          951    .bss                stm32f4xx_hal_timebase_tim.o
    0x2000015c   0x00003c00   Zero   RW         3194    .bss                heap_4.o
    0x20003d5c   0x000000f0   Zero   RW         3721    .bss                tasks.o
    0x20003e4c   0x00000004   PAD
    0x20003e50   0x00001000   Zero   RW            1    STACK               startup_stm32f407xx.o


==============================================================================

Image component sizes


      Code (inc. data)   RO Data    RW Data    ZI Data      Debug   Object Name

       140          0          0          0          0      13756   cmsis_os.o
       784        106          0          0          0       5413   ctiic.o
         8          0          0          0          0       2384   delay.o
         0          0          0          0          0       8020   event_groups.o
       786         60         76         12          0       5694   freertos.o
       284         48          0          8         80       2159   fsmc.o
       164          8          0          0          0       1015   gpio.o
       906         46        194          1          0       4402   gt9147.o
       460         24          0         24      15360       8503   heap_4.o
      6164         92       6080          4         14     718703   lcd.o
       136          0          0          0          0       3302   list.o
       198          8          0          0          0       2685   main.o
       674         74          0         12          0      10876   port.o
       774         10          0          0          0       6843   queue.o
        36          8        392          0       4096        824   startup_stm32f407xx.o
        80         14          0         12          0       3198   stm32f4xx_hal.o
       218         14          0          0          0      30585   stm32f4xx_hal_cortex.o
       442         44          0          0          0       2172   stm32f4xx_hal_gpio.o
       132          6          0          0          0        890   stm32f4xx_hal_msp.o
      1304         80          0          0          0       5374   stm32f4xx_hal_rcc.o
        86          0          0          0          0       1092   stm32f4xx_hal_sram.o
       638         44          0          0          0       6790   stm32f4xx_hal_tim.o
         4          0          0          0          0       1582   stm32f4xx_hal_tim_ex.o
       116         14          0          0         60       1392   stm32f4xx_hal_timebase_tim.o
        28          6          0          0          0       3561   stm32f4xx_it.o
       216         12          0          0          0       2463   stm32f4xx_ll_fsmc.o
        84         18         24          4          0       1131   system_stm32f4xx.o
      1904        158          0         60        240      19686   tasks.o
        64         12          0         52          0       1459   touch.o

    ----------------------------------------------------------------------
     16848        906       6800        192      19856     875954   Object Totals
         0          0         32          0          0          0   (incl. Generated)
        18          0          2          3          6          0   (incl. Padding)

    ----------------------------------------------------------------------

      Code (inc. data)   RO Data    RW Data    ZI Data      Debug   Library Member Name

         0          0          0          0          0          0   entry.o
         0          0          0          0          0          0   entry10a.o
         0          0          0          0          0          0   entry11a.o
         8          4          0          0          0          0   entry2.o
         4          0          0          0          0          0   entry5.o
         0          0          0          0          0          0   entry7b.o
         0          0          0          0          0          0   entry8b.o
         8          4          0          0          0          0   entry9a.o
        30          0          0          0          0          0   handlers.o
        36          8          0          0          0         68   init.o
        30          0          0          0          0         68   llshl.o
        32          0          0          0          0         68   llushr.o
        36          0          0          0          0         68   memcpya.o
        28          0          0          0          0         76   strcmp.o
        98          0          0          0          0         92   uldiv.o

    ----------------------------------------------------------------------
       312         16          0          0          0        440   Library Totals
         2          0          0          0          0          0   (incl. Padding)

    ----------------------------------------------------------------------

      Code (inc. data)   RO Data    RW Data    ZI Data      Debug   Library Name

       310         16          0          0          0        440   mc_w.l

    ----------------------------------------------------------------------
       312         16          0          0          0        440   Library Totals

    ----------------------------------------------------------------------

==============================================================================


      Code (inc. data)   RO Data    RW Data    ZI Data      Debug   

     17160        922       6800        192      19856     863542   Grand Totals
     17160        922       6800        192      19856     863542   ELF Image Totals
     17160        922       6800        192          0          0   ROM Totals

==============================================================================

    Total RO  Size (Code + RO Data)                23960 (  23.40kB)
    Total RW  Size (RW Data + ZI Data)             20048 (  19.58kB)
    Total ROM Size (Code + RO Data + RW Data)      24152 (  23.59kB)

==============================================================================

