Component: ARM Compiler 5.05 update 1 (build 106) Tool: armlink [4d0efa]

==============================================================================

Section Cross References

    startup_stm32f407xx.o(RESET) refers to startup_stm32f407xx.o(STACK) for __initial_sp
    startup_stm32f407xx.o(RESET) refers to startup_stm32f407xx.o(.text) for Reset_Handler
    startup_stm32f407xx.o(RESET) refers to stm32f4xx_it.o(i.NMI_Handler) for NMI_Handler
    startup_stm32f407xx.o(RESET) refers to stm32f4xx_it.o(i.HardFault_Handler) for HardFault_Handler
    startup_stm32f407xx.o(RESET) refers to stm32f4xx_it.o(i.MemManage_Handler) for MemManage_Handler
    startup_stm32f407xx.o(RESET) refers to stm32f4xx_it.o(i.BusFault_Handler) for BusFault_Handler
    startup_stm32f407xx.o(RESET) refers to stm32f4xx_it.o(i.UsageFault_Handler) for UsageFault_Handler
    startup_stm32f407xx.o(RESET) refers to port.o(.emb_text) for SVC_Handler
    startup_stm32f407xx.o(RESET) refers to stm32f4xx_it.o(i.DebugMon_Handler) for DebugMon_Handler
    startup_stm32f407xx.o(RESET) refers to stm32f4xx_it.o(i.SysTick_Handler) for SysTick_Handler
    startup_stm32f407xx.o(RESET) refers to stm32f4xx_it.o(i.DMA1_Stream0_IRQHandler) for DMA1_Stream0_IRQHandler
    startup_stm32f407xx.o(RESET) refers to stm32f4xx_it.o(i.DMA1_Stream6_IRQHandler) for DMA1_Stream6_IRQHandler
    startup_stm32f407xx.o(RESET) refers to stm32f4xx_it.o(i.TIM2_IRQHandler) for TIM2_IRQHandler
    startup_stm32f407xx.o(.text) refers to system_stm32f4xx.o(i.SystemInit) for SystemInit
    startup_stm32f407xx.o(.text) refers to entry.o(.ARM.Collect$$$$00000000) for __main
    lcd.o(i.LCD_Clear) refers to lcd.o(i.LCD_SetCursor) for LCD_SetCursor
    lcd.o(i.LCD_Clear) refers to lcd.o(i.LCD_WriteRAM_Prepare) for LCD_WriteRAM_Prepare
    lcd.o(i.LCD_Clear) refers to lcd.o(.bss) for .bss
    lcd.o(i.LCD_Color_Fill) refers to lcd.o(i.LCD_SetCursor) for LCD_SetCursor
    lcd.o(i.LCD_Color_Fill) refers to lcd.o(i.LCD_WriteRAM_Prepare) for LCD_WriteRAM_Prepare
    lcd.o(i.LCD_DisplayOff) refers to lcd.o(i.LCD_WriteReg) for LCD_WriteReg
    lcd.o(i.LCD_DisplayOff) refers to lcd.o(i.LCD_WR_REG) for LCD_WR_REG
    lcd.o(i.LCD_DisplayOff) refers to lcd.o(.bss) for .bss
    lcd.o(i.LCD_DisplayOn) refers to lcd.o(i.LCD_WriteReg) for LCD_WriteReg
    lcd.o(i.LCD_DisplayOn) refers to lcd.o(i.LCD_WR_REG) for LCD_WR_REG
    lcd.o(i.LCD_DisplayOn) refers to lcd.o(.bss) for .bss
    lcd.o(i.LCD_Display_Dir) refers to lcd.o(i.LCD_Scan_Dir) for LCD_Scan_Dir
    lcd.o(i.LCD_Display_Dir) refers to lcd.o(.bss) for .bss
    lcd.o(i.LCD_DrawLine) refers to lcd.o(i.LCD_DrawPoint) for LCD_DrawPoint
    lcd.o(i.LCD_DrawPoint) refers to lcd.o(i.LCD_SetCursor) for LCD_SetCursor
    lcd.o(i.LCD_DrawPoint) refers to lcd.o(i.LCD_WriteRAM_Prepare) for LCD_WriteRAM_Prepare
    lcd.o(i.LCD_DrawPoint) refers to lcd.o(.data) for .data
    lcd.o(i.LCD_DrawRectangle) refers to lcd.o(i.LCD_DrawLine) for LCD_DrawLine
    lcd.o(i.LCD_Draw_Circle) refers to lcd.o(i.LCD_DrawPoint) for LCD_DrawPoint
    lcd.o(i.LCD_Fast_DrawPoint) refers to lcd.o(i.LCD_WR_REG) for LCD_WR_REG
    lcd.o(i.LCD_Fast_DrawPoint) refers to lcd.o(i.LCD_WR_DATA) for LCD_WR_DATA
    lcd.o(i.LCD_Fast_DrawPoint) refers to lcd.o(i.LCD_WriteReg) for LCD_WriteReg
    lcd.o(i.LCD_Fast_DrawPoint) refers to lcd.o(.bss) for .bss
    lcd.o(i.LCD_Fill) refers to lcd.o(i.LCD_SetCursor) for LCD_SetCursor
    lcd.o(i.LCD_Fill) refers to lcd.o(i.LCD_WriteRAM_Prepare) for LCD_WriteRAM_Prepare
    lcd.o(i.LCD_Fill) refers to lcd.o(.bss) for .bss
    lcd.o(i.LCD_Init) refers to cmsis_os.o(i.osDelay) for osDelay
    lcd.o(i.LCD_Init) refers to lcd.o(i.LCD_WriteReg) for LCD_WriteReg
    lcd.o(i.LCD_Init) refers to lcd.o(i.LCD_ReadReg) for LCD_ReadReg
    lcd.o(i.LCD_Init) refers to lcd.o(i.LCD_WR_REG) for LCD_WR_REG
    lcd.o(i.LCD_Init) refers to lcd.o(i.LCD_RD_DATA) for LCD_RD_DATA
    lcd.o(i.LCD_Init) refers to lcd.o(.bss) for .bss
    lcd.o(i.LCD_Init) refers to delay.o(i.opt_delay) for opt_delay
    lcd.o(i.LCD_Init) refers to lcd.o(i.LCD_Display_Dir) for LCD_Display_Dir
    lcd.o(i.LCD_Init) refers to lcd.o(i.LCD_Clear) for LCD_Clear
    lcd.o(i.LCD_ReadPoint) refers to lcd.o(i.LCD_SetCursor) for LCD_SetCursor
    lcd.o(i.LCD_ReadPoint) refers to lcd.o(i.LCD_WR_REG) for LCD_WR_REG
    lcd.o(i.LCD_ReadPoint) refers to delay.o(i.opt_delay) for opt_delay
    lcd.o(i.LCD_ReadPoint) refers to lcd.o(i.LCD_RD_DATA) for LCD_RD_DATA
    lcd.o(i.LCD_ReadPoint) refers to lcd.o(i.LCD_BGR2RGB) for LCD_BGR2RGB
    lcd.o(i.LCD_ReadPoint) refers to lcd.o(.bss) for .bss
    lcd.o(i.LCD_ReadReg) refers to lcd.o(i.LCD_WR_REG) for LCD_WR_REG
    lcd.o(i.LCD_ReadReg) refers to delay.o(i.opt_delay) for opt_delay
    lcd.o(i.LCD_ReadReg) refers to lcd.o(i.LCD_RD_DATA) for LCD_RD_DATA
    lcd.o(i.LCD_SSD_BackLightSet) refers to lcd.o(i.LCD_WR_REG) for LCD_WR_REG
    lcd.o(i.LCD_SSD_BackLightSet) refers to lcd.o(i.LCD_WR_DATA) for LCD_WR_DATA
[...]
    ../Drivers/STM32F4xx_HAL_Driver/Src/stm32f4xx_hal_dma.c 0x00000000   Number         0  stm32f4xx_hal_dma.o ABSOLUTE
    ../Drivers/STM32F4xx_HAL_Driver/Src/stm32f4xx_hal_dma_ex.c 0x00000000   Number         0  stm32f4xx_hal_dma_ex.o ABSOLUTE
    ../Drivers/STM32F4xx_HAL_Driver/Src/stm32f4xx_hal_flash.c 0x00000000   Number         0  stm32f4xx_hal_flash.o ABSOLUTE
    ../Drivers/STM32F4xx_HAL_Driver/Src/stm32f4xx_hal_flash_ex.c 0x00000000   Number         0  stm32f4xx_hal_flash_ex.o ABSOLUTE
    ../Drivers/STM32F4xx_HAL_Driver/Src/stm32f4xx_hal_flash_ramfunc.c 0x00000000   Number         0  stm32f4xx_hal_flash_ramfunc.o ABSOLUTE
    ../Drivers/STM32F4xx_HAL_Driver/Src/stm32f4xx_hal_gpio.c 0x00000000   Number         0  stm32f4xx_hal_gpio.o ABSOLUTE
    ../Drivers/STM32F4xx_HAL_Driver/Src/stm32f4xx_hal_i2c.c 0x00000000   Number         0  stm32f4xx_hal_i2c.o ABSOLUTE
    ../Drivers/STM32F4xx_HAL_Driver/Src/stm32f4xx_hal_i2c_ex.c 0x00000000   Number         0  stm32f4xx_hal_i2c_ex.o ABSOLUTE
    ../Drivers/STM32F4xx_HAL_Driver/Src/stm32f4xx_hal_pwr.c 0x00000000   Number         0  stm32f4xx_hal_pwr.o ABSOLUTE
    ../Drivers/STM32F4xx_HAL_Driver/Src/stm32f4xx_hal_pwr_ex.c 0x00000000   Number         0  stm32f4xx_hal_pwr_ex.o ABSOLUTE
    ../Drivers/STM32F4xx_HAL_Driver/Src/stm32f4xx_hal_rcc.c 0x00000000   Number         0  stm32f4xx_hal_rcc.o ABSOLUTE
    ../Drivers/STM32F4xx_HAL_Driver/Src/stm32f4xx_hal_rcc_ex.c 0x00000000   Number         0  stm32f4xx_hal_rcc_ex.o ABSOLUTE
    ../Drivers/STM32F4xx_HAL_Driver/Src/stm32f4xx_hal_sram.c 0x00000000   Number         0  stm32f4xx_hal_sram.o ABSOLUTE
    ../Drivers/STM32F4xx_HAL_Driver/Src/stm32f4xx_hal_tim.c 0x00000000   Number         0  stm32f4xx_hal_tim.o ABSOLUTE
    ../Drivers/STM32F4xx_HAL_Driver/Src/stm32f4xx_hal_tim_ex.c 0x00000000   Number         0  stm32f4xx_hal_tim_ex.o ABSOLUTE
    ../Drivers/STM32F4xx_HAL_Driver/Src/stm32f4xx_ll_fsmc.c 0x00000000   Number         0  stm32f4xx_ll_fsmc.o ABSOLUTE
    ../Middlewares/Third_Party/FreeRTOS/Source/CMSIS_RTOS/cmsis_os.c 0x00000000   Number         0  cmsis_os.o ABSOLUTE
    ../Middlewares/Third_Party/FreeRTOS/Source/croutine.c 0x00000000   Number         0  croutine.o ABSOLUTE
    ../Middlewares/Third_Party/FreeRTOS/Source/event_groups.c 0x00000000   Number         0  event_groups.o ABSOLUTE
    ../Middlewares/Third_Party/FreeRTOS/Source/list.c 0x00000000   Number         0  list.o ABSOLUTE
    ../Middlewares/Third_Party/FreeRTOS/Source/portable/MemMang/heap_4.c 0x00000000   Number         0  heap_4.o ABSOLUTE
    ../Middlewares/Third_Party/FreeRTOS/Source/portable/RVDS/ARM_CM4F/port.c 0x00000000   Number         0  port.o ABSOLUTE
    ../Middlewares/Third_Party/FreeRTOS/Source/queue.c 0x00000000   Number         0  queue.o ABSOLUTE
    ../Middlewares/Third_Party/FreeRTOS/Source/tasks.c 0x00000000   Number         0  tasks.o ABSOLUTE
    ../Middlewares/Third_Party/FreeRTOS/Source/timers.c 0x00000000   Number         0  timers.o ABSOLUTE
    ../Src/dma.c                             0x00000000   Number         0  dma.o ABSOLUTE
    ../Src/freertos.c                        0x00000000   Number         0  freertos.o ABSOLUTE
    ../Src/fsmc.c                            0x00000000   Number         0  fsmc.o ABSOLUTE
    ../Src/gpio.c                            0x00000000   Number         0  gpio.o ABSOLUTE
    ../Src/i2c.c                             0x00000000   Number         0  i2c.o ABSOLUTE
    ../Src/main.c                            0x00000000   Number         0  main.o ABSOLUTE
    ../Src/stm32f4xx_hal_msp.c               0x00000000   Number         0  stm32f4xx_hal_msp.o ABSOLUTE
    ../Src/stm32f4xx_hal_timebase_TIM.c      0x00000000   Number         0  stm32f4xx_hal_timebase_tim.o ABSOLUTE
    ../Src/stm32f4xx_it.c                    0x00000000   Number         0  stm32f4xx_it.o ABSOLUTE
    ../Src/tim.c                             0x00000000   Number         0  tim.o ABSOLUTE
    ../clib/microlib/division.c              0x00000000   Number         0  uldiv.o ABSOLUTE
    ../clib/microlib/init/entry.s            0x00000000   Number         0  entry5.o ABSOLUTE
    ../clib/microlib/init/entry.s            0x00000000   Number         0  entry7a.o ABSOLUTE
    ../clib/microlib/init/entry.s            0x00000000   Number         0  entry7b.o ABSOLUTE
    ../clib/microlib/init/entry.s            0x00000000   Number         0  entry.o ABSOLUTE
    ../clib/microlib/init/entry.s            0x00000000   Number         0  entry8a.o ABSOLUTE
    ../clib/microlib/init/entry.s            0x00000000   Number         0  entry8b.o ABSOLUTE
    ../clib/microlib/init/entry.s            0x00000000   Number         0  entry9a.o ABSOLUTE
    ../clib/microlib/init/entry.s            0x00000000   Number         0  entry9b.o ABSOLUTE
    ../clib/microlib/init/entry.s            0x00000000   Number         0  entry10a.o ABSOLUTE
    ../clib/microlib/init/entry.s            0x00000000   Number         0  entry10b.o ABSOLUTE
    ../clib/microlib/init/entry.s            0x00000000   Number         0  entry11a.o ABSOLUTE
    ../clib/microlib/init/entry.s            0x00000000   Number         0  entry11b.o ABSOLUTE
    ../clib/microlib/init/entry.s            0x00000000   Number         0  entry2.o ABSOLUTE
    ../clib/microlib/longlong.c              0x00000000   Number         0  llushr.o ABSOLUTE
    ../clib/microlib/longlong.c              0x00000000   Number         0  llshl.o ABSOLUTE
    ../clib/microlib/string/memcpy.c         0x00000000   Number         0  memcpyb.o ABSOLUTE
    ../clib/microlib/string/memcpy.c         0x00000000   Number         0  memcpya.o ABSOLUTE
    ../clib/microlib/string/strcmp.c         0x00000000   Number         0  strcmp.o ABSOLUTE
    ../clib/microlib/stubs.s                 0x00000000   Number         0  iusefp.o ABSOLUTE
    ../fplib/microlib/fpepilogue.c           0x00000000   Number         0  depilogue.o ABSOLUTE
    ../fplib/microlib/fpfix.c                0x00000000   Number         0  dfixui.o ABSOLUTE
    ../fplib/microlib/fpflt.c                0x00000000   Number         0  dfltui.o ABSOLUTE
    ../fplib/microlib/fpmul.c                0x00000000   Number         0  dmul.o ABSOLUTE
    ..\Drivers\STM32F4xx_HAL_Driver\Src\stm32f4xx_hal.c 0x00000000   Number         0  stm32f4xx_hal.o ABSOLUTE
    ..\Drivers\STM32F4xx_HAL_Driver\Src\stm32f4xx_hal_cortex.c 0x00000000   Number         0  stm32f4xx_hal_cortex.o ABSOLUTE
    ..\Drivers\STM32F4xx_HAL_Driver\Src\stm32f4xx_hal_dma.c 0x00000000   Number         0  stm32f4xx_hal_dma.o ABSOLUTE
    ..\Drivers\STM32F4xx_HAL_Driver\Src\stm32f4xx_hal_dma_ex.c 0x00000000   Number         0  stm32f4xx_hal_dma_ex.o ABSOLUTE
    ..\Drivers\STM32F4xx_HAL_Driver\Src\stm32f4xx_hal_flash.c 0x00000000   Number         0  stm32f4xx_hal_flash.o ABSOLUTE
    ..\Drivers\STM32F4xx_HAL_Driver\Src\stm32f4xx_hal_flash_ex.c 0x00000000   Number         0  stm32f4xx_hal_flash_ex.o ABSOLUTE
    ..\Drivers\STM32F4xx_HAL_Driver\Src\stm32f4xx_hal_flash_ramfunc.c 0x00000000   Number         0  stm32f4xx_hal_flash_ramfunc.o ABSOLUTE
    ..\Drivers\STM32F4xx_HAL_Driver\Src\stm32f4xx_hal_gpio.c 0x00000000   Number         0  stm32f4xx_hal_gpio.o ABSOLUTE
    ..\Drivers\STM32F4xx_HAL_Driver\Src\stm32f4xx_hal_i2c.c 0x00000000   Number         0  stm32f4xx_hal_i2c.o ABSOLUTE
    ..\Drivers\STM32F4xx_HAL_Driver\Src\stm32f4xx_hal_i2c_ex.c 0x00000000   Number         0  stm32f4xx_hal_i2c_ex.o ABSOLUTE
    ..\Drivers\STM32F4xx_HAL_Driver\Src\stm32f4xx_hal_pwr.c 0x00000000   Number         0  stm32f4xx_hal_pwr.o ABSOLUTE
    ..\Drivers\STM32F4xx_HAL_Driver\Src\stm32f4xx_hal_pwr_ex.c 0x00000000   Number         0  stm32f4xx_hal_pwr_ex.o ABSOLUTE
    ..\Drivers\STM32F4xx_HAL_Driver\Src\stm32f4xx_hal_rcc.c 0x00000000   Number         0  stm32f4xx_hal_rcc.o ABSOLUTE
    ..\Drivers\STM32F4xx_HAL_Driver\Src\stm32f4xx_hal_rcc_ex.c 0x00000000   Number         0  stm32f4xx_hal_rcc_ex.o ABSOLUTE
    ..\Drivers\STM32F4xx_HAL_Driver\Src\stm32f4xx_hal_sram.c 0x00000000   Number         0  stm32f4xx_hal_sram.o ABSOLUTE
    ..\Drivers\STM32F4xx_HAL_Driver\Src\stm32f4xx_hal_tim.c 0x00000000   Number         0  stm32f4xx_hal_tim.o ABSOLUTE
    ..\Drivers\STM32F4xx_HAL_Driver\Src\stm32f4xx_hal_tim_ex.c 0x00000000   Number         0  stm32f4xx_hal_tim_ex.o ABSOLUTE
    ..\Drivers\STM32F4xx_HAL_Driver\Src\stm32f4xx_ll_fsmc.c 0x00000000   Number         0  stm32f4xx_ll_fsmc.o ABSOLUTE
    ..\Middlewares\Third_Party\FreeRTOS\Source\CMSIS_RTOS\cmsis_os.c 0x00000000   Number         0  cmsis_os.o ABSOLUTE
    ..\Middlewares\Third_Party\FreeRTOS\Source\croutine.c 0x00000000   Number         0  croutine.o ABSOLUTE
    ..\Middlewares\Third_Party\FreeRTOS\Source\event_groups.c 0x00000000   Number         0  event_groups.o ABSOLUTE
    ..\Middlewares\Third_Party\FreeRTOS\Source\list.c 0x00000000   Number         0  list.o ABSOLUTE
    ..\Middlewares\Third_Party\FreeRTOS\Source\portable\MemMang\heap_4.c 0x00000000   Number         0  heap_4.o ABSOLUTE
    ..\Middlewares\Third_Party\FreeRTOS\Source\portable\RVDS\ARM_CM4F\port.c 0x00000000   Number         0  port.o ABSOLUTE
    ..\Middlewares\Third_Party\FreeRTOS\Source\queue.c 0x00000000   Number         0  queue.o ABSOLUTE
    ..\Middlewares\Third_Party\FreeRTOS\Source\tasks.c 0x00000000   Number         0  tasks.o ABSOLUTE
    ..\Middlewares\Third_Party\FreeRTOS\Source\timers.c 0x00000000   Number         0  timers.o ABSOLUTE
    ..\Src\dma.c                             0x00000000   Number         0  dma.o ABSOLUTE
    ..\Src\freertos.c                        0x00000000   Number         0  freertos.o ABSOLUTE
    ..\Src\fsmc.c                            0x00000000   Number         0  fsmc.o ABSOLUTE
    ..\Src\gpio.c                            0x00000000   Number         0  gpio.o ABSOLUTE
    ..\Src\i2c.c                             0x00000000   Number         0  i2c.o ABSOLUTE
    ..\Src\main.c                            0x00000000   Number         0  main.o ABSOLUTE
    ..\Src\stm32f4xx_hal_msp.c               0x00000000   Number         0  stm32f4xx_hal_msp.o ABSOLUTE
    ..\Src\stm32f4xx_hal_timebase_TIM.c      0x00000000   Number         0  stm32f4xx_hal_timebase_tim.o ABSOLUTE
    ..\Src\stm32f4xx_it.c                    0x00000000   Number         0  stm32f4xx_it.o ABSOLUTE
    ..\Src\tim.c                             0x00000000   Number         0  tim.o ABSOLUTE
    ..\\Src\system_stm32f4xx.c               0x00000000   Number         0  system_stm32f4xx.o ABSOLUTE
    ..\\bsp\\delay\\delay.c                  0x00000000   Number         0  delay.o ABSOLUTE
    ..\\bsp\\lcd\\lcd.c                      0x00000000   Number         0  lcd.o ABSOLUTE
    ..\\bsp\\sys\\sys.c                      0x00000000   Number         0  sys.o ABSOLUTE
    ..\\bsp\\touch\\ctiic.c                  0x00000000   Number         0  ctiic.o ABSOLUTE
    ..\\bsp\\touch\\gt9147.c                 0x00000000   Number         0  gt9147.o ABSOLUTE
    ..\\bsp\\touch\\touch.c                  0x00000000   Number         0  touch.o ABSOLUTE
    ..\bsp\delay\delay.c                     0x00000000   Number         0  delay.o ABSOLUTE
    ..\bsp\lcd\lcd.c                         0x00000000   Number         0  lcd.o ABSOLUTE
    ..\bsp\sys\sys.c                         0x00000000   Number         0  sys.o ABSOLUTE
    ..\bsp\touch\ctiic.c                     0x00000000   Number         0  ctiic.o ABSOLUTE
    ..\bsp\touch\gt9147.c                    0x00000000   Number         0  gt9147.o ABSOLUTE
    ..\bsp\touch\touch.c                     0x00000000   Number         0  touch.o ABSOLUTE
    dc.s                                     0x00000000   Number         0  dc.o ABSOLUTE
    handlers.s                               0x00000000   Number         0  handlers.o ABSOLUTE
    init.s                                   0x00000000   Number         0  init.o ABSOLUTE
    startup_stm32f407xx.s                    0x00000000   Number         0  startup_stm32f407xx.o ABSOLUTE
    RESET                                    0x08000000   Section      392  startup_stm32f407xx.o(RESET)
    .ARM.Collect$$$$00000000                 0x08000188   Section        0  entry.o(.ARM.Collect$$$$00000000)
    .ARM.Collect$$$$00000001                 0x08000188   Section        4  entry2.o(.ARM.Collect$$$$00000001)
    .ARM.Collect$$$$00000004                 0x0800018c   Section        4  entry5.o(.ARM.Collect$$$$00000004)
    .ARM.Collect$$$$00000008                 0x08000190   Section        0  entry7b.o(.ARM.Collect$$$$00000008)
    .ARM.Collect$$$$0000000A                 0x08000190   Section        0  entry8b.o(.ARM.Collect$$$$0000000A)
    .ARM.Collect$$$$0000000B                 0x08000190   Section        8  entry9a.o(.ARM.Collect$$$$0000000B)
    .ARM.Collect$$$$0000000D                 0x08000198   Section        0  entry10a.o(.ARM.Collect$$$$0000000D)
    .ARM.Collect$$$$0000000F                 0x08000198   Section        0  entry11a.o(.ARM.Collect$$$$0000000F)
    .ARM.Collect$$$$00002712                 0x08000198   Section        4  entry2.o(.ARM.Collect$$$$00002712)
    __lit__00000000                          0x08000198   Data           4  entry2.o(.ARM.Collect$$$$00002712)
    .emb_text                                0x0800019c   Section      186  port.o(.emb_text)
    $v0                                      0x0800019c   Number         0  port.o(.emb_text)
    .text                                    0x08000258   Section       36  startup_stm32f407xx.o(.text)
    $v0                                      0x08000258   Number         0  startup_stm32f407xx.o(.text)
    .text                                    0x0800027c   Section        0  uldiv.o(.text)
    .text                                    0x080002de   Section        0  memcpya.o(.text)
    .text                                    0x08000302   Section        0  strcmp.o(.text)
    .text                                    0x0800031e   Section        0  llshl.o(.text)
    .text                                    0x0800033c   Section        0  llushr.o(.text)
    .text                                    0x0800035c   Section       36  init.o(.text)
    i.BusFault_Handler                       0x08000380   Section        0  stm32f4xx_it.o(i.BusFault_Handler)
    i.DMA1_Stream0_IRQHandler                0x08000384   Section        0  stm32f4xx_it.o(i.DMA1_Stream0_IRQHandler)
    i.DMA1_Stream6_IRQHandler                0x08000390   Section        0  stm32f4xx_it.o(i.DMA1_Stream6_IRQHandler)
    i.DMA_CalcBaseAndBitshift                0x0800039c   Section        0  stm32f4xx_hal_dma.o(i.DMA_CalcBaseAndBitshift)
    DMA_CalcBaseAndBitshift                  0x0800039d   Thumb Code    34  stm32f4xx_hal_dma.o(i.DMA_CalcBaseAndBitshift)
    i.DMA_CheckFifoParam                     0x080003c4   Section        0  stm32f4xx_hal_dma.o(i.DMA_CheckFifoParam)
    DMA_CheckFifoParam                       0x080003c5   Thumb Code    84  stm32f4xx_hal_dma.o(i.DMA_CheckFifoParam)
    i.DebugMon_Handler                       0x08000418   Section        0  stm32f4xx_it.o(i.DebugMon_Handler)
    i.FSMC_NORSRAM_Extended_Timing_Init      0x0800041c   Section        0  stm32f4xx_ll_fsmc.o(i.FSMC_NORSRAM_Extended_Timing_Init)
    i.FSMC_NORSRAM_Init                      0x0800045c   Section        0  stm32f4xx_ll_fsmc.o(i.FSMC_NORSRAM_Init)
    i.FSMC_NORSRAM_Timing_Init               0x080004b0   Section        0  stm32f4xx_ll_fsmc.o(i.FSMC_NORSRAM_Timing_Init)
    i.GT9147_Init                            0x080004f4   Section        0  gt9147.o(i.GT9147_Init)
    i.GT9147_RD_Reg                          0x08000618   Section        0  gt9147.o(i.GT9147_RD_Reg)
    i.GT9147_Scan                            0x08000644   Section        0  gt9147.o(i.GT9147_Scan)
    i.GT9147_Send_Cfg                        0x080007b8   Section        0  gt9147.o(i.GT9147_Send_Cfg)
    i.GT9147_WR_Reg                          0x08000810   Section        0  gt9147.o(i.GT9147_WR_Reg)
    i.HAL_DMA_IRQHandler                     0x0800083c   Section        0  stm32f4xx_hal_dma.o(i.HAL_DMA_IRQHandler)
    i.HAL_DMA_Init                           0x080009dc   Section        0  stm32f4xx_hal_dma.o(i.HAL_DMA_Init)
    i.HAL_FSMC_MspInit                       0x08000ab0   Section        0  fsmc.o(i.HAL_FSMC_MspInit)
    HAL_FSMC_MspInit                         0x08000ab1   Thumb Code   136  fsmc.o(i.HAL_FSMC_MspInit)
    i.HAL_GPIO_Init                          0x08000b50   Section        0  stm32f4xx_hal_gpio.o(i.HAL_GPIO_Init)
    i.HAL_GPIO_WritePin                      0x08000d00   Section        0  stm32f4xx_hal_gpio.o(i.HAL_GPIO_WritePin)
    i.HAL_GetTick                            0x08000d0c   Section        0  stm32f4xx_hal.o(i.HAL_GetTick)
    i.HAL_I2C_Init                           0x08000d18   Section        0  stm32f4xx_hal_i2c.o(i.HAL_I2C_Init)
    i.HAL_I2C_Mem_Read                       0x08000e20   Section        0  stm32f4xx_hal_i2c.o(i.HAL_I2C_Mem_Read)
    i.HAL_I2C_Mem_Write                      0x0800101c   Section        0  stm32f4xx_hal_i2c.o(i.HAL_I2C_Mem_Write)
    i.HAL_I2C_MspInit                        0x08001158   Section        0  i2c.o(i.HAL_I2C_MspInit)
    i.HAL_IncTick                            0x08001234   Section        0  stm32f4xx_hal.o(i.HAL_IncTick)
    i.HAL_Init                               0x08001244   Section        0  stm32f4xx_hal.o(i.HAL_Init)
    i.HAL_InitTick                           0x08001278   Section        0  stm32f4xx_hal_timebase_tim.o(i.HAL_InitTick)
    i.HAL_MspInit                            0x080012ec   Section        0  stm32f4xx_hal_msp.o(i.HAL_MspInit)
    i.HAL_NVIC_EnableIRQ                     0x08001370   Section        0  stm32f4xx_hal_cortex.o(i.HAL_NVIC_EnableIRQ)
    i.HAL_NVIC_SetPriority                   0x08001388   Section        0  stm32f4xx_hal_cortex.o(i.HAL_NVIC_SetPriority)
    i.HAL_NVIC_SetPriorityGrouping           0x080013c8   Section        0  stm32f4xx_hal_cortex.o(i.HAL_NVIC_SetPriorityGrouping)
    i.HAL_RCC_ClockConfig                    0x080013ec   Section        0  stm32f4xx_hal_rcc.o(i.HAL_RCC_ClockConfig)
    i.HAL_RCC_GetClockConfig                 0x0800151c   Section        0  stm32f4xx_hal_rcc.o(i.HAL_RCC_GetClockConfig)
    i.HAL_RCC_GetHCLKFreq                    0x0800155c   Section        0  stm32f4xx_hal_rcc.o(i.HAL_RCC_GetHCLKFreq)
    i.HAL_RCC_GetPCLK1Freq                   0x08001568   Section        0  stm32f4xx_hal_rcc.o(i.HAL_RCC_GetPCLK1Freq)
    i.HAL_RCC_GetSysClockFreq                0x08001588   Section        0  stm32f4xx_hal_rcc.o(i.HAL_RCC_GetSysClockFreq)
    i.HAL_RCC_OscConfig                      0x080015e8   Section        0  stm32f4xx_hal_rcc.o(i.HAL_RCC_OscConfig)
    i.HAL_SRAM_Init                          0x08001904   Section        0  stm32f4xx_hal_sram.o(i.HAL_SRAM_Init)
    i.HAL_SRAM_MspInit                       0x0800195a   Section        0  fsmc.o(i.HAL_SRAM_MspInit)
    i.HAL_SYSTICK_CLKSourceConfig            0x0800195e   Section        0  stm32f4xx_hal_cortex.o(i.HAL_SYSTICK_CLKSourceConfig)
    i.HAL_SYSTICK_Config                     0x08001976   Section        0  stm32f4xx_hal_cortex.o(i.HAL_SYSTICK_Config)
    i.HAL_TIMEx_BreakCallback                0x0800199e   Section        0  stm32f4xx_hal_tim_ex.o(i.HAL_TIMEx_BreakCallback)
    i.HAL_TIMEx_CommutationCallback          0x080019a0   Section        0  stm32f4xx_hal_tim_ex.o(i.HAL_TIMEx_CommutationCallback)
    i.HAL_TIMEx_MasterConfigSynchronization  0x080019a2   Section        0  stm32f4xx_hal_tim_ex.o(i.HAL_TIMEx_MasterConfigSynchronization)
    i.HAL_TIM_Base_Init                      0x080019f2   Section        0  stm32f4xx_hal_tim.o(i.HAL_TIM_Base_Init)
    i.HAL_TIM_Base_MspInit                   0x08001a28   Section        0  tim.o(i.HAL_TIM_Base_MspInit)
    i.HAL_TIM_Base_Start_IT                  0x08001a50   Section        0  stm32f4xx_hal_tim.o(i.HAL_TIM_Base_Start_IT)
    i.HAL_TIM_ConfigClockSource              0x08001a68   Section        0  stm32f4xx_hal_tim.o(i.HAL_TIM_ConfigClockSource)
    i.HAL_TIM_IC_CaptureCallback             0x08001b5a   Section        0  stm32f4xx_hal_tim.o(i.HAL_TIM_IC_CaptureCallback)
    i.HAL_TIM_IRQHandler                     0x08001b5c   Section        0  stm32f4xx_hal_tim.o(i.HAL_TIM_IRQHandler)
    i.HAL_TIM_OC_DelayElapsedCallback        0x08001cc2   Section        0  stm32f4xx_hal_tim.o(i.HAL_TIM_OC_DelayElapsedCallback)
    i.HAL_TIM_PWM_PulseFinishedCallback      0x08001cc4   Section        0  stm32f4xx_hal_tim.o(i.HAL_TIM_PWM_PulseFinishedCallback)
    i.HAL_TIM_PeriodElapsedCallback          0x08001cc6   Section        0  main.o(i.HAL_TIM_PeriodElapsedCallback)
    i.HAL_TIM_TriggerCallback                0x08001cd4   Section        0  stm32f4xx_hal_tim.o(i.HAL_TIM_TriggerCallback)
    i.HardFault_Handler                      0x08001cd6   Section        0  stm32f4xx_it.o(i.HardFault_Handler)
    i.I2C_IsAcknowledgeFailed                0x08001cd8   Section        0  stm32f4xx_hal_i2c.o(i.I2C_IsAcknowledgeFailed)
    I2C_IsAcknowledgeFailed                  0x08001cd9   Thumb Code    40  stm32f4xx_hal_i2c.o(i.I2C_IsAcknowledgeFailed)
    i.I2C_RequestMemoryRead                  0x08001d00   Section        0  stm32f4xx_hal_i2c.o(i.I2C_RequestMemoryRead)
    I2C_RequestMemoryRead                    0x08001d01   Thumb Code   240  stm32f4xx_hal_i2c.o(i.I2C_RequestMemoryRead)
    i.I2C_RequestMemoryWrite                 0x08001df0   Section        0  stm32f4xx_hal_i2c.o(i.I2C_RequestMemoryWrite)
    I2C_RequestMemoryWrite                   0x08001df1   Thumb Code   156  stm32f4xx_hal_i2c.o(i.I2C_RequestMemoryWrite)
    i.I2C_WaitOnBTFFlagUntilTimeout          0x08001e90   Section        0  stm32f4xx_hal_i2c.o(i.I2C_WaitOnBTFFlagUntilTimeout)
    I2C_WaitOnBTFFlagUntilTimeout            0x08001e91   Thumb Code    78  stm32f4xx_hal_i2c.o(i.I2C_WaitOnBTFFlagUntilTimeout)
    i.I2C_WaitOnFlagUntilTimeout             0x08001ede   Section        0  stm32f4xx_hal_i2c.o(i.I2C_WaitOnFlagUntilTimeout)
    I2C_WaitOnFlagUntilTimeout               0x08001edf   Thumb Code    96  stm32f4xx_hal_i2c.o(i.I2C_WaitOnFlagUntilTimeout)
    i.I2C_WaitOnMasterAddressFlagUntilTimeout 0x08001f40   Section        0  stm32f4xx_hal_i2c.o(i.I2C_WaitOnMasterAddressFlagUntilTimeout)
    I2C_WaitOnMasterAddressFlagUntilTimeout  0x08001f41   Thumb Code   136  stm32f4xx_hal_i2c.o(i.I2C_WaitOnMasterAddressFlagUntilTimeout)
    i.I2C_WaitOnRXNEFlagUntilTimeout         0x08001fc8   Section        0  stm32f4xx_hal_i2c.o(i.I2C_WaitOnRXNEFlagUntilTimeout)
    I2C_WaitOnRXNEFlagUntilTimeout           0x08001fc9   Thumb Code    98  stm32f4xx_hal_i2c.o(i.I2C_WaitOnRXNEFlagUntilTimeout)
    i.I2C_WaitOnTXEFlagUntilTimeout          0x0800202a   Section        0  stm32f4xx_hal_i2c.o(i.I2C_WaitOnTXEFlagUntilTimeout)
    I2C_WaitOnTXEFlagUntilTimeout            0x0800202b   Thumb Code    78  stm32f4xx_hal_i2c.o(i.I2C_WaitOnTXEFlagUntilTimeout)
    i.LCD_Clear                              0x08002078   Section        0  lcd.o(i.LCD_Clear)
    i.LCD_Display_Dir                        0x080020e0   Section        0  lcd.o(i.LCD_Display_Dir)
    i.LCD_Fast_DrawPoint                     0x08002214   Section        0  lcd.o(i.LCD_Fast_DrawPoint)
    i.LCD_Fill                               0x0800232c   Section        0  lcd.o(i.LCD_Fill)
    i.LCD_Init                               0x080023b8   Section        0  lcd.o(i.LCD_Init)
    i.LCD_RD_DATA                            0x0800338c   Section        0  lcd.o(i.LCD_RD_DATA)
    i.LCD_ReadReg                            0x080033a0   Section        0  lcd.o(i.LCD_ReadReg)
    i.LCD_Scan_Dir                           0x080033b4   Section        0  lcd.o(i.LCD_Scan_Dir)
    i.LCD_SetCursor                          0x080035b8   Section        0  lcd.o(i.LCD_SetCursor)
    i.LCD_ShowChar                           0x08003714   Section        0  lcd.o(i.LCD_ShowChar)
    i.LCD_ShowString                         0x080037e8   Section        0  lcd.o(i.LCD_ShowString)
    i.LCD_WR_DATA                            0x0800383c   Section        0  lcd.o(i.LCD_WR_DATA)
    i.LCD_WR_REG                             0x08003854   Section        0  lcd.o(i.LCD_WR_REG)
    i.LCD_WriteRAM_Prepare                   0x0800386c   Section        0  lcd.o(i.LCD_WriteRAM_Prepare)
    i.LCD_WriteReg                           0x08003880   Section        0  lcd.o(i.LCD_WriteReg)
    i.MX_DMA_Init                            0x0800388c   Section        0  dma.o(i.MX_DMA_Init)
    i.MX_FREERTOS_Init                       0x080038c8   Section        0  freertos.o(i.MX_FREERTOS_Init)
    i.MX_FSMC_Init                           0x08003914   Section        0  fsmc.o(i.MX_FSMC_Init)
    i.MX_GPIO_Init                           0x08003990   Section        0  gpio.o(i.MX_GPIO_Init)
    i.MX_I2C1_Init                           0x08003a34   Section        0  i2c.o(i.MX_I2C1_Init)
    i.MX_TIM3_Init                           0x08003a88   Section        0  tim.o(i.MX_TIM3_Init)
    i.MemManage_Handler                      0x08003afc   Section        0  stm32f4xx_it.o(i.MemManage_Handler)
    i.NMI_Handler                            0x08003afe   Section        0  stm32f4xx_it.o(i.NMI_Handler)
    i.NVIC_SetPriority                       0x08003b00   Section        0  stm32f4xx_hal_cortex.o(i.NVIC_SetPriority)
    NVIC_SetPriority                         0x08003b01   Thumb Code    32  stm32f4xx_hal_cortex.o(i.NVIC_SetPriority)
    i.StartDefaultTask                       0x08003b20   Section        0  freertos.o(i.StartDefaultTask)
    i.Start_lcd_Task                         0x08003b28   Section        0  freertos.o(i.Start_lcd_Task)
    i.SysTick_Handler                        0x08003b6c   Section        0  stm32f4xx_it.o(i.SysTick_Handler)
    i.SystemClock_Config                     0x08003b70   Section        0  main.o(i.SystemClock_Config)
    i.SystemInit                             0x08003c0c   Section        0  system_stm32f4xx.o(i.SystemInit)
    i.TIM2_IRQHandler                        0x08003c60   Section        0  stm32f4xx_it.o(i.TIM2_IRQHandler)
    i.TIM_Base_SetConfig                     0x08003c6c   Section        0  stm32f4xx_hal_tim.o(i.TIM_Base_SetConfig)
    i.TIM_ETR_SetConfig                      0x08003d2c   Section        0  stm32f4xx_hal_tim.o(i.TIM_ETR_SetConfig)
    TIM_ETR_SetConfig                        0x08003d2d   Thumb Code    20  stm32f4xx_hal_tim.o(i.TIM_ETR_SetConfig)
    i.TIM_ITRx_SetConfig                     0x08003d40   Section        0  stm32f4xx_hal_tim.o(i.TIM_ITRx_SetConfig)
    TIM_ITRx_SetConfig                       0x08003d41   Thumb Code    16  stm32f4xx_hal_tim.o(i.TIM_ITRx_SetConfig)
    i.TIM_TI1_ConfigInputStage               0x08003d50   Section        0  stm32f4xx_hal_tim.o(i.TIM_TI1_ConfigInputStage)
    TIM_TI1_ConfigInputStage                 0x08003d51   Thumb Code    34  stm32f4xx_hal_tim.o(i.TIM_TI1_ConfigInputStage)
    i.TIM_TI2_ConfigInputStage               0x08003d72   Section        0  stm32f4xx_hal_tim.o(i.TIM_TI2_ConfigInputStage)
    TIM_TI2_ConfigInputStage                 0x08003d73   Thumb Code    36  stm32f4xx_hal_tim.o(i.TIM_TI2_ConfigInputStage)
    i.TP_Init                                0x08003d98   Section        0  touch.o(i.TP_Init)
    i.UsageFault_Handler                     0x08003dd8   Section        0  stm32f4xx_it.o(i.UsageFault_Handler)
    i._Error_Handler                         0x08003dda   Section        0  main.o(i._Error_Handler)
    i.__scatterload_copy                     0x08003ddc   Section       14  handlers.o(i.__scatterload_copy)
    i.__scatterload_null                     0x08003dea   Section        2  handlers.o(i.__scatterload_null)
    i.__scatterload_zeroinit                 0x08003dec   Section       14  handlers.o(i.__scatterload_zeroinit)
    i.ctp_test                               0x08003dfc   Section        0  freertos.o(i.ctp_test)
    i.gui_draw_hline                         0x08003ea0   Section        0  freertos.o(i.gui_draw_hline)
    i.gui_fill_circle                        0x08003eb6   Section        0  freertos.o(i.gui_fill_circle)
    i.lcd_draw_bline                         0x08003f6c   Section        0  freertos.o(i.lcd_draw_bline)
    i.main                                   0x08004022   Section        0  main.o(i.main)
    i.makeFreeRtosPriority                   0x08004048   Section        0  cmsis_os.o(i.makeFreeRtosPriority)
    makeFreeRtosPriority                     0x08004049   Thumb Code    12  cmsis_os.o(i.makeFreeRtosPriority)
    i.opt_delay                              0x08004054   Section        0  delay.o(i.opt_delay)
    i.osDelay                                0x0800405c   Section        0  cmsis_os.o(i.osDelay)
    i.osKernelStart                          0x0800406a   Section        0  cmsis_os.o(i.osKernelStart)
    i.osSemaphoreCreate                      0x08004074   Section        0  cmsis_os.o(i.osSemaphoreCreate)
    i.osSystickHandler                       0x0800409a   Section        0  cmsis_os.o(i.osSystickHandler)
    i.osThreadCreate                         0x080040ae   Section        0  cmsis_os.o(i.osThreadCreate)
    i.prvAddCurrentTaskToDelayedList         0x080040dc   Section        0  tasks.o(i.prvAddCurrentTaskToDelayedList)
    prvAddCurrentTaskToDelayedList           0x080040dd   Thumb Code   102  tasks.o(i.prvAddCurrentTaskToDelayedList)
    i.prvAddNewTaskToReadyList               0x0800414c   Section        0  tasks.o(i.prvAddNewTaskToReadyList)
    prvAddNewTaskToReadyList                 0x0800414d   Thumb Code   194  tasks.o(i.prvAddNewTaskToReadyList)
    i.prvCheckTasksWaitingTermination        0x0800421c   Section        0  tasks.o(i.prvCheckTasksWaitingTermination)
    prvCheckTasksWaitingTermination          0x0800421d   Thumb Code    70  tasks.o(i.prvCheckTasksWaitingTermination)
    i.prvCopyDataToQueue                     0x0800426c   Section        0  queue.o(i.prvCopyDataToQueue)
    prvCopyDataToQueue                       0x0800426d   Thumb Code   108  queue.o(i.prvCopyDataToQueue)
    i.prvDeleteTCB                           0x080042d8   Section        0  tasks.o(i.prvDeleteTCB)
    prvDeleteTCB                             0x080042d9   Thumb Code    20  tasks.o(i.prvDeleteTCB)
    i.prvHeapInit                            0x080042ec   Section        0  heap_4.o(i.prvHeapInit)
    prvHeapInit                              0x080042ed   Thumb Code    66  heap_4.o(i.prvHeapInit)
    i.prvIdleTask                            0x08004338   Section        0  tasks.o(i.prvIdleTask)
    prvIdleTask                              0x08004339   Thumb Code    30  tasks.o(i.prvIdleTask)
    i.prvInitialiseNewTask                   0x08004360   Section        0  tasks.o(i.prvInitialiseNewTask)
    prvInitialiseNewTask                     0x08004361   Thumb Code   142  tasks.o(i.prvInitialiseNewTask)
    i.prvInsertBlockIntoFreeList             0x080043f0   Section        0  heap_4.o(i.prvInsertBlockIntoFreeList)
    prvInsertBlockIntoFreeList               0x080043f1   Thumb Code    72  heap_4.o(i.prvInsertBlockIntoFreeList)
    i.prvResetNextTaskUnblockTime            0x0800443c   Section        0  tasks.o(i.prvResetNextTaskUnblockTime)
    prvResetNextTaskUnblockTime              0x0800443d   Thumb Code    26  tasks.o(i.prvResetNextTaskUnblockTime)
    i.prvTaskExitError                       0x0800445c   Section        0  port.o(i.prvTaskExitError)
    prvTaskExitError                         0x0800445d   Thumb Code    36  port.o(i.prvTaskExitError)
    i.prvUnlockQueue                         0x08004484   Section        0  queue.o(i.prvUnlockQueue)
    prvUnlockQueue                           0x08004485   Thumb Code   106  queue.o(i.prvUnlockQueue)
    i.pvPortMalloc                           0x080044f0   Section        0  heap_4.o(i.pvPortMalloc)
    i.pxPortInitialiseStack                  0x080045c8   Section        0  port.o(i.pxPortInitialiseStack)
    i.uxListRemove                           0x080045f4   Section        0  list.o(i.uxListRemove)
    i.vListInitialise                        0x08004618   Section        0  list.o(i.vListInitialise)
    i.vListInitialiseItem                    0x0800462e   Section        0  list.o(i.vListInitialiseItem)
    i.vListInsert                            0x08004634   Section        0  list.o(i.vListInsert)
    i.vListInsertEnd                         0x08004664   Section        0  list.o(i.vListInsertEnd)
    i.vPortEnterCritical                     0x0800467c   Section        0  port.o(i.vPortEnterCritical)
    i.vPortExitCritical                      0x080046bc   Section        0  port.o(i.vPortExitCritical)
    i.vPortFree                              0x080046e4   Section        0  heap_4.o(i.vPortFree)
    i.vPortSetupTimerInterrupt               0x08004740   Section        0  port.o(i.vPortSetupTimerInterrupt)
    i.vTaskDelay                             0x08004760   Section        0  tasks.o(i.vTaskDelay)
    i.vTaskMissedYield                       0x080047ac   Section        0  tasks.o(i.vTaskMissedYield)
    i.vTaskPlaceOnEventList                  0x080047b8   Section        0  tasks.o(i.vTaskPlaceOnEventList)
    i.vTaskSetTimeOutState                   0x080047e8   Section        0  tasks.o(i.vTaskSetTimeOutState)
    i.vTaskStartScheduler                    0x0800480c   Section        0  tasks.o(i.vTaskStartScheduler)
    i.vTaskSuspendAll                        0x08004874   Section        0  tasks.o(i.vTaskSuspendAll)
    i.vTaskSwitchContext                     0x08004884   Section        0  tasks.o(i.vTaskSwitchContext)
    i.xPortStartScheduler                    0x080048e0   Section        0  port.o(i.xPortStartScheduler)
    i.xPortSysTickHandler                    0x080049c0   Section        0  port.o(i.xPortSysTickHandler)
    i.xQueueGenericCreate                    0x080049ec   Section        0  queue.o(i.xQueueGenericCreate)
    i.xQueueGenericReset                     0x08004a34   Section        0  queue.o(i.xQueueGenericReset)
    i.xQueueGenericSend                      0x08004abc   Section        0  queue.o(i.xQueueGenericSend)
    i.xTaskCheckForTimeOut                   0x08004c1c   Section        0  tasks.o(i.xTaskCheckForTimeOut)
    i.xTaskCreate                            0x08004c88   Section        0  tasks.o(i.xTaskCreate)
    i.xTaskGetSchedulerState                 0x08004ce0   Section        0  tasks.o(i.xTaskGetSchedulerState)
    i.xTaskIncrementTick                     0x08004cfc   Section        0  tasks.o(i.xTaskIncrementTick)
    i.xTaskPriorityDisinherit                0x08004dc4   Section        0  tasks.o(i.xTaskPriorityDisinherit)
    i.xTaskRemoveFromEventList               0x08004e5c   Section        0  tasks.o(i.xTaskRemoveFromEventList)
    i.xTaskResumeAll                         0x08004ed0   Section        0  tasks.o(i.xTaskResumeAll)
    .constdata                               0x08004f94   Section     6080  lcd.o(.constdata)
    .constdata                               0x08006754   Section      194  gt9147.o(.constdata)
    .constdata                               0x08006818   Section       52  freertos.o(.constdata)
    .constdata                               0x0800684c   Section        8  stm32f4xx_hal_dma.o(.constdata)
    flagBitshiftOffset                       0x0800684c   Data           8  stm32f4xx_hal_dma.o(.constdata)
    .constdata                               0x08006854   Section       16  system_stm32f4xx.o(.constdata)
    .constdata                               0x08006864   Section        8  system_stm32f4xx.o(.constdata)
    .conststring                             0x0800686c   Section       24  freertos.o(.conststring)
    .data                                    0x20000000   Section        4  lcd.o(.data)
    .data                                    0x20000004   Section        1  gt9147.o(.data)
    t                                        0x20000004   Data           1  gt9147.o(.data)
    .data                                    0x20000008   Section       52  touch.o(.data)
    .data                                    0x2000003c   Section       12  freertos.o(.data)
    .data                                    0x20000048   Section        8  fsmc.o(.data)
    FSMC_Initialized                         0x20000048   Data           4  fsmc.o(.data)
    FSMC_DeInitialized                       0x2000004c   Data           4  fsmc.o(.data)
    .data                                    0x20000050   Section       12  stm32f4xx_hal.o(.data)
    .data                                    0x2000005c   Section        4  system_stm32f4xx.o(.data)
    .data                                    0x20000060   Section       24  heap_4.o(.data)
    pxEnd                                    0x20000060   Data           4  heap_4.o(.data)
    xFreeBytesRemaining                      0x20000064   Data           4  heap_4.o(.data)
    xMinimumEverFreeBytesRemaining           0x20000068   Data           4  heap_4.o(.data)
    xBlockAllocatedBit                       0x2000006c   Data           4  heap_4.o(.data)
    xStart                                   0x20000070   Data           8  heap_4.o(.data)
    .data                                    0x20000078   Section       12  port.o(.data)
    ucMaxSysCallPriority                     0x20000078   Data           1  port.o(.data)
    uxCriticalNesting                        0x2000007c   Data           4  port.o(.data)
    ulMaxPRIGROUPValue                       0x20000080   Data           4  port.o(.data)
    .data                                    0x20000084   Section       60  tasks.o(.data)
    uxDeletedTasksWaitingCleanUp             0x20000088   Data           4  tasks.o(.data)
    uxCurrentNumberOfTasks                   0x2000008c   Data           4  tasks.o(.data)
    xTickCount                               0x20000090   Data           4  tasks.o(.data)
    uxTopReadyPriority                       0x20000094   Data           4  tasks.o(.data)
    xSchedulerRunning                        0x20000098   Data           4  tasks.o(.data)
    uxPendedTicks                            0x2000009c   Data           4  tasks.o(.data)
    xYieldPending                            0x200000a0   Data           4  tasks.o(.data)
    xNumOfOverflows                          0x200000a4   Data           4  tasks.o(.data)
    uxTaskNumber                             0x200000a8   Data           4  tasks.o(.data)
    xNextTaskUnblockTime                     0x200000ac   Data           4  tasks.o(.data)
    xIdleTaskHandle                          0x200000b0   Data           4  tasks.o(.data)
    uxSchedulerSuspended                     0x200000b4   Data           4  tasks.o(.data)
    pxDelayedTaskList                        0x200000b8   Data           4  tasks.o(.data)
    pxOverflowDelayedTaskList                0x200000bc   Data           4  tasks.o(.data)
    .bss                                     0x200000c0   Section       14  lcd.o(.bss)
    .bss                                     0x200000d0   Section       80  fsmc.o(.bss)
    .bss                                     0x20000120   Section      276  i2c.o(.bss)
    .bss                                     0x20000234   Section       60  tim.o(.bss)
    .bss                                     0x20000270   Section       60  stm32f4xx_hal_timebase_tim.o(.bss)
    .bss                                     0x200002ac   Section    15360  heap_4.o(.bss)
    ucHeap                                   0x200002ac   Data       15360  heap_4.o(.bss)
    .bss                                     0x20003eac   Section      240  tasks.o(.bss)
    pxReadyTasksLists                        0x20003eac   Data         140  tasks.o(.bss)
    xDelayedTaskList1                        0x20003f38   Data          20  tasks.o(.bss)
    xDelayedTaskList2                        0x20003f4c   Data          20  tasks.o(.bss)
    xPendingReadyList                        0x20003f60   Data          20  tasks.o(.bss)
    xTasksWaitingTermination                 0x20003f74   Data          20  tasks.o(.bss)
    xSuspendedTaskList                       0x20003f88   Data          20  tasks.o(.bss)
    STACK                                    0x20003fa0   Section     4096  startup_stm32f407xx.o(STACK)

    Global Symbols

    Symbol Name                              Value     Ov Type        Size  Object(Section)

    BuildAttributes$$THM_ISAv4$E$P$D$K$B$S$7EM$VFPi3$EXTD16$VFPS$VFMA$PE$A:L22UL41UL21$X:L11$S22US41US21$IEEE1$IW$USESV6$~STKCKD$USESV7$~SHL$OSPACE$ROPI$EBA8$MICROLIB$REQ8$PRES8$EABIv2 0x00000000   Number         0  anon$$obj.o ABSOLUTE
    __ARM_use_no_argv                        0x00000000   Number         0  main.o ABSOLUTE
    __cpp_initialize__aeabi_                  - Undefined Weak Reference
    __cxa_finalize                            - Undefined Weak Reference
    __decompress                              - Undefined Weak Reference
    _clock_init                               - Undefined Weak Reference
    _microlib_exit                            - Undefined Weak Reference
    __Vectors_Size                           0x00000188   Number         0  startup_stm32f407xx.o ABSOLUTE
    __Vectors                                0x08000000   Data           4  startup_stm32f407xx.o(RESET)
    __Vectors_End                            0x08000188   Data           0  startup_stm32f407xx.o(RESET)
    __main                                   0x08000189   Thumb Code     0  entry.o(.ARM.Collect$$$$00000000)
    _main_stk                                0x08000189   Thumb Code     0  entry2.o(.ARM.Collect$$$$00000001)
    _main_scatterload                        0x0800018d   Thumb Code     0  entry5.o(.ARM.Collect$$$$00000004)
    __main_after_scatterload                 0x08000191   Thumb Code     0  entry5.o(.ARM.Collect$$$$00000004)
    _main_clock                              0x08000191   Thumb Code     0  entry7b.o(.ARM.Collect$$$$00000008)
    _main_cpp_init                           0x08000191   Thumb Code     0  entry8b.o(.ARM.Collect$$$$0000000A)
    _main_init                               0x08000191   Thumb Code     0  entry9a.o(.ARM.Collect$$$$0000000B)
    __rt_final_cpp                           0x08000199   Thumb Code     0  entry10a.o(.ARM.Collect$$$$0000000D)
    __rt_final_exit                          0x08000199   Thumb Code     0  entry11a.o(.ARM.Collect$$$$0000000F)
    SVC_Handler                              0x0800019d   Thumb Code    28  port.o(.emb_text)
    __asm___6_port_c_39a90d8d__prvStartFirstTask 0x080001bd   Thumb Code    28  port.o(.emb_text)
    __asm___6_port_c_39a90d8d__prvEnableVFP  0x080001dd   Thumb Code    16  port.o(.emb_text)
    PendSV_Handler                           0x080001f1   Thumb Code    92  port.o(.emb_text)
    vPortGetIPSR                             0x08000251   Thumb Code     6  port.o(.emb_text)
    Reset_Handler                            0x08000259   Thumb Code     8  startup_stm32f407xx.o(.text)
    ADC_IRQHandler                           0x08000273   Thumb Code     0  startup_stm32f407xx.o(.text)
    CAN1_RX0_IRQHandler                      0x08000273   Thumb Code     0  startup_stm32f407xx.o(.text)
    CAN1_RX1_IRQHandler                      0x08000273   Thumb Code     0  startup_stm32f407xx.o(.text)
    CAN1_SCE_IRQHandler                      0x08000273   Thumb Code     0  startup_stm32f407xx.o(.text)
    CAN1_TX_IRQHandler                       0x08000273   Thumb Code     0  startup_stm32f407xx.o(.text)
    CAN2_RX0_IRQHandler                      0x08000273   Thumb Code     0  startup_stm32f407xx.o(.text)
    CAN2_RX1_IRQHandler                      0x08000273   Thumb Code     0  startup_stm32f407xx.o(.text)
    CAN2_SCE_IRQHandler                      0x08000273   Thumb Code     0  startup_stm32f407xx.o(.text)
    CAN2_TX_IRQHandler                       0x08000273   Thumb Code     0  startup_stm32f407xx.o(.text)
    DCMI_IRQHandler                          0x08000273   Thumb Code     0  startup_stm32f407xx.o(.text)
    DMA1_Stream1_IRQHandler                  0x08000273   Thumb Code     0  startup_stm32f407xx.o(.text)
    DMA1_Stream2_IRQHandler                  0x08000273   Thumb Code     0  startup_stm32f407xx.o(.text)
    DMA1_Stream3_IRQHandler                  0x08000273   Thumb Code     0  startup_stm32f407xx.o(.text)
    DMA1_Stream4_IRQHandler                  0x08000273   Thumb Code     0  startup_stm32f407xx.o(.text)
    DMA1_Stream5_IRQHandler                  0x08000273   Thumb Code     0  startup_stm32f407xx.o(.text)
    DMA1_Stream7_IRQHandler                  0x08000273   Thumb Code     0  startup_stm32f407xx.o(.text)
    DMA2_Stream0_IRQHandler                  0x08000273   Thumb Code     0  startup_stm32f407xx.o(.text)
    DMA2_Stream1_IRQHandler                  0x08000273   Thumb Code     0  startup_stm32f407xx.o(.text)
    DMA2_Stream2_IRQHandler                  0x08000273   Thumb Code     0  startup_stm32f407xx.o(.text)
    DMA2_Stream3_IRQHandler                  0x08000273   Thumb Code     0  startup_stm32f407xx.o(.text)
    DMA2_Stream4_IRQHandler                  0x08000273   Thumb Code     0  startup_stm32f407xx.o(.text)
    DMA2_Stream5_IRQHandler                  0x08000273   Thumb Code     0  startup_stm32f407xx.o(.text)
    DMA2_Stream6_IRQHandler                  0x08000273   Thumb Code     0  startup_stm32f407xx.o(.text)
    DMA2_Stream7_IRQHandler                  0x08000273   Thumb Code     0  startup_stm32f407xx.o(.text)
    ETH_IRQHandler                           0x08000273   Thumb Code     0  startup_stm32f407xx.o(.text)
    ETH_WKUP_IRQHandler                      0x08000273   Thumb Code     0  startup_stm32f407xx.o(.text)
    EXTI0_IRQHandler                         0x08000273   Thumb Code     0  startup_stm32f407xx.o(.text)
    EXTI15_10_IRQHandler                     0x08000273   Thumb Code     0  startup_stm32f407xx.o(.text)
    EXTI1_IRQHandler                         0x08000273   Thumb Code     0  startup_stm32f407xx.o(.text)
    EXTI2_IRQHandler                         0x08000273   Thumb Code     0  startup_stm32f407xx.o(.text)
    EXTI3_IRQHandler                         0x08000273   Thumb Code     0  startup_stm32f407xx.o(.text)
    EXTI4_IRQHandler                         0x08000273   Thumb Code     0  startup_stm32f407xx.o(.text)
    EXTI9_5_IRQHandler                       0x08000273   Thumb Code     0  startup_stm32f407xx.o(.text)
    FLASH_IRQHandler                         0x08000273   Thumb Code     0  startup_stm32f407xx.o(.text)
    FMC_IRQHandler                           0x08000273   Thumb Code     0  startup_stm32f407xx.o(.text)
    FPU_IRQHandler                           0x08000273   Thumb Code     0  startup_stm32f407xx.o(.text)
    HASH_RNG_IRQHandler                      0x08000273   Thumb Code     0  startup_stm32f407xx.o(.text)
    I2C1_ER_IRQHandler                       0x08000273   Thumb Code     0  startup_stm32f407xx.o(.text)
    I2C1_EV_IRQHandler                       0x08000273   Thumb Code     0  startup_stm32f407xx.o(.text)
    I2C2_ER_IRQHandler                       0x08000273   Thumb Code     0  startup_stm32f407xx.o(.text)
    I2C2_EV_IRQHandler                       0x08000273   Thumb Code     0  startup_stm32f407xx.o(.text)
    I2C3_ER_IRQHandler                       0x08000273   Thumb Code     0  startup_stm32f407xx.o(.text)
    I2C3_EV_IRQHandler                       0x08000273   Thumb Code     0  startup_stm32f407xx.o(.text)
    OTG_FS_IRQHandler                        0x08000273   Thumb Code     0  startup_stm32f407xx.o(.text)
    OTG_FS_WKUP_IRQHandler                   0x08000273   Thumb Code     0  startup_stm32f407xx.o(.text)
    OTG_HS_EP1_IN_IRQHandler                 0x08000273   Thumb Code     0  startup_stm32f407xx.o(.text)
    OTG_HS_EP1_OUT_IRQHandler                0x08000273   Thumb Code     0  startup_stm32f407xx.o(.text)
    OTG_HS_IRQHandler                        0x08000273   Thumb Code     0  startup_stm32f407xx.o(.text)
    OTG_HS_WKUP_IRQHandler                   0x08000273   Thumb Code     0  startup_stm32f407xx.o(.text)
    PVD_IRQHandler                           0x08000273   Thumb Code     0  startup_stm32f407xx.o(.text)
    RCC_IRQHandler                           0x08000273   Thumb Code     0  startup_stm32f407xx.o(.text)
    RTC_Alarm_IRQHandler                     0x08000273   Thumb Code     0  startup_stm32f407xx.o(.text)
    RTC_WKUP_IRQHandler                      0x08000273   Thumb Code     0  startup_stm32f407xx.o(.text)
    SDIO_IRQHandler                          0x08000273   Thumb Code     0  startup_stm32f407xx.o(.text)
    SPI1_IRQHandler                          0x08000273   Thumb Code     0  startup_stm32f407xx.o(.text)
    SPI2_IRQHandler                          0x08000273   Thumb Code     0  startup_stm32f407xx.o(.text)
    SPI3_IRQHandler                          0x08000273   Thumb Code     0  startup_stm32f407xx.o(.text)
    TAMP_STAMP_IRQHandler                    0x08000273   Thumb Code     0  startup_stm32f407xx.o(.text)
    TIM1_BRK_TIM9_IRQHandler                 0x08000273   Thumb Code     0  startup_stm32f407xx.o(.text)
    TIM1_CC_IRQHandler                       0x08000273   Thumb Code     0  startup_stm32f407xx.o(.text)
    TIM1_TRG_COM_TIM11_IRQHandler            0x08000273   Thumb Code     0  startup_stm32f407xx.o(.text)
    TIM1_UP_TIM10_IRQHandler                 0x08000273   Thumb Code     0  startup_stm32f407xx.o(.text)
    TIM3_IRQHandler                          0x08000273   Thumb Code     0  startup_stm32f407xx.o(.text)
    TIM4_IRQHandler                          0x08000273   Thumb Code     0  startup_stm32f407xx.o(.text)
    TIM5_IRQHandler                          0x08000273   Thumb Code     0  startup_stm32f407xx.o(.text)
    TIM6_DAC_IRQHandler                      0x08000273   Thumb Code     0  startup_stm32f407xx.o(.text)
    TIM7_IRQHandler                          0x08000273   Thumb Code     0  startup_stm32f407xx.o(.text)
    TIM8_BRK_TIM12_IRQHandler                0x08000273   Thumb Code     0  startup_stm32f407xx.o(.text)
    TIM8_CC_IRQHandler                       0x08000273   Thumb Code     0  startup_stm32f407xx.o(.text)
    TIM8_TRG_COM_TIM14_IRQHandler            0x08000273   Thumb Code     0  startup_stm32f407xx.o(.text)
    TIM8_UP_TIM13_IRQHandler                 0x08000273   Thumb Code     0  startup_stm32f407xx.o(.text)
    UART4_IRQHandler                         0x08000273   Thumb Code     0  startup_stm32f407xx.o(.text)
    UART5_IRQHandler                         0x08000273   Thumb Code     0  startup_stm32f407xx.o(.text)
    USART1_IRQHandler                        0x08000273   Thumb Code     0  startup_stm32f407xx.o(.text)
    USART2_IRQHandler                        0x08000273   Thumb Code     0  startup_stm32f407xx.o(.text)
    USART3_IRQHandler                        0x08000273   Thumb Code     0  startup_stm32f407xx.o(.text)
    USART6_IRQHandler                        0x08000273   Thumb Code     0  startup_stm32f407xx.o(.text)
    WWDG_IRQHandler                          0x08000273   Thumb Code     0  startup_stm32f407xx.o(.text)
    __aeabi_uldivmod                         0x0800027d   Thumb Code    98  uldiv.o(.text)
    __aeabi_memcpy                           0x080002df   Thumb Code    36  memcpya.o(.text)
    __aeabi_memcpy4                          0x080002df   Thumb Code     0  memcpya.o(.text)
    __aeabi_memcpy8                          0x080002df   Thumb Code     0  memcpya.o(.text)
    strcmp                                   0x08000303   Thumb Code    28  strcmp.o(.text)
    __aeabi_llsl                             0x0800031f   Thumb Code    30  llshl.o(.text)
    _ll_shift_l                              0x0800031f   Thumb Code     0  llshl.o(.text)
    __aeabi_llsr                             0x0800033d   Thumb Code    32  llushr.o(.text)
    _ll_ushift_r                             0x0800033d   Thumb Code     0  llushr.o(.text)
    __scatterload                            0x0800035d   Thumb Code    28  init.o(.text)
    __scatterload_rt2                        0x0800035d   Thumb Code     0  init.o(.text)
    BusFault_Handler                         0x08000381   Thumb Code     2  stm32f4xx_it.o(i.BusFault_Handler)
    DMA1_Stream0_IRQHandler                  0x08000385   Thumb Code     6  stm32f4xx_it.o(i.DMA1_Stream0_IRQHandler)
    DMA1_Stream6_IRQHandler                  0x08000391   Thumb Code     6  stm32f4xx_it.o(i.DMA1_Stream6_IRQHandler)
    DebugMon_Handler                         0x08000419   Thumb Code     2  stm32f4xx_it.o(i.DebugMon_Handler)
    FSMC_NORSRAM_Extended_Timing_Init        0x0800041d   Thumb Code    60  stm32f4xx_ll_fsmc.o(i.FSMC_NORSRAM_Extended_Timing_Init)
    FSMC_NORSRAM_Init                        0x0800045d   Thumb Code    80  stm32f4xx_ll_fsmc.o(i.FSMC_NORSRAM_Init)
    FSMC_NORSRAM_Timing_Init                 0x080004b1   Thumb Code    64  stm32f4xx_ll_fsmc.o(i.FSMC_NORSRAM_Timing_Init)
    GT9147_Init                              0x080004f5   Thumb Code   270  gt9147.o(i.GT9147_Init)
    GT9147_RD_Reg                            0x08000619   Thumb Code    40  gt9147.o(i.GT9147_RD_Reg)
    GT9147_Scan                              0x08000645   Thumb Code   354  gt9147.o(i.GT9147_Scan)
    GT9147_Send_Cfg                          0x080007b9   Thumb Code    82  gt9147.o(i.GT9147_Send_Cfg)
    GT9147_WR_Reg                            0x08000811   Thumb Code    40  gt9147.o(i.GT9147_WR_Reg)
    HAL_DMA_IRQHandler                       0x0800083d   Thumb Code   412  stm32f4xx_hal_dma.o(i.HAL_DMA_IRQHandler)
    HAL_DMA_Init                             0x080009dd   Thumb Code   206  stm32f4xx_hal_dma.o(i.HAL_DMA_Init)
    HAL_GPIO_Init                            0x08000b51   Thumb Code   388  stm32f4xx_hal_gpio.o(i.HAL_GPIO_Init)
    HAL_GPIO_WritePin                        0x08000d01   Thumb Code    10  stm32f4xx_hal_gpio.o(i.HAL_GPIO_WritePin)
    HAL_GetTick                              0x08000d0d   Thumb Code     6  stm32f4xx_hal.o(i.HAL_GetTick)
    HAL_I2C_Init                             0x08000d19   Thumb Code   254  stm32f4xx_hal_i2c.o(i.HAL_I2C_Init)
    HAL_I2C_Mem_Read                         0x08000e21   Thumb Code   496  stm32f4xx_hal_i2c.o(i.HAL_I2C_Mem_Read)
    HAL_I2C_Mem_Write                        0x0800101d   Thumb Code   306  stm32f4xx_hal_i2c.o(i.HAL_I2C_Mem_Write)
    HAL_I2C_MspInit                          0x08001159   Thumb Code   184  i2c.o(i.HAL_I2C_MspInit)
    HAL_IncTick                              0x08001235   Thumb Code    12  stm32f4xx_hal.o(i.HAL_IncTick)
    HAL_Init                                 0x08001245   Thumb Code    48  stm32f4xx_hal.o(i.HAL_Init)
    HAL_InitTick                             0x08001279   Thumb Code   102  stm32f4xx_hal_timebase_tim.o(i.HAL_InitTick)
    HAL_MspInit                              0x080012ed   Thumb Code   126  stm32f4xx_hal_msp.o(i.HAL_MspInit)
    HAL_NVIC_EnableIRQ                       0x08001371   Thumb Code    22  stm32f4xx_hal_cortex.o(i.HAL_NVIC_EnableIRQ)
    HAL_NVIC_SetPriority                     0x08001389   Thumb Code    60  stm32f4xx_hal_cortex.o(i.HAL_NVIC_SetPriority)
    HAL_NVIC_SetPriorityGrouping             0x080013c9   Thumb Code    26  stm32f4xx_hal_cortex.o(i.HAL_NVIC_SetPriorityGrouping)
    HAL_RCC_ClockConfig                      0x080013ed   Thumb Code   286  stm32f4xx_hal_rcc.o(i.HAL_RCC_ClockConfig)
    HAL_RCC_GetClockConfig                   0x0800151d   Thumb Code    54  stm32f4xx_hal_rcc.o(i.HAL_RCC_GetClockConfig)
    HAL_RCC_GetHCLKFreq                      0x0800155d   Thumb Code     6  stm32f4xx_hal_rcc.o(i.HAL_RCC_GetHCLKFreq)
    HAL_RCC_GetPCLK1Freq                     0x08001569   Thumb Code    20  stm32f4xx_hal_rcc.o(i.HAL_RCC_GetPCLK1Freq)
    HAL_RCC_GetSysClockFreq                  0x08001589   Thumb Code    88  stm32f4xx_hal_rcc.o(i.HAL_RCC_GetSysClockFreq)
    HAL_RCC_OscConfig                        0x080015e9   Thumb Code   770  stm32f4xx_hal_rcc.o(i.HAL_RCC_OscConfig)
    HAL_SRAM_Init                            0x08001905   Thumb Code    86  stm32f4xx_hal_sram.o(i.HAL_SRAM_Init)
    HAL_SRAM_MspInit                         0x0800195b   Thumb Code     4  fsmc.o(i.HAL_SRAM_MspInit)
    HAL_SYSTICK_CLKSourceConfig              0x0800195f   Thumb Code    24  stm32f4xx_hal_cortex.o(i.HAL_SYSTICK_CLKSourceConfig)
    HAL_SYSTICK_Config                       0x08001977   Thumb Code    40  stm32f4xx_hal_cortex.o(i.HAL_SYSTICK_Config)
    HAL_TIMEx_BreakCallback                  0x0800199f   Thumb Code     2  stm32f4xx_hal_tim_ex.o(i.HAL_TIMEx_BreakCallback)
    HAL_TIMEx_CommutationCallback            0x080019a1   Thumb Code     2  stm32f4xx_hal_tim_ex.o(i.HAL_TIMEx_CommutationCallback)
    HAL_TIMEx_MasterConfigSynchronization    0x080019a3   Thumb Code    80  stm32f4xx_hal_tim_ex.o(i.HAL_TIMEx_MasterConfigSynchronization)
    HAL_TIM_Base_Init                        0x080019f3   Thumb Code    54  stm32f4xx_hal_tim.o(i.HAL_TIM_Base_Init)
    HAL_TIM_Base_MspInit                     0x08001a29   Thumb Code    30  tim.o(i.HAL_TIM_Base_MspInit)
    HAL_TIM_Base_Start_IT                    0x08001a51   Thumb Code    24  stm32f4xx_hal_tim.o(i.HAL_TIM_Base_Start_IT)
    HAL_TIM_ConfigClockSource                0x08001a69   Thumb Code   242  stm32f4xx_hal_tim.o(i.HAL_TIM_ConfigClockSource)
    HAL_TIM_IC_CaptureCallback               0x08001b5b   Thumb Code     2  stm32f4xx_hal_tim.o(i.HAL_TIM_IC_CaptureCallback)
    HAL_TIM_IRQHandler                       0x08001b5d   Thumb Code   358  stm32f4xx_hal_tim.o(i.HAL_TIM_IRQHandler)
    HAL_TIM_OC_DelayElapsedCallback          0x08001cc3   Thumb Code     2  stm32f4xx_hal_tim.o(i.HAL_TIM_OC_DelayElapsedCallback)
    HAL_TIM_PWM_PulseFinishedCallback        0x08001cc5   Thumb Code     2  stm32f4xx_hal_tim.o(i.HAL_TIM_PWM_PulseFinishedCallback)
    HAL_TIM_PeriodElapsedCallback            0x08001cc7   Thumb Code    14  main.o(i.HAL_TIM_PeriodElapsedCallback)
    HAL_TIM_TriggerCallback                  0x08001cd5   Thumb Code     2  stm32f4xx_hal_tim.o(i.HAL_TIM_TriggerCallback)
    HardFault_Handler                        0x08001cd7   Thumb Code     2  stm32f4xx_it.o(i.HardFault_Handler)
    LCD_Clear                                0x08002079   Thumb Code    98  lcd.o(i.LCD_Clear)
    LCD_Display_Dir                          0x080020e1   Thumb Code   304  lcd.o(i.LCD_Display_Dir)
    LCD_Fast_DrawPoint                       0x08002215   Thumb Code   276  lcd.o(i.LCD_Fast_DrawPoint)
    LCD_Fill                                 0x0800232d   Thumb Code   134  lcd.o(i.LCD_Fill)
    LCD_Init                                 0x080023b9   Thumb Code  4048  lcd.o(i.LCD_Init)
    LCD_RD_DATA                              0x0800338d   Thumb Code    20  lcd.o(i.LCD_RD_DATA)
    LCD_ReadReg                              0x080033a1   Thumb Code    20  lcd.o(i.LCD_ReadReg)
    LCD_Scan_Dir                             0x080033b5   Thumb Code   510  lcd.o(i.LCD_Scan_Dir)
    LCD_SetCursor                            0x080035b9   Thumb Code   344  lcd.o(i.LCD_SetCursor)
    LCD_ShowChar                             0x08003715   Thumb Code   190  lcd.o(i.LCD_ShowChar)
    LCD_ShowString                           0x080037e9   Thumb Code    84  lcd.o(i.LCD_ShowString)
    LCD_WR_DATA                              0x0800383d   Thumb Code    24  lcd.o(i.LCD_WR_DATA)
    LCD_WR_REG                               0x08003855   Thumb Code    24  lcd.o(i.LCD_WR_REG)
    LCD_WriteRAM_Prepare                     0x0800386d   Thumb Code    14  lcd.o(i.LCD_WriteRAM_Prepare)
    LCD_WriteReg                             0x08003881   Thumb Code    12  lcd.o(i.LCD_WriteReg)
    MX_DMA_Init                              0x0800388d   Thumb Code    56  dma.o(i.MX_DMA_Init)
    MX_FREERTOS_Init                         0x080038c9   Thumb Code    66  freertos.o(i.MX_FREERTOS_Init)
    MX_FSMC_Init                             0x08003915   Thumb Code    98  fsmc.o(i.MX_FSMC_Init)
    MX_GPIO_Init                             0x08003991   Thumb Code   156  gpio.o(i.MX_GPIO_Init)
    MX_I2C1_Init                             0x08003a35   Thumb Code    54  i2c.o(i.MX_I2C1_Init)
    MX_TIM3_Init                             0x08003a89   Thumb Code    90  tim.o(i.MX_TIM3_Init)
    MemManage_Handler                        0x08003afd   Thumb Code     2  stm32f4xx_it.o(i.MemManage_Handler)
    NMI_Handler                              0x08003aff   Thumb Code     2  stm32f4xx_it.o(i.NMI_Handler)
    StartDefaultTask                         0x08003b21   Thumb Code     8  freertos.o(i.StartDefaultTask)
    Start_lcd_Task                           0x08003b29   Thumb Code    46  freertos.o(i.Start_lcd_Task)
    SysTick_Handler                          0x08003b6d   Thumb Code     4  stm32f4xx_it.o(i.SysTick_Handler)
    SystemClock_Config                       0x08003b71   Thumb Code   148  main.o(i.SystemClock_Config)
    SystemInit                               0x08003c0d   Thumb Code    66  system_stm32f4xx.o(i.SystemInit)
    TIM2_IRQHandler                          0x08003c61   Thumb Code     6  stm32f4xx_it.o(i.TIM2_IRQHandler)
    TIM_Base_SetConfig                       0x08003c6d   Thumb Code   148  stm32f4xx_hal_tim.o(i.TIM_Base_SetConfig)
    TP_Init                                  0x08003d99   Thumb Code    52  touch.o(i.TP_Init)
    UsageFault_Handler                       0x08003dd9   Thumb Code     2  stm32f4xx_it.o(i.UsageFault_Handler)
    _Error_Handler                           0x08003ddb   Thumb Code     2  main.o(i._Error_Handler)
    __scatterload_copy                       0x08003ddd   Thumb Code    14  handlers.o(i.__scatterload_copy)
    __scatterload_null                       0x08003deb   Thumb Code     2  handlers.o(i.__scatterload_null)
    __scatterload_zeroinit                   0x08003ded   Thumb Code    14  handlers.o(i.__scatterload_zeroinit)
    ctp_test                                 0x08003dfd   Thumb Code   152  freertos.o(i.ctp_test)
    gui_draw_hline                           0x08003ea1   Thumb Code    22  freertos.o(i.gui_draw_hline)
    gui_fill_circle                          0x08003eb7   Thumb Code   182  freertos.o(i.gui_fill_circle)
    lcd_draw_bline                           0x08003f6d   Thumb Code   182  freertos.o(i.lcd_draw_bline)
    main                                     0x08004023   Thumb Code    38  main.o(i.main)
    opt_delay                                0x08004055   Thumb Code     8  delay.o(i.opt_delay)
    osDelay                                  0x0800405d   Thumb Code    14  cmsis_os.o(i.osDelay)
    osKernelStart                            0x0800406b   Thumb Code    10  cmsis_os.o(i.osKernelStart)
    osSemaphoreCreate                        0x08004075   Thumb Code    38  cmsis_os.o(i.osSemaphoreCreate)
    osSystickHandler                         0x0800409b   Thumb Code    20  cmsis_os.o(i.osSystickHandler)
    osThreadCreate                           0x080040af   Thumb Code    46  cmsis_os.o(i.osThreadCreate)
    pvPortMalloc                             0x080044f1   Thumb Code   210  heap_4.o(i.pvPortMalloc)
    pxPortInitialiseStack                    0x080045c9   Thumb Code    40  port.o(i.pxPortInitialiseStack)
    uxListRemove                             0x080045f5   Thumb Code    36  list.o(i.uxListRemove)
    vListInitialise                          0x08004619   Thumb Code    22  list.o(i.vListInitialise)
    vListInitialiseItem                      0x0800462f   Thumb Code     6  list.o(i.vListInitialiseItem)
    vListInsert                              0x08004635   Thumb Code    48  list.o(i.vListInsert)
    vListInsertEnd                           0x08004665   Thumb Code    24  list.o(i.vListInsertEnd)
    vPortEnterCritical                       0x0800467d   Thumb Code    54  port.o(i.vPortEnterCritical)
    vPortExitCritical                        0x080046bd   Thumb Code    34  port.o(i.vPortExitCritical)
    vPortFree                                0x080046e5   Thumb Code    88  heap_4.o(i.vPortFree)
    vPortSetupTimerInterrupt                 0x08004741   Thumb Code    26  port.o(i.vPortSetupTimerInterrupt)
    vTaskDelay                               0x08004761   Thumb Code    66  tasks.o(i.vTaskDelay)
    vTaskMissedYield                         0x080047ad   Thumb Code     8  tasks.o(i.vTaskMissedYield)
    vTaskPlaceOnEventList                    0x080047b9   Thumb Code    44  tasks.o(i.vTaskPlaceOnEventList)
    vTaskSetTimeOutState                     0x080047e9   Thumb Code    30  tasks.o(i.vTaskSetTimeOutState)
    vTaskStartScheduler                      0x0800480d   Thumb Code    86  tasks.o(i.vTaskStartScheduler)
    vTaskSuspendAll                          0x08004875   Thumb Code    10  tasks.o(i.vTaskSuspendAll)
    vTaskSwitchContext                       0x08004885   Thumb Code    82  tasks.o(i.vTaskSwitchContext)
    xPortStartScheduler                      0x080048e1   Thumb Code   202  port.o(i.xPortStartScheduler)
    xPortSysTickHandler                      0x080049c1   Thumb Code    38  port.o(i.xPortSysTickHandler)
    xQueueGenericCreate                      0x080049ed   Thumb Code    72  queue.o(i.xQueueGenericCreate)
    xQueueGenericReset                       0x08004a35   Thumb Code   132  queue.o(i.xQueueGenericReset)
    xQueueGenericSend                        0x08004abd   Thumb Code   346  queue.o(i.xQueueGenericSend)
    xTaskCheckForTimeOut                     0x08004c1d   Thumb Code   102  tasks.o(i.xTaskCheckForTimeOut)
    xTaskCreate                              0x08004c89   Thumb Code    86  tasks.o(i.xTaskCreate)
    xTaskGetSchedulerState                   0x08004ce1   Thumb Code    22  tasks.o(i.xTaskGetSchedulerState)
    xTaskIncrementTick                       0x08004cfd   Thumb Code   192  tasks.o(i.xTaskIncrementTick)
    xTaskPriorityDisinherit                  0x08004dc5   Thumb Code   144  tasks.o(i.xTaskPriorityDisinherit)
    xTaskRemoveFromEventList                 0x08004e5d   Thumb Code   108  tasks.o(i.xTaskRemoveFromEventList)
    xTaskResumeAll                           0x08004ed1   Thumb Code   182  tasks.o(i.xTaskResumeAll)
    asc2_1206                                0x08004f94   Data        1140  lcd.o(.constdata)
    asc2_1608                                0x08005408   Data        1520  lcd.o(.constdata)
    asc2_2412                                0x080059f8   Data        3420  lcd.o(.constdata)
    GT9147_CFG_TBL                           0x08006754   Data         184  gt9147.o(.constdata)
    GT9147_TPX_TBL                           0x0800680c   Data          10  gt9147.o(.constdata)
    POINT_COLOR_TBL                          0x08006818   Data          10  freertos.o(.constdata)
    AHBPrescTable                            0x08006854   Data          16  system_stm32f4xx.o(.constdata)
    APBPrescTable                            0x08006864   Data           8  system_stm32f4xx.o(.constdata)
    Region$$Table$$Base                      0x08006884   Number         0  anon$$obj.o(Region$$Table)
    Region$$Table$$Limit                     0x080068a4   Number         0  anon$$obj.o(Region$$Table)
    POINT_COLOR                              0x20000000   Data           2  lcd.o(.data)
    BACK_COLOR                               0x20000002   Data           2  lcd.o(.data)
    CMD_RDX                                  0x20000008   Data           1  touch.o(.data)
    CMD_RDY                                  0x20000009   Data           1  touch.o(.data)
    tp_dev                                   0x2000000c   Data          48  touch.o(.data)
    defaultTaskHandle                        0x2000003c   Data           4  freertos.o(.data)
    BinarySem01Handle                        0x20000040   Data           4  freertos.o(.data)
    lcd_TaskHandle                           0x20000044   Data           4  freertos.o(.data)
    uwTickFreq                               0x20000050   Data           1  stm32f4xx_hal.o(.data)
    uwTickPrio                               0x20000054   Data           4  stm32f4xx_hal.o(.data)
    uwTick                                   0x20000058   Data           4  stm32f4xx_hal.o(.data)
    SystemCoreClock                          0x2000005c   Data           4  system_stm32f4xx.o(.data)
    pxCurrentTCB                             0x20000084   Data           4  tasks.o(.data)
    lcddev                                   0x200000c0   Data          14  lcd.o(.bss)
    hsram1                                   0x200000d0   Data          80  fsmc.o(.bss)
    hi2c1                                    0x20000120   Data          84  i2c.o(.bss)
    hdma_i2c1_rx                             0x20000174   Data          96  i2c.o(.bss)
    hdma_i2c1_tx                             0x200001d4   Data          96  i2c.o(.bss)
    htim3                                    0x20000234   Data          60  tim.o(.bss)
    htim2                                    0x20000270   Data          60  stm32f4xx_hal_timebase_tim.o(.bss)
    __initial_sp                             0x20004fa0   Data           0  startup_stm32f407xx.o(STACK)



==============================================================================

Memory Map of the image

  Image Entry point : 0x08000189

  Load Region LR_IROM1 (Base: 0x08000000, Size: 0x00006964, Max: 0x00080000, ABSOLUTE)

    Execution Region ER_IROM1 (Base: 0x08000000, Size: 0x000068a4, Max: 0x00080000, ABSOLUTE)

    Base Addr    Size         Type   Attr      Idx    E Section Name        Object

    0x08000000   0x00000188   Data   RO            3    RESET               startup_stm32f407xx.o
    0x08000188   0x00000000   Code   RO         4927  * .ARM.Collect$$$$00000000  mc_w.l(entry.o)
    0x08000188   0x00000004   Code   RO         4944    .ARM.Collect$$$$00000001  mc_w.l(entry2.o)
    0x0800018c   0x00000004   Code   RO         4947    .ARM.Collect$$$$00000004  mc_w.l(entry5.o)
    0x08000190   0x00000000   Code   RO         4949    .ARM.Collect$$$$00000008  mc_w.l(entry7b.o)
    0x08000190   0x00000000   Code   RO         4951    .ARM.Collect$$$$0000000A  mc_w.l(entry8b.o)
    0x08000190   0x00000008   Code   RO         4952    .ARM.Collect$$$$0000000B  mc_w.l(entry9a.o)
    0x08000198   0x00000000   Code   RO         4954    .ARM.Collect$$$$0000000D  mc_w.l(entry10a.o)
    0x08000198   0x00000000   Code   RO         4956    .ARM.Collect$$$$0000000F  mc_w.l(entry11a.o)
    0x08000198   0x00000004   Code   RO         4945    .ARM.Collect$$$$00002712  mc_w.l(entry2.o)
    0x0800019c   0x000000ba   Code   RO         3833    .emb_text           port.o
    0x08000256   0x00000002   PAD
    0x08000258   0x00000024   Code   RO            4    .text               startup_stm32f407xx.o
    0x0800027c   0x00000062   Code   RO         4930    .text               mc_w.l(uldiv.o)
    0x080002de   0x00000024   Code   RO         4932    .text               mc_w.l(memcpya.o)
    0x08000302   0x0000001c   Code   RO         4934    .text               mc_w.l(strcmp.o)
    0x0800031e   0x0000001e   Code   RO         4958    .text               mc_w.l(llshl.o)
    0x0800033c   0x00000020   Code   RO         4960    .text               mc_w.l(llushr.o)
    0x0800035c   0x00000024   Code   RO         4965    .text               mc_w.l(init.o)
    0x08000380   0x00000002   Code   RO          986    i.BusFault_Handler  stm32f4xx_it.o
    0x08000382   0x00000002   PAD
    0x08000384   0x0000000c   Code   RO          987    i.DMA1_Stream0_IRQHandler  stm32f4xx_it.o
    0x08000390   0x0000000c   Code   RO          988    i.DMA1_Stream6_IRQHandler  stm32f4xx_it.o
    0x0800039c   0x00000028   Code   RO         3123    i.DMA_CalcBaseAndBitshift  stm32f4xx_hal_dma.o
    0x080003c4   0x00000054   Code   RO         3124    i.DMA_CheckFifoParam  stm32f4xx_hal_dma.o
    0x08000418   0x00000002   Code   RO          989    i.DebugMon_Handler  stm32f4xx_it.o
    0x0800041a   0x00000002   PAD
    0x0800041c   0x00000040   Code   RO         1140    i.FSMC_NORSRAM_Extended_Timing_Init  stm32f4xx_ll_fsmc.o
    0x0800045c   0x00000054   Code   RO         1141    i.FSMC_NORSRAM_Init  stm32f4xx_ll_fsmc.o
    0x080004b0   0x00000044   Code   RO         1142    i.FSMC_NORSRAM_Timing_Init  stm32f4xx_ll_fsmc.o
    0x080004f4   0x00000124   Code   RO          500    i.GT9147_Init       gt9147.o
    0x08000618   0x0000002c   Code   RO          501    i.GT9147_RD_Reg     gt9147.o
    0x08000644   0x00000174   Code   RO          502    i.GT9147_Scan       gt9147.o
    0x080007b8   0x00000058   Code   RO          503    i.GT9147_Send_Cfg   gt9147.o
    0x08000810   0x0000002c   Code   RO          504    i.GT9147_WR_Reg     gt9147.o
    0x0800083c   0x000001a0   Code   RO         3131    i.HAL_DMA_IRQHandler  stm32f4xx_hal_dma.o
    0x080009dc   0x000000d4   Code   RO         3132    i.HAL_DMA_Init      stm32f4xx_hal_dma.o
    0x08000ab0   0x000000a0   Code   RO          848    i.HAL_FSMC_MspInit  fsmc.o
    0x08000b50   0x000001b0   Code   RO         3019    i.HAL_GPIO_Init     stm32f4xx_hal_gpio.o
    0x08000d00   0x0000000a   Code   RO         3023    i.HAL_GPIO_WritePin  stm32f4xx_hal_gpio.o
    0x08000d0a   0x00000002   PAD
    0x08000d0c   0x0000000c   Code   RO         3551    i.HAL_GetTick       stm32f4xx_hal.o
    0x08000d18   0x00000108   Code   RO         1389    i.HAL_I2C_Init      stm32f4xx_hal_i2c.o
    0x08000e20   0x000001fc   Code   RO         1405    i.HAL_I2C_Mem_Read  stm32f4xx_hal_i2c.o
    0x0800101c   0x0000013c   Code   RO         1408    i.HAL_I2C_Mem_Write  stm32f4xx_hal_i2c.o
    0x08001158   0x000000dc   Code   RO          897    i.HAL_I2C_MspInit   i2c.o
    0x08001234   0x00000010   Code   RO         3555    i.HAL_IncTick       stm32f4xx_hal.o
    0x08001244   0x00000034   Code   RO         3556    i.HAL_Init          stm32f4xx_hal.o
    0x08001278   0x00000074   Code   RO         1092    i.HAL_InitTick      stm32f4xx_hal_timebase_tim.o
    0x080012ec   0x00000084   Code   RO         1068    i.HAL_MspInit       stm32f4xx_hal_msp.o
    0x08001370   0x00000016   Code   RO         3408    i.HAL_NVIC_EnableIRQ  stm32f4xx_hal_cortex.o
    0x08001386   0x00000002   PAD
    0x08001388   0x00000040   Code   RO         3414    i.HAL_NVIC_SetPriority  stm32f4xx_hal_cortex.o
    0x080013c8   0x00000024   Code   RO         3415    i.HAL_NVIC_SetPriorityGrouping  stm32f4xx_hal_cortex.o
    0x080013ec   0x00000130   Code   RO         2665    i.HAL_RCC_ClockConfig  stm32f4xx_hal_rcc.o
    0x0800151c   0x00000040   Code   RO         2669    i.HAL_RCC_GetClockConfig  stm32f4xx_hal_rcc.o
    0x0800155c   0x0000000c   Code   RO         2670    i.HAL_RCC_GetHCLKFreq  stm32f4xx_hal_rcc.o
    0x08001568   0x00000020   Code   RO         2672    i.HAL_RCC_GetPCLK1Freq  stm32f4xx_hal_rcc.o
    0x08001588   0x00000060   Code   RO         2674    i.HAL_RCC_GetSysClockFreq  stm32f4xx_hal_rcc.o
    0x080015e8   0x0000031c   Code   RO         2677    i.HAL_RCC_OscConfig  stm32f4xx_hal_rcc.o
    0x08001904   0x00000056   Code   RO         1262    i.HAL_SRAM_Init     stm32f4xx_hal_sram.o
    0x0800195a   0x00000004   Code   RO          850    i.HAL_SRAM_MspInit  fsmc.o
    0x0800195e   0x00000018   Code   RO         3417    i.HAL_SYSTICK_CLKSourceConfig  stm32f4xx_hal_cortex.o
    0x08001976   0x00000028   Code   RO         3419    i.HAL_SYSTICK_Config  stm32f4xx_hal_cortex.o
    0x0800199e   0x00000002   Code   RO         2425    i.HAL_TIMEx_BreakCallback  stm32f4xx_hal_tim_ex.o
    0x080019a0   0x00000002   Code   RO         2426    i.HAL_TIMEx_CommutationCallback  stm32f4xx_hal_tim_ex.o
    0x080019a2   0x00000050   Code   RO         2442    i.HAL_TIMEx_MasterConfigSynchronization  stm32f4xx_hal_tim_ex.o
    0x080019f2   0x00000036   Code   RO         1796    i.HAL_TIM_Base_Init  stm32f4xx_hal_tim.o
    0x08001a28   0x00000028   Code   RO          939    i.HAL_TIM_Base_MspInit  tim.o
    0x08001a50   0x00000018   Code   RO         1801    i.HAL_TIM_Base_Start_IT  stm32f4xx_hal_tim.o
    0x08001a68   0x000000f2   Code   RO         1805    i.HAL_TIM_ConfigClockSource  stm32f4xx_hal_tim.o
    0x08001b5a   0x00000002   Code   RO         1825    i.HAL_TIM_IC_CaptureCallback  stm32f4xx_hal_tim.o
    0x08001b5c   0x00000166   Code   RO         1838    i.HAL_TIM_IRQHandler  stm32f4xx_hal_tim.o
    0x08001cc2   0x00000002   Code   RO         1841    i.HAL_TIM_OC_DelayElapsedCallback  stm32f4xx_hal_tim.o
    0x08001cc4   0x00000002   Code   RO         1868    i.HAL_TIM_PWM_PulseFinishedCallback  stm32f4xx_hal_tim.o
    0x08001cc6   0x0000000e   Code   RO          647    i.HAL_TIM_PeriodElapsedCallback  main.o
    0x08001cd4   0x00000002   Code   RO         1879    i.HAL_TIM_TriggerCallback  stm32f4xx_hal_tim.o
    0x08001cd6   0x00000002   Code   RO          990    i.HardFault_Handler  stm32f4xx_it.o
    0x08001cd8   0x00000028   Code   RO         1427    i.I2C_IsAcknowledgeFailed  stm32f4xx_hal_i2c.o
    0x08001d00   0x000000f0   Code   RO         1436    i.I2C_RequestMemoryRead  stm32f4xx_hal_i2c.o
    0x08001df0   0x000000a0   Code   RO         1437    i.I2C_RequestMemoryWrite  stm32f4xx_hal_i2c.o
    0x08001e90   0x0000004e   Code   RO         1440    i.I2C_WaitOnBTFFlagUntilTimeout  stm32f4xx_hal_i2c.o
    0x08001ede   0x00000060   Code   RO         1441    i.I2C_WaitOnFlagUntilTimeout  stm32f4xx_hal_i2c.o
    0x08001f3e   0x00000002   PAD
    0x08001f40   0x00000088   Code   RO         1442    i.I2C_WaitOnMasterAddressFlagUntilTimeout  stm32f4xx_hal_i2c.o
    0x08001fc8   0x00000062   Code   RO         1443    i.I2C_WaitOnRXNEFlagUntilTimeout  stm32f4xx_hal_i2c.o
    0x0800202a   0x0000004e   Code   RO         1444    i.I2C_WaitOnTXEFlagUntilTimeout  stm32f4xx_hal_i2c.o
    0x08002078   0x00000068   Code   RO           14    i.LCD_Clear         lcd.o
    0x080020e0   0x00000134   Code   RO           18    i.LCD_Display_Dir   lcd.o
    0x08002214   0x00000118   Code   RO           23    i.LCD_Fast_DrawPoint  lcd.o
    0x0800232c   0x0000008c   Code   RO           24    i.LCD_Fill          lcd.o
    0x080023b8   0x00000fd4   Code   RO           25    i.LCD_Init          lcd.o
    0x0800338c   0x00000014   Code   RO           27    i.LCD_RD_DATA       lcd.o
    0x080033a0   0x00000014   Code   RO           29    i.LCD_ReadReg       lcd.o
    0x080033b4   0x00000204   Code   RO           31    i.LCD_Scan_Dir      lcd.o
    0x080035b8   0x0000015c   Code   RO           32    i.LCD_SetCursor     lcd.o
    0x08003714   0x000000d4   Code   RO           34    i.LCD_ShowChar      lcd.o
    0x080037e8   0x00000054   Code   RO           36    i.LCD_ShowString    lcd.o
    0x0800383c   0x00000018   Code   RO           38    i.LCD_WR_DATA       lcd.o
    0x08003854   0x00000018   Code   RO           39    i.LCD_WR_REG        lcd.o
    0x0800386c   0x00000014   Code   RO           41    i.LCD_WriteRAM_Prepare  lcd.o
    0x08003880   0x0000000c   Code   RO           42    i.LCD_WriteReg      lcd.o
    0x0800388c   0x0000003c   Code   RO          729    i.MX_DMA_Init       dma.o
    0x080038c8   0x0000004c   Code   RO          754    i.MX_FREERTOS_Init  freertos.o
    0x08003914   0x0000007c   Code   RO          851    i.MX_FSMC_Init      fsmc.o
    0x08003990   0x000000a4   Code   RO          705    i.MX_GPIO_Init      gpio.o
    0x08003a34   0x00000054   Code   RO          898    i.MX_I2C1_Init      i2c.o
    0x08003a88   0x00000074   Code   RO          940    i.MX_TIM3_Init      tim.o
    0x08003afc   0x00000002   Code   RO          991    i.MemManage_Handler  stm32f4xx_it.o
    0x08003afe   0x00000002   Code   RO          992    i.NMI_Handler       stm32f4xx_it.o
    0x08003b00   0x00000020   Code   RO         3421    i.NVIC_SetPriority  stm32f4xx_hal_cortex.o
    0x08003b20   0x00000008   Code   RO          755    i.StartDefaultTask  freertos.o
    0x08003b28   0x00000044   Code   RO          756    i.Start_lcd_Task    freertos.o
    0x08003b6c   0x00000004   Code   RO          993    i.SysTick_Handler   stm32f4xx_it.o
    0x08003b70   0x0000009c   Code   RO          648    i.SystemClock_Config  main.o
    0x08003c0c   0x00000054   Code   RO         3710    i.SystemInit        system_stm32f4xx.o
    0x08003c60   0x0000000c   Code   RO          994    i.TIM2_IRQHandler   stm32f4xx_it.o
    0x08003c6c   0x000000c0   Code   RO         1880    i.TIM_Base_SetConfig  stm32f4xx_hal_tim.o
    0x08003d2c   0x00000014   Code   RO         1887    i.TIM_ETR_SetConfig  stm32f4xx_hal_tim.o
    0x08003d40   0x00000010   Code   RO         1888    i.TIM_ITRx_SetConfig  stm32f4xx_hal_tim.o
    0x08003d50   0x00000022   Code   RO         1894    i.TIM_TI1_ConfigInputStage  stm32f4xx_hal_tim.o
    0x08003d72   0x00000024   Code   RO         1896    i.TIM_TI2_ConfigInputStage  stm32f4xx_hal_tim.o
    0x08003d96   0x00000002   PAD
    0x08003d98   0x00000040   Code   RO          567    i.TP_Init           touch.o
    0x08003dd8   0x00000002   Code   RO          995    i.UsageFault_Handler  stm32f4xx_it.o
    0x08003dda   0x00000002   Code   RO          649    i._Error_Handler    main.o
    0x08003ddc   0x0000000e   Code   RO         4969    i.__scatterload_copy  mc_w.l(handlers.o)
    0x08003dea   0x00000002   Code   RO         4970    i.__scatterload_null  mc_w.l(handlers.o)
    0x08003dec   0x0000000e   Code   RO         4971    i.__scatterload_zeroinit  mc_w.l(handlers.o)
    0x08003dfa   0x00000002   PAD
    0x08003dfc   0x000000a4   Code   RO          757    i.ctp_test          freertos.o
    0x08003ea0   0x00000016   Code   RO          758    i.gui_draw_hline    freertos.o
    0x08003eb6   0x000000b6   Code   RO          759    i.gui_fill_circle   freertos.o
    0x08003f6c   0x000000b6   Code   RO          760    i.lcd_draw_bline    freertos.o
    0x08004022   0x00000026   Code   RO          650    i.main              main.o
    0x08004048   0x0000000c   Code   RO         4547    i.makeFreeRtosPriority  cmsis_os.o
    0x08004054   0x00000008   Code   RO          393    i.opt_delay         delay.o
    0x0800405c   0x0000000e   Code   RO         4549    i.osDelay           cmsis_os.o
    0x0800406a   0x0000000a   Code   RO         4552    i.osKernelStart     cmsis_os.o
    0x08004074   0x00000026   Code   RO         4578    i.osSemaphoreCreate  cmsis_os.o
    0x0800409a   0x00000014   Code   RO         4585    i.osSystickHandler  cmsis_os.o
    0x080040ae   0x0000002e   Code   RO         4586    i.osThreadCreate    cmsis_os.o
    0x080040dc   0x00000070   Code   RO         4236    i.prvAddCurrentTaskToDelayedList  tasks.o
    0x0800414c   0x000000d0   Code   RO         4237    i.prvAddNewTaskToReadyList  tasks.o
    0x0800421c   0x00000050   Code   RO         4238    i.prvCheckTasksWaitingTermination  tasks.o
    0x0800426c   0x0000006c   Code   RO         4085    i.prvCopyDataToQueue  queue.o
    0x080042d8   0x00000014   Code   RO         4239    i.prvDeleteTCB      tasks.o
    0x080042ec   0x0000004c   Code   RO         3747    i.prvHeapInit       heap_4.o
    0x08004338   0x00000028   Code   RO         4240    i.prvIdleTask       tasks.o
    0x08004360   0x0000008e   Code   RO         4241    i.prvInitialiseNewTask  tasks.o
    0x080043ee   0x00000002   PAD
    0x080043f0   0x0000004c   Code   RO         3748    i.prvInsertBlockIntoFreeList  heap_4.o
    0x0800443c   0x00000020   Code   RO         4242    i.prvResetNextTaskUnblockTime  tasks.o
    0x0800445c   0x00000028   Code   RO         3834    i.prvTaskExitError  port.o
    0x08004484   0x0000006a   Code   RO         4087    i.prvUnlockQueue    queue.o
    0x080044ee   0x00000002   PAD
    0x080044f0   0x000000d8   Code   RO         3749    i.pvPortMalloc      heap_4.o
    0x080045c8   0x0000002c   Code   RO         3835    i.pxPortInitialiseStack  port.o
    0x080045f4   0x00000024   Code   RO         4035    i.uxListRemove      list.o
    0x08004618   0x00000016   Code   RO         4036    i.vListInitialise   list.o
    0x0800462e   0x00000006   Code   RO         4037    i.vListInitialiseItem  list.o
    0x08004634   0x00000030   Code   RO         4038    i.vListInsert       list.o
    0x08004664   0x00000018   Code   RO         4039    i.vListInsertEnd    list.o
    0x0800467c   0x00000040   Code   RO         3837    i.vPortEnterCritical  port.o
    0x080046bc   0x00000028   Code   RO         3838    i.vPortExitCritical  port.o
    0x080046e4   0x0000005c   Code   RO         3750    i.vPortFree         heap_4.o
    0x08004740   0x00000020   Code   RO         3839    i.vPortSetupTimerInterrupt  port.o
    0x08004760   0x0000004c   Code   RO         4250    i.vTaskDelay        tasks.o
    0x080047ac   0x0000000c   Code   RO         4253    i.vTaskMissedYield  tasks.o
    0x080047b8   0x00000030   Code   RO         4255    i.vTaskPlaceOnEventList  tasks.o
    0x080047e8   0x00000024   Code   RO         4260    i.vTaskSetTimeOutState  tasks.o
    0x0800480c   0x00000068   Code   RO         4261    i.vTaskStartScheduler  tasks.o
    0x08004874   0x00000010   Code   RO         4263    i.vTaskSuspendAll   tasks.o
    0x08004884   0x0000005c   Code   RO         4264    i.vTaskSwitchContext  tasks.o
    0x080048e0   0x000000e0   Code   RO         3841    i.xPortStartScheduler  port.o
    0x080049c0   0x0000002c   Code   RO         3842    i.xPortSysTickHandler  port.o
    0x080049ec   0x00000048   Code   RO         4095    i.xQueueGenericCreate  queue.o
    0x08004a34   0x00000088   Code   RO         4097    i.xQueueGenericReset  queue.o
    0x08004abc   0x00000160   Code   RO         4098    i.xQueueGenericSend  queue.o
    0x08004c1c   0x0000006c   Code   RO         4265    i.xTaskCheckForTimeOut  tasks.o
    0x08004c88   0x00000056   Code   RO         4266    i.xTaskCreate       tasks.o
    0x08004cde   0x00000002   PAD
    0x08004ce0   0x0000001c   Code   RO         4270    i.xTaskGetSchedulerState  tasks.o
    0x08004cfc   0x000000c8   Code   RO         4273    i.xTaskIncrementTick  tasks.o
    0x08004dc4   0x00000098   Code   RO         4276    i.xTaskPriorityDisinherit  tasks.o
    0x08004e5c   0x00000074   Code   RO         4277    i.xTaskRemoveFromEventList  tasks.o
    0x08004ed0   0x000000c4   Code   RO         4279    i.xTaskResumeAll    tasks.o
    0x08004f94   0x000017c0   Data   RO           44    .constdata          lcd.o
    0x08006754   0x000000c2   Data   RO          505    .constdata          gt9147.o
    0x08006816   0x00000002   PAD
    0x08006818   0x00000034   Data   RO          762    .constdata          freertos.o
    0x0800684c   0x00000008   Data   RO         3138    .constdata          stm32f4xx_hal_dma.o
    0x08006854   0x00000010   Data   RO         3711    .constdata          system_stm32f4xx.o
    0x08006864   0x00000008   Data   RO         3712    .constdata          system_stm32f4xx.o
    0x0800686c   0x00000018   Data   RO          763    .conststring        freertos.o
    0x08006884   0x00000020   Data   RO         4967    Region$$Table       anon$$obj.o


    Execution Region RW_IRAM1 (Base: 0x20000000, Size: 0x00004fa0, Max: 0x00020000, ABSOLUTE)

    Base Addr    Size         Type   Attr      Idx    E Section Name        Object

    0x20000000   0x00000004   Data   RW           45    .data               lcd.o
    0x20000004   0x00000001   Data   RW          506    .data               gt9147.o
    0x20000005   0x00000003   PAD
    0x20000008   0x00000034   Data   RW          574    .data               touch.o
    0x2000003c   0x0000000c   Data   RW          765    .data               freertos.o
    0x20000048   0x00000008   Data   RW          853    .data               fsmc.o
    0x20000050   0x0000000c   Data   RW         3563    .data               stm32f4xx_hal.o
    0x2000005c   0x00000004   Data   RW         3713    .data               system_stm32f4xx.o
    0x20000060   0x00000018   Data   RW         3755    .data               heap_4.o
    0x20000078   0x0000000c   Data   RW         3843    .data               port.o
    0x20000084   0x0000003c   Data   RW         4282    .data               tasks.o
    0x200000c0   0x0000000e   Zero   RW           43    .bss                lcd.o
    0x200000ce   0x00000002   PAD
    0x200000d0   0x00000050   Zero   RW          852    .bss                fsmc.o
    0x20000120   0x00000114   Zero   RW          899    .bss                i2c.o
    0x20000234   0x0000003c   Zero   RW          942    .bss                tim.o
    0x20000270   0x0000003c   Zero   RW         1095    .bss                stm32f4xx_hal_timebase_tim.o
    0x200002ac   0x00003c00   Zero   RW         3754    .bss                heap_4.o
    0x20003eac   0x000000f0   Zero   RW         4281    .bss                tasks.o
    0x20003f9c   0x00000004   PAD
    0x20003fa0   0x00001000   Zero   RW            1    STACK               startup_stm32f407xx.o


==============================================================================

Image component sizes


      Code (inc. data)   RO Data    RW Data    ZI Data      Debug   Object Name

       140          0          0          0          0      13756   cmsis_os.o
         8          0          0          0          0       2384   delay.o
        60          4          0          0          0        742   dma.o
         0          0          0          0          0       8020   event_groups.o
       702         44         76         12          0       5335   freertos.o
       288         50          0          8         80       2151   fsmc.o
       164          8          0          0          0       1015   gpio.o
       840         54        194          1          0       4412   gt9147.o
       460         24          0         24      15360       8503   heap_4.o
       304         66          0          0        276       1739   i2c.o
      6164         92       6080          4         14     725619   lcd.o
       136          0          0          0          0       3302   list.o
       210          8          0          0          0       2749   main.o
       674         74          0         12          0      10876   port.o
       774         10          0          0          0       6843   queue.o
        36          8        392          0       4096        824   startup_stm32f407xx.o
        80         14          0         12          0       3198   stm32f4xx_hal.o
       218         14          0          0          0      30585   stm32f4xx_hal_cortex.o
       752         16          8          0          0       3668   stm32f4xx_hal_dma.o
       442         44          0          0          0       2172   stm32f4xx_hal_gpio.o
      2014         36          0          0          0      10966   stm32f4xx_hal_i2c.o
       132          6          0          0          0        890   stm32f4xx_hal_msp.o
      1304         80          0          0          0       5374   stm32f4xx_hal_rcc.o
        86          0          0          0          0       1092   stm32f4xx_hal_sram.o
       984         44          0          0          0       9195   stm32f4xx_hal_tim.o
        84          0          0          0          0       2322   stm32f4xx_hal_tim_ex.o
       116         14          0          0         60       1392   stm32f4xx_hal_timebase_tim.o
        52         18          0          0          0       4485   stm32f4xx_it.o
       216         12          0          0          0       2463   stm32f4xx_ll_fsmc.o
        84         18         24          4          0       1131   system_stm32f4xx.o
      1904        158          0         60        240      19686   tasks.o
       156         36          0          0         60       1542   tim.o
        64         12          0         52          0       1459   touch.o

    ----------------------------------------------------------------------
     19668        964       6808        192      20192     899890   Object Totals
         0          0         32          0          0          0   (incl. Generated)
        20          0          2          3          6          0   (incl. Padding)

    ----------------------------------------------------------------------

      Code (inc. data)   RO Data    RW Data    ZI Data      Debug   Library Member Name

         0          0          0          0          0          0   entry.o
         0          0          0          0          0          0   entry10a.o
         0          0          0          0          0          0   entry11a.o
         8          4          0          0          0          0   entry2.o
         4          0          0          0          0          0   entry5.o
         0          0          0          0          0          0   entry7b.o
         0          0          0          0          0          0   entry8b.o
         8          4          0          0          0          0   entry9a.o
        30          0          0          0          0          0   handlers.o
        36          8          0          0          0         68   init.o
        30          0          0          0          0         68   llshl.o
        32          0          0          0          0         68   llushr.o
        36          0          0          0          0         68   memcpya.o
        28          0          0          0          0         76   strcmp.o
        98          0          0          0          0         92   uldiv.o

    ----------------------------------------------------------------------
       312         16          0          0          0        440   Library Totals
         2          0          0          0          0          0   (incl. Padding)

    ----------------------------------------------------------------------

      Code (inc. data)   RO Data    RW Data    ZI Data      Debug   Library Name

       310         16          0          0          0        440   mc_w.l

    ----------------------------------------------------------------------
       312         16          0          0          0        440   Library Totals

    ----------------------------------------------------------------------

==============================================================================


      Code (inc. data)   RO Data    RW Data    ZI Data      Debug   

     19980        980       6808        192      20192     885678   Grand Totals
     19980        980       6808        192      20192     885678   ELF Image Totals
     19980        980       6808        192          0          0   ROM Totals

==============================================================================

    Total RO  Size (Code + RO Data)                26788 (  26.16kB)
    Total RW  Size (RW Data + ZI Data)             20384 (  19.91kB)
    Total ROM Size (Code + RO Data + RW Data)      26980 (  26.35kB)

==============================================================================

